 ARDOPC

 Timestamp is 58e399e7 (Tue Apr 04 14:04:39 2017)

 Preferred load address is 00400000

 Start         Length     Name                   Class
 0001:00000000 00027b0fH .text                   CODE
 0002:00000000 000001e0H .idata$5                DATA
 0002:000001e0 00000004H .CRT$XCA                DATA
 0002:000001e4 00000004H .CRT$XCZ                DATA
 0002:000001e8 00000004H .CRT$XIA                DATA
 0002:000001ec 00000014H .CRT$XIC                DATA
 0002:00000200 00000004H .CRT$XIY                DATA
 0002:00000204 00000004H .CRT$XIZ                DATA
 0002:00000208 00000004H .CRT$XPA                DATA
 0002:0000020c 00000004H .CRT$XPX                DATA
 0002:00000210 00000004H .CRT$XPXA               DATA
 0002:00000214 00000004H .CRT$XPZ                DATA
 0002:00000218 00000004H .CRT$XTA                DATA
 0002:0000021c 00000004H .CRT$XTZ                DATA
 0002:00000220 00015cb8H .rdata                  DATA
 0002:00015ed8 00000035H .rdata$debug            DATA
 0002:00015f10 0000000cH .rdata$sxdata           DATA
 0002:00015f1c 00000004H .rtc$IAA                DATA
 0002:00015f20 00000004H .rtc$IZZ                DATA
 0002:00015f24 00000004H .rtc$TAA                DATA
 0002:00015f28 00000004H .rtc$TZZ                DATA
 0002:00015f30 000004b4H .xdata$x                DATA
 0002:000163e4 0000003cH .idata$2                DATA
 0002:00016420 00000014H .idata$3                DATA
 0002:00016434 000001e0H .idata$4                DATA
 0002:00016614 00000764H .idata$6                DATA
 0002:00016d78 00000000H .edata                  DATA
 0003:00000000 00001b20H .data                   DATA
 0003:00001b20 000455d8H .bss                    DATA

  Address         Publics by Value              Rva+Base       Lib:Object

 0000:00000000       __except_list              00000000     <absolute>
 0000:00000003       ___safe_se_handler_count   00000003     <absolute>
 0000:00000000       ___ImageBase               00400000     <linker-defined>
 0001:00000000       _strlop                    00401000 f   ARDOPC.obj
 0001:00000020       _CheckValidCallsignSyntax  00401020 f   ARDOPC.obj
 0001:000000c0       _CheckGSSyntax             004010c0 f   ARDOPC.obj
 0001:00000190       _ardopmain                 00401190 f   ARDOPC.obj
 0001:000002c0       _Name                      004012c0 f   ARDOPC.obj
 0001:000002f0       _FrameInfo                 004012f0 f   ARDOPC.obj
 0001:00000bc0       _RSEncode                  00401bc0 f   ARDOPC.obj
 0001:00000c70       _RSDecode                  00401c70 f   ARDOPC.obj
 0001:00000e00       _EncodePSKData             00401e00 f   ARDOPC.obj
 0001:00000f80       _EncodeFSKData             00401f80 f   ARDOPC.obj
 0001:00001230       _EncodeARQConRequest       00402230 f   ARDOPC.obj
 0001:00001330       _Encode4FSKIDFrame         00402330 f   ARDOPC.obj
 0001:00001390       _EncodeConACKwTiming       00402390 f   ARDOPC.obj
 0001:000013e0       _EncodePingAck             004023e0 f   ARDOPC.obj
 0001:00001450       _EncodeDATAACK             00402450 f   ARDOPC.obj
 0001:00001490       _SendID                    00402490 f   ARDOPC.obj
 0001:00001570       _Send5SecTwoTone           00402570 f   ARDOPC.obj
 0001:000015e0       _ASCIIto6Bit               004025e0 f   ARDOPC.obj
 0001:000016f0       _Bit6ToASCII               004026f0 f   ARDOPC.obj
 0001:000017f0       _CompressCallsign          004027f0 f   ARDOPC.obj
 0001:000018e0       _CompressGridSquare        004028e0 f   ARDOPC.obj
 0001:00001970       _DeCompressCallsign        00402970 f   ARDOPC.obj
 0001:00001a70       _DeCompressGridSquare      00402a70 f   ARDOPC.obj
 0001:00001ae0       _ComputeTypeParity         00402ae0 f   ARDOPC.obj
 0001:00001b20       _FrameCode                 00402b20 f   ARDOPC.obj
 0001:00001b70       _GenCRC16                  00402b70 f   ARDOPC.obj
 0001:00001cd0       _CheckCRC16FrameType       00402cd0 f   ARDOPC.obj
 0001:00001d10       _ClearDataToSend           00402d10 f   ARDOPC.obj
 0001:00001d30       _RemoveDataFromQueue       00402d30 f   ARDOPC.obj
 0001:00001db0       _CheckTimers               00402db0 f   ARDOPC.obj
 0001:00002100       _UpdateBusyDetector        00403100 f   ARDOPC.obj
 0001:00002260       _SendPING                  00403260 f   ARDOPC.obj
 0001:00002340       _ProcessPingFrame          00403340 f   ARDOPC.obj
 0001:000023e0       _GenCRC8                   004033e0 f   ARQ.obj
 0001:00002490       _ComputeInterFrameInterval 00403490 f   ARQ.obj
 0001:000024b0       _SetARDOPProtocolState     004034b0 f   ARQ.obj
 0001:00002580       _GetNextARQFrame           00403580 f   ARQ.obj
 0001:00002960       _CalculateOptimumLeader    00403960 f   ARQ.obj
 0001:00002990       _IsCallToMe                00403990 f   ARQ.obj
 0001:00002ae0       _IsPingToMe                00403ae0 f   ARQ.obj
 0001:00002b80       _GetDataModes              00403b80 f   ARQ.obj
 0001:00002cc0       _Gearshift_8               00403cc0 f   ARQ.obj
 0001:00003020       _ComputeQualityAvg         00404020 f   ARQ.obj
 0001:00003080       _GetNumCarriers            00404080 f   ARQ.obj
 0001:000030e0       _SendData                  004040e0 f   ARQ.obj
 0001:00003470       _GetNextFrameData          00404470 f   ARQ.obj
 0001:000036f0       _InitializeConnection      004046f0 f   ARQ.obj
 0001:000037c0       _ProcessUnconnectedConReqFrame 004047c0 f   ARQ.obj
 0001:00003880       _ProcessRcvdARQFrame       00404880 f   ARQ.obj
 0001:00005160       _IRSNegotiateBW            00406160 f   ARQ.obj
 0001:000052e0       _SendARQConnectRequest     004062e0 f   ARQ.obj
 0001:000054a0       _Send10MinID               004064a0 f   ARQ.obj
 0001:00005510       _CheckForDisconnect        00406510 f   ARQ.obj
 0001:000055b0       _Break                     004065b0 f   ARQ.obj
 0001:00005600       _Abort                     00406600 f   ARQ.obj
 0001:00005630       _ClearTuningStats          00406630 f   ARQ.obj
 0001:00005720       _LogStats                  00406720 f   ARQ.obj
 0001:00005a90       _Modified_Berlekamp_Massey 00406a90 f   berlekamp.obj
 0001:00005cb0       _mult_polys                00406cb0 f   berlekamp.obj
 0001:00005e10       _Find_Roots                00406e10 f   berlekamp.obj
 0001:00005f00       _correct_errors_erasures   00406f00 f   berlekamp.obj
 0001:00006160       _ClearBusy                 00407160 f   BusyDetect.obj
 0001:000061b0       _BusyDetect3               004071b0 f   BusyDetect.obj
 0001:00006420       _compare                   00407420 f   BusyDetect.obj
 0001:00006460       _SortSignals2              00407460 f   BusyDetect.obj
 0001:000065b0       _StartFEC                  004075b0 f   FEC.obj
 0001:00006770       _GetNextFECFrame           00407770 f   FEC.obj
 0001:00006cd0       _ProcessRcvdFECDataFrame   00407cd0 f   FEC.obj
 0001:00006ed0       _NumberOfBitsNeeded        00407ed0 f   FFT.obj
 0001:00006f10       _FourierTransform          00407f10 f   FFT.obj
 0001:000075e0       _AddDataToDataToSend       004085e0 f   HostInterface.obj
 0001:00007650       _ProcessCommandFromHost    00408650 f   HostInterface.obj
 0001:00009750       _GetTwoToneLeaderWithSync  0040a750 f   Modulate.obj
 0001:000097c0       _SendLeaderAndSYNC         0040a7c0 f   Modulate.obj
 0001:000098f0       _Mod4FSKDataAndPlay        0040a8f0 f   Modulate.obj
 0001:00009d70       _Mod8FSKDataAndPlay        0040ad70 f   Modulate.obj
 0001:00009f30       _Mod16FSKDataAndPlay       0040af30 f   Modulate.obj
 0001:0000a0d0       _Mod4FSK600BdDataAndPlay   0040b0d0 f   Modulate.obj
 0001:0000a250       _ModPSKDataAndPlay         0040b250 f   Modulate.obj
 0001:0000a9a0       _AddTrailer                0040b9a0 f   Modulate.obj
 0001:0000a9f0       _RemodulateLastFrame       0040b9f0 f   Modulate.obj
 0001:0000ab80       _initFilter                0040bb80 f   Modulate.obj
 0001:0000ada0       _SampleSink                0040bda0 f   Modulate.obj
 0001:0000b170       _sendCWID                  0040c170 f   Modulate.obj
 0001:0000b5b0       _decode_data               0040c5b0 f   rs.obj
 0001:0000b770       _encode_data               0040c770 f   rs.obj
 0001:0000b870       _IsShortControlFrame       0040c870 f   SoundInput.obj
 0001:0000b8a0       _IsDataFrame               0040c8a0 f   SoundInput.obj
 0001:0000b900       _FSMixFilter2000Hz         0040c900 f   SoundInput.obj
 0001:0000bb70       _Filter75Hz                0040cb70 f   SoundInput.obj
 0001:0000bd70       _MixNCOFilter              0040cd70 f   SoundInput.obj
 0001:0000be80       _CorrectRawDataWithRS      0040ce80 f   SoundInput.obj
 0001:0000c000       _ProcessNewSamples         0040d000 f   SoundInput.obj
 0001:0000ccc0       _GoertzelRealImag          0040dcc0 f   SoundInput.obj
 0001:0000cea0       _GoertzelRealImagHanning   0040dea0 f   SoundInput.obj
 0001:0000d130       _GoertzelRealImagHamming   0040e130 f   SoundInput.obj
 0001:0000d4b0       _SpectralPeakLocator       0040e4b0 f   SoundInput.obj
 0001:0000d5c0       _SearchFor2ToneLeader3     0040e5c0 f   SoundInput.obj
 0001:0000e250       _Acquire2ToneLeaderSymbolFraming 0040f250 f   SoundInput.obj
 0001:0000e360       _EnvelopeCorrelator        0040f360 f   SoundInput.obj
 0001:0000e680       _AcquireFrameSyncRSB       0040f680 f   SoundInput.obj
 0001:0000e900       _DemodFrameType4FSK        0040f900 f   SoundInput.obj
 0001:0000eb20       _ComputeDecodeDistance     0040fb20 f   SoundInput.obj
 0001:0000ebd0       _MinimalDistanceFrameType  0040fbd0 f   SoundInput.obj
 0001:0000f300       _Acquire4FSKFrameType      00410300 f   SoundInput.obj
 0001:0000f400       _Demod1Car4FSK             00410400 f   SoundInput.obj
 0001:0000f600       _Demod1Car4FSKChar         00410600 f   SoundInput.obj
 0001:0000f920       _Demod1Car4FSK600          00410920 f   SoundInput.obj
 0001:0000fa90       _Demod1Car4FSK600Char      00410a90 f   SoundInput.obj
 0001:0000fc00       _Demod1Car8FSK             00410c00 f   SoundInput.obj
 0001:0000fd50       _Demod1Car8FSKChar         00410d50 f   SoundInput.obj
 0001:0000fed0       _Demod1Car16FSK            00410ed0 f   SoundInput.obj
 0001:00010040       _Demod1Car16FSKChar        00411040 f   SoundInput.obj
 0001:000101a0       _Decode4FSKConReq          004111a0 f   SoundInput.obj
 0001:00010340       _Compute4FSKSN             00411340 f   SoundInput.obj
 0001:00010450       _Decode4FSKPing            00411450 f   SoundInput.obj
 0001:00010630       _Decode4FSKConACK          00411630 f   SoundInput.obj
 0001:000106b0       _Decode4FSKPingACK         004116b0 f   SoundInput.obj
 0001:00010750       _Decode4FSKID              00411750 f   SoundInput.obj
 0001:000108b0       _DemodulateFrame           004118b0 f   SoundInput.obj
 0001:000109b0       _DecodeFrame               004119b0 f   SoundInput.obj
 0001:00010ff0       _Update4FSKConstellation   00411ff0 f   SoundInput.obj
 0001:000111d0       _Update16FSKConstellation  004121d0 f   SoundInput.obj
 0001:00011380       _Update8FSKConstellation   00412380 f   SoundInput.obj
 0001:00011490       _UpdatePhaseConstellation  00412490 f   SoundInput.obj
 0001:00011a00       _Decode1CarPSK             00412a00 f   SoundInput.obj
 0001:00011c50       _Track1CarPSK              00412c50 f   SoundInput.obj
 0001:00011e30       _CorrectPhaseForTuningOffset 00412e30 f   SoundInput.obj
 0001:00012070       _Decode1CarQAM             00413070 f   SoundInput.obj
 0001:000121c0       _InitDemodPSK              004131c0 f   SoundInput.obj
 0001:00012390       _DemodPSK                  00413390 f   SoundInput.obj
 0001:00012a10       _Demod1CarPSKChar          00413a10 f   SoundInput.obj
 0001:00012bf0       _InitDemodQAM              00413bf0 f   SoundInput.obj
 0001:00012d90       _WeightedAngleAvg          00413d90 f   SoundInput.obj
 0001:00012e40       _SaveQAMSamples            00413e40 f   SoundInput.obj
 0001:00012f30       _SavePSKSamples            00413f30 f   SoundInput.obj
 0001:00012fd0       _DemodQAM                  00413fd0 f   SoundInput.obj
 0001:000132f0       _Demod1CarQAMChar          004142f0 f   SoundInput.obj
 0001:000134f0       _SendCommandToHost         004144f0 f   TCPHostInterface.obj
 0001:00013570       _SendCommandToHostQuiet    00414570 f   TCPHostInterface.obj
 0001:000135f0       _AddTagToDataAndSendToHost 004145f0 f   TCPHostInterface.obj
 0001:000136a0       _ARDOPProcessCommand       004146a0 f   TCPHostInterface.obj
 0001:000136d0       _ProcessReceivedControl    004146d0 f   TCPHostInterface.obj
 0001:00013890       _ProcessReceivedData       00414890 f   TCPHostInterface.obj
 0001:00013a10       _OpenSocket4               00414a10 f   TCPHostInterface.obj
 0001:00013b30       _HostInit                  00414b30 f   TCPHostInterface.obj
 0001:00013bb0       _HostPoll                  00414bb0 f   TCPHostInterface.obj
 0001:00013ff0       _main                      00414ff0 f   Waveout.obj
 0001:000141a0       _printtick                 004151a0 f   Waveout.obj
 0001:000141e0       _txSleep                   004151e0 f   Waveout.obj
 0001:00014200       _SendtoCard                00415200 f   Waveout.obj
 0001:000142e0       _GetSoundDevices           004152e0 f   Waveout.obj
 0001:00014510       _InitSound                 00415510 f   Waveout.obj
 0001:00014710       _PollReceivedSamples       00415710 f   Waveout.obj
 0001:000148c0       _WriteDebugLog             004158c0 f   Waveout.obj
 0001:00014a40       _WriteExceptionLog         00415a40 f   Waveout.obj
 0001:00014b60       _Statsprintf               00415b60 f   Waveout.obj
 0001:00014c90       _SoundFlush                00415c90 f   Waveout.obj
 0001:00014dc0       _OpenCOMPort               00415dc0 f   Waveout.obj
 0001:00014fd0       _ReadCOMBlock              00415fd0 f   Waveout.obj
 0001:00015040       _WriteCOMBlock             00416040 f   Waveout.obj
 0001:00015090       _CloseCOMPort              00416090 f   Waveout.obj
 0001:000150b3       _rand                      004160b3 f   LIBCMT:rand.obj
 0001:000150d5       @__security_check_cookie@4 004160d5 f   LIBCMT:secchk.obj
 0001:00015100       _strchr                    00416100 f   LIBCMT:strchr.obj
 0001:00015106       ___from_strstr_to_strchr   00416106     LIBCMT:strchr.obj
 0001:000151be       ??0_LocaleUpdate@@QAE@PAUlocaleinfo_struct@@@Z 004161be f i LIBCMT:_ctype.obj
 0001:00015240       __isalpha_l                00416240 f i LIBCMT:_ctype.obj
 0001:00015294       _isalpha                   00416294 f i LIBCMT:_ctype.obj
 0001:000152bf       __isdigit_l                004162bf f i LIBCMT:_ctype.obj
 0001:0001530e       _isdigit                   0041630e f i LIBCMT:_ctype.obj
 0001:00015337       __isalnum_l                00416337 f i LIBCMT:_ctype.obj
 0001:0001538b       _isalnum                   0041638b f i LIBCMT:_ctype.obj
 0001:000153b6       _sprintf                   004163b6 f   LIBCMT:sprintf.obj
 0001:00015431       _atol                      00416431 f   LIBCMT:atox.obj
 0001:00015442       _atoi                      00416442 f   LIBCMT:atox.obj
 0001:00015450       _memmove                   00416450 f   LIBCMT:memmove.obj
 0001:000157c0       _strstr                    004167c0 f   LIBCMT:strstr.obj
 0001:00015846       ___iob_func                00416846 f   LIBCMT:_file.obj
 0001:0001584c       ___initstdio               0041684c f   LIBCMT:_file.obj
 0001:000158fd       ___endstdio                004168fd f   LIBCMT:_file.obj
 0001:0001591d       __lock_file                0041691d f   LIBCMT:_file.obj
 0001:00015959       __lock_file2               00416959 f   LIBCMT:_file.obj
 0001:00015987       __unlock_file              00416987 f   LIBCMT:_file.obj
 0001:000159bd       __unlock_file2             004169bd f   LIBCMT:_file.obj
 0001:000159e7       _fprintf                   004169e7 f   LIBCMT:fprintf.obj
 0001:00015c00       _qsort                     00416c00 f   LIBCMT:qsort.obj
 0001:00015ea7       _strtok_s                  00416ea7 f   LIBCMT:strtok_s.obj
 0001:00015f93       __freea                    00416f93 f i LIBCMT:strupr.obj
 0001:0001612a       __strupr_s_l               0041712a f   LIBCMT:strupr.obj
 0001:0001615d       __strupr                   0041715d f   LIBCMT:strupr.obj
 0001:000161c0       _ceil                      004171c0 f   LIBCMT:ceil_pentium4.obj
 0001:00016200       __ceil_pentium4            00417200 f   LIBCMT:ceil_pentium4.obj
 0001:000162dd       __tolower_l                004172dd f   LIBCMT:tolower.obj
 0001:000163f4       _tolower                   004173f4 f   LIBCMT:tolower.obj
 0001:0001641b       __time32                   0041741b f   LIBCMT:time.obj
 0001:00016460       _memchr                    00417460 f   LIBCMT:memchr.obj
 0001:0001650d       __get_sys_err_msg          0041750d f i LIBCMT:perror.obj
 0001:00016530       _perror                    00417530 f   LIBCMT:perror.obj
 0001:000165be       __memicmp_l                004175be f   LIBCMT:memicmp.obj
 0001:00016691       __memicmp                  00417691 f   LIBCMT:memicmp.obj
 0001:000166ee       _printf                    004176ee f   LIBCMT:printf.obj
 0001:0001679d       __get_printf_count_output  0041779d f   LIBCMT:printf.obj
 0001:000167b3       __fsopen                   004177b3 f   LIBCMT:fopen.obj
 0001:00016877       _fopen                     00417877 f   LIBCMT:fopen.obj
 0001:0001688a       _V6_HeapAlloc              0041788a f   LIBCMT:malloc.obj
 0001:000168d9       _malloc                    004178d9 f   LIBCMT:malloc.obj
 0001:0001699c       __fwrite_nolock            0041799c f   LIBCMT:fwrite.obj
 0001:00016afb       _fputs                     00417afb f   LIBCMT:fputs.obj
 0001:00016c3d       __fclose_nolock            00417c3d f   LIBCMT:fclose.obj
 0001:00016caf       _fclose                    00417caf f   LIBCMT:fclose.obj
 0001:00016f46       _mainCRTStartup            00417f46 f   LIBCMT:crt0.obj
 0001:00016fbc       __encode_pointer           00417fbc f   LIBCMT:tidtable.obj
 0001:0001702a       __encoded_null             0041802a f   LIBCMT:tidtable.obj
 0001:00017033       __decode_pointer           00418033 f   LIBCMT:tidtable.obj
 0001:000170a1       ___crtTlsAlloc@4           004180a1 f   LIBCMT:tidtable.obj
 0001:000170aa       ___set_flsgetvalue         004180aa f   LIBCMT:tidtable.obj
 0001:000170dc       __mtterm                   004180dc f   LIBCMT:tidtable.obj
 0001:00017119       __initptd                  00418119 f   LIBCMT:tidtable.obj
 0001:000171d8       __getptd_noexit            004181d8 f   LIBCMT:tidtable.obj
 0001:0001724f       __getptd                   0041824f f   LIBCMT:tidtable.obj
 0001:00017267       __freefls@4                00418267 f   LIBCMT:tidtable.obj
 0001:00017388       __mtinit                   00418388 f   LIBCMT:tidtable.obj
 0001:0001750c       ___report_gsfailure        0041850c f   LIBCMT:gs_report.obj
 0001:0001781e       ___updatetmbcinfo          0041881e f   LIBCMT:mbctype.obj
 0001:0001793c       __setmbcp_nolock           0041893c f   LIBCMT:mbctype.obj
 0001:00017b15       __setmbcp                  00418b15 f   LIBCMT:mbctype.obj
 0001:00017caf       ___initmbctable            00418caf f   LIBCMT:mbctype.obj
 0001:00017ccd       ___freetlocinfo            00418ccd f   LIBCMT:setlocal.obj
 0001:00017e0d       ___addlocaleref            00418e0d f   LIBCMT:setlocal.obj
 0001:00017e93       ___removelocaleref         00418e93 f   LIBCMT:setlocal.obj
 0001:00017f5d       ___updatetlocinfo          00418f5d f   LIBCMT:setlocal.obj
 0001:00017fd3       __isctype_l                00418fd3 f   LIBCMT:isctype.obj
 0001:00018089       __flsbuf                   00419089 f   LIBCMT:_flsbuf.obj
 0001:0001828a       __output_l                 0041928a f   LIBCMT:output.obj
 0001:00018c1e       __initp_misc_invarg        00419c1e f   LIBCMT:invarg.obj
 0001:00018c28       __invoke_watson            00419c28 f   LIBCMT:invarg.obj
 0001:00018d24       __invalid_parameter        00419d24 f   LIBCMT:invarg.obj
 0001:00018d48       __get_errno_from_oserr     00419d48 f   LIBCMT:dosmap.obj
 0001:00018d83       __errno                    00419d83 f   LIBCMT:dosmap.obj
 0001:00018d96       ___doserrno                00419d96 f   LIBCMT:dosmap.obj
 0001:00018da9       __dosmaperr                00419da9 f   LIBCMT:dosmap.obj
 0001:00018ff2       _strtol                    00419ff2 f   LIBCMT:strtol.obj
 0001:000190a2       __VEC_memcpy               0041a0a2 f   LIBCMT:p4_memcpy.obj
 0001:00019185       __sse2_mathfcns_init       0041a185 f   LIBCMT:mathfcns.obj
 0001:00019199       __ioinit                   0041a199 f   LIBCMT:ioinit.obj
 0001:000193ed       __malloc_crt               0041a3ed f   LIBCMT:crtheap.obj
 0001:0001942d       __calloc_crt               0041a42d f   LIBCMT:crtheap.obj
 0001:00019475       __realloc_crt              0041a475 f   LIBCMT:crtheap.obj
 0001:000194c0       _free                      0041a4c0 f   LIBCMT:free.obj
 0001:0001954e       __fcloseall                0041a54e f   LIBCMT:closeall.obj
 0001:000195ed       __amsg_exit                0041a5ed f   LIBCMT:crt0dat.obj
 0001:00019611       ___crtCorExitProcess       0041a611 f   LIBCMT:crt0dat.obj
 0001:00019637       ___crtExitProcess          0041a637 f   LIBCMT:crt0dat.obj
 0001:0001964c       __lockexit                 0041a64c f   LIBCMT:crt0dat.obj
 0001:00019655       __unlockexit               0041a655 f   LIBCMT:crt0dat.obj
 0001:00019676       __initterm_e               0041a676 f   LIBCMT:crt0dat.obj
 0001:00019696       __get_osplatform           0041a696 f   LIBCMT:crt0dat.obj
 0001:000196cd       __get_winmajor             0041a6cd f   LIBCMT:crt0dat.obj
 0001:00019709       __cinit                    0041a709 f   LIBCMT:crt0dat.obj
 0001:0001987d       _exit                      0041a87d f   LIBCMT:crt0dat.obj
 0001:0001988e       __exit                     0041a88e f   LIBCMT:crt0dat.obj
 0001:0001989f       __cexit                    0041a89f f   LIBCMT:crt0dat.obj
 0001:000198ae       __c_exit                   0041a8ae f   LIBCMT:crt0dat.obj
 0001:000198bd       __init_pointers            0041a8bd f   LIBCMT:crt0dat.obj
 0001:00019909       __flush                    0041a909 f   LIBCMT:fflush.obj
 0001:0001996b       __fflush_nolock            0041a96b f   LIBCMT:fflush.obj
 0001:00019a87       __flushall                 0041aa87 f   LIBCMT:fflush.obj
 0001:00019a90       __mtinitlocks              0041aa90 f   LIBCMT:mlock.obj
 0001:00019ad9       __mtdeletelocks            0041aad9 f   LIBCMT:mlock.obj
 0001:00019b2e       __unlock                   0041ab2e f   LIBCMT:mlock.obj
 0001:00019b43       __mtinitlocknum            0041ab43 f   LIBCMT:mlock.obj
 0001:00019c06       __lock                     0041ac06 f   LIBCMT:mlock.obj
 0001:00019c37       __stbuf                    0041ac37 f   LIBCMT:_sftbuf.obj
 0001:00019ccd       __ftbuf                    0041accd f   LIBCMT:_sftbuf.obj
 0001:00019cfc       __fileno                   0041acfc f   LIBCMT:fileno.obj
 0001:00019d2c       __SEH_prolog4              0041ad2c f   LIBCMT:sehprolg4.obj
 0001:00019d71       __SEH_epilog4              0041ad71 f   LIBCMT:sehprolg4.obj
 0001:00019d90       __except_handler4          0041ad90 f   LIBCMT:chandler4.obj
 0001:00019f26       _strcpy_s                  0041af26 f   LIBCMT:strcpy_s.obj
 0001:0001a32d       ___crtLCMapStringA         0041b32d f   LIBCMT:a_map.obj
 0001:0001a370       _strnlen                   0041b370 f   LIBCMT:strlen_s.obj
 0001:0001a390       __alloca_probe_16          0041b390 f   LIBCMT:alloca16.obj
 0001:0001a3a6       __alloca_probe_8           0041b3a6     LIBCMT:alloca16.obj
 0001:0001a3bc       ___libm_error_support      0041b3bc f   LIBCMT:libm_error.obj
 0001:0001a66c       __ceil_default             0041b66c f   LIBCMT:ceil.obj
 0001:0001a73d       __isleadbyte_l             0041b73d f i LIBCMT:_wctype.obj
 0001:0001a773       _isleadbyte                0041b773 f i LIBCMT:_wctype.obj
 0001:0001a790       __aulldiv                  0041b790 f   LIBCMT:ulldiv.obj
 0001:0001a7f8       ___sys_nerr                0041b7f8 f   LIBCMT:syserr.obj
 0001:0001a7fe       ___sys_errlist             0041b7fe f   LIBCMT:syserr.obj
 0001:0001a804       __set_osfhnd               0041b804 f   LIBCMT:osfinfo.obj
 0001:0001a881       __free_osfhnd              0041b881 f   LIBCMT:osfinfo.obj
 0001:0001a902       __get_osfhandle            0041b902 f   LIBCMT:osfinfo.obj
 0001:0001a973       ___lock_fhandle            0041b973 f   LIBCMT:osfinfo.obj
 0001:0001aa13       __unlock_fhandle           0041ba13 f   LIBCMT:osfinfo.obj
 0001:0001aa35       __alloc_osfhnd             0041ba35 f   LIBCMT:osfinfo.obj
 0001:0001abcf       __write_nolock             0041bbcf f   LIBCMT:write.obj
 0001:0001b1f1       __write                    0041c1f1 f   LIBCMT:write.obj
 0001:0001b2d0       _strlen                    0041c2d0 f   LIBCMT:strlen.obj
 0001:0001b360       ___ascii_memicmp           0041c360 f   LIBCMT:_memicmp.obj
 0001:0001b3b9       __vsnprintf_l              0041c3b9 f   LIBCMT:vsnprint.obj
 0001:0001b46a       __vsnprintf                0041c46a f   LIBCMT:vsnprint.obj
 0001:0001b46a       _vsnprintf                 0041c46a f   LIBCMT:vsnprint.obj
 0001:0001b485       __openfile                 0041c485 f   LIBCMT:_open.obj
 0001:0001b725       __getstream                0041c725 f   LIBCMT:stream.obj
 0001:0001b85c       __local_unwind4            0041c85c f   LIBCMT:exsup4.obj
 0001:0001b932       __seh_longjmp_unwind4@4    0041c932 f   LIBCMT:exsup4.obj
 0001:0001b94e       @_EH4_CallFilterFunc@8     0041c94e f   LIBCMT:exsup4.obj
 0001:0001b965       @_EH4_TransferToHandler@8  0041c965 f   LIBCMT:exsup4.obj
 0001:0001b97e       @_EH4_GlobalUnwind@4       0041c97e f   LIBCMT:exsup4.obj
 0001:0001b998       @_EH4_LocalUnwind@16       0041c998 f   LIBCMT:exsup4.obj
 0001:0001b9af       ___sbh_heap_init           0041c9af f   LIBCMT:sbheap.obj
 0001:0001b9f7       ___sbh_find_block          0041c9f7 f   LIBCMT:sbheap.obj
 0001:0001ba22       ___sbh_free_block          0041ca22 f   LIBCMT:sbheap.obj
 0001:0001bd36       ___sbh_alloc_new_region    0041cd36 f   LIBCMT:sbheap.obj
 0001:0001bde6       ___sbh_alloc_new_group     0041cde6 f   LIBCMT:sbheap.obj
 0001:0001beec       ___sbh_resize_block        0041ceec f   LIBCMT:sbheap.obj
 0001:0001c1cb       ___sbh_alloc_block         0041d1cb f   LIBCMT:sbheap.obj
 0001:0001c4ae       ___heap_select             0041d4ae f   LIBCMT:heapinit.obj
 0001:0001c509       __heap_init                0041d509 f   LIBCMT:heapinit.obj
 0001:0001c563       __NMSG_WRITE               0041d563 f   LIBCMT:crt0msg.obj
 0001:0001c703       __FF_MSGBANNER             0041d703 f   LIBCMT:crt0msg.obj
 0001:0001c73c       __initp_heap_handler       0041d73c f   LIBCMT:handler.obj
 0001:0001c746       __callnewh                 0041d746 f   LIBCMT:handler.obj
 0001:0001c770       _memcpy                    0041d770 f   LIBCMT:memcpy.obj
 0001:0001cad5       __close_nolock             0041dad5 f   LIBCMT:close.obj
 0001:0001cb6c       __close                    0041db6c f   LIBCMT:close.obj
 0001:0001cc39       __freebuf                  0041dc39 f   LIBCMT:_freebuf.obj
 0001:0001cc65       ?__CxxUnhandledExceptionFilter@@YGJPAU_EXCEPTION_POINTERS@@@Z 0041dc65 f   LIBCMT:unhandld.obj
 0001:0001cca2       ___CxxSetUnhandledExceptionFilter 0041dca2 f   LIBCMT:unhandld.obj
 0001:0001ccb0       __fpclear                  0041dcb0 f   LIBCMT:fpinit.obj
 0001:0001ccb0       __initp_misc_winxfltr      0041dcb0 f   LIBCMT:winxfltr.obj
 0001:0001ccb1       __XcptFilter               0041dcb1 f   LIBCMT:winxfltr.obj
 0001:0001ce0f       __setenvp                  0041de0f f   LIBCMT:stdenvp.obj
 0001:0001d082       __setargv                  0041e082 f   LIBCMT:stdargv.obj
 0001:0001d13b       ___crtGetEnvironmentStringsA 0041e13b f   LIBCMT:a_env.obj
 0001:0001d270       __RTC_Initialize           0041e270 f   LIBCMT:initsect.obj
 0001:0001d294       __RTC_Terminate            0041e294 f   LIBCMT:initsect.obj
 0001:0001d2b8       ___security_init_cookie    0041e2b8 f   LIBCMT:gs_support.obj
 0001:0001d350       _strcmp                    0041e350 f   LIBCMT:strcmp.obj
 0001:0001d3d8       __crt_debugger_hook        0041e3d8 f   LIBCMT:dbghook.obj
 0001:0001d3e0       _memset                    0041e3e0 f   LIBCMT:memset.obj
 0001:0001d612       ___crtGetStringTypeA       0041e612 f   LIBCMT:a_str.obj
 0001:0001d652       ___free_lc_time            0041e652 f   LIBCMT:inittime.obj
 0001:0001d7e2       ___free_lconv_num          0041e7e2 f   LIBCMT:initnum.obj
 0001:0001d822       ___free_lconv_mon          0041e822 f   LIBCMT:initmon.obj
 0001:0001d8ab       _strcat_s                  0041e8ab f   LIBCMT:strcat_s.obj
 0001:0001d920       _strcspn                   0041e920 f   LIBCMT:strcspn.obj
 0001:0001d966       _strncpy_s                 0041e966 f   LIBCMT:strncpy_s.obj
 0001:0001da19       _strncmp                   0041ea19 f   LIBCMT:strncmp.obj
 0001:0001dae0       _strpbrk                   0041eae0 f   LIBCMT:strpbrk.obj
 0001:0001db20       __lseeki64_nolock          0041eb20 f   LIBCMT:lseeki64.obj
 0001:0001dba3       __lseeki64                 0041eba3 f   LIBCMT:lseeki64.obj
 0001:0001dcbc       __getbuf                   0041ecbc f   LIBCMT:_getbuf.obj
 0001:0001dd00       __isatty                   0041ed00 f   LIBCMT:isatty.obj
 0001:0001dd5e       __initp_misc_cfltcvt_tab   0041ed5e f   LIBCMT:cmiscdat.obj
 0001:0001dd7d       __wctomb_s_l               0041ed7d f   LIBCMT:wctomb.obj
 0001:0001dedc       _wctomb_s                  0041eedc f   LIBCMT:wctomb.obj
 0001:0001df00       __aulldvrm                 0041ef00 f   LIBCMT:ulldvrm.obj
 0001:0001dfa0       __allmul                   0041efa0 f   LIBCMT:llmul.obj
 0001:0001e024       __get_sse2_info            0041f024 f   LIBCMT:cpu_disp.obj
 0001:0001e084       ___sse2_available_init     0041f084 f   LIBCMT:cpu_disp.obj
 0001:0001e091       __initp_misc_initcrit      0041f091 f   LIBCMT:initcrit.obj
 0001:0001e0ab       ___crtInitCritSecAndSpinCount 0041f0ab f   LIBCMT:initcrit.obj
 0001:0001e170       __calloc_impl              0041f170 f   LIBCMT:calloc.obj
 0001:0001e28e       _realloc                   0041f28e f   LIBCMT:realloc.obj
 0001:0001e562       ___onexitinit              0041f562 f   LIBCMT:onexit.obj
 0001:0001e591       __onexit                   0041f591 f   LIBCMT:onexit.obj
 0001:0001e5cd       _atexit                    0041f5cd f   LIBCMT:onexit.obj
 0001:0001e5e0       __ValidateImageBase        0041f5e0 f   LIBCMT:pesect.obj
 0001:0001e610       __FindPESection            0041f610 f   LIBCMT:pesect.obj
 0001:0001e660       __IsNonwritableInCurrentImage 0041f660 f   LIBCMT:pesect.obj
 0001:0001e71b       ?terminate@@YAXXZ          0041f71b f   LIBCMT:hooks.obj
 0001:0001e754       __initp_eh_hooks           0041f754 f   LIBCMT:hooks.obj
 0001:0001e765       __initp_misc_winsig        0041f765 f   LIBCMT:winsig.obj
 0001:0001e7b2       ___get_sigabrt             0041f7b2 f   LIBCMT:winsig.obj
 0001:0001e7bf       _raise                     0041f7bf f   LIBCMT:winsig.obj
 0001:0001e96f       __initp_misc_rand_s        0041f96f f   LIBCMT:rand_s.obj
 0001:0001e979       __initp_misc_purevirt      0041f979 f   LIBCMT:inithelp.obj
 0001:0001e983       __commit                   0041f983 f   LIBCMT:commit.obj
 0001:0001ea64       ___ansicp                  0041fa64 f   LIBCMT:convrtcp.obj
 0001:0001eaab       ___convertcp               0041faab f   LIBCMT:convrtcp.obj
 0001:0001ec60       __alloca_probe             0041fc60     LIBCMT:chkstk.obj
 0001:0001ec60       __chkstk                   0041fc60 f   LIBCMT:chkstk.obj
 0001:0001ec8b       __matherr                  0041fc8b f   LIBCMT:matherr.obj
 0001:0001ec8e       __cfltcvt_init             0041fc8e f   LIBCMT:fpinit.obj
 0001:0001ecee       __fpmath                   0041fcee f   LIBCMT:fpinit.obj
 0001:0001ed0c       __raise_exc_ex             0041fd0c f   LIBCMT:fpexcept.obj
 0001:0001efe6       __raise_exc                0041ffe6 f   LIBCMT:fpexcept.obj
 0001:0001f007       __handle_exc               00420007 f   LIBCMT:fpexcept.obj
 0001:0001f1e8       __set_errno_from_matherr   004201e8 f   LIBCMT:fpexcept.obj
 0001:0001f210       __errcode                  00420210 f   LIBCMT:fpexcept.obj
 0001:0001f23d       __umatherr                 0042023d f   LIBCMT:fpexcept.obj
 0001:0001f2db       __handle_qnan1             004202db f   LIBCMT:fpexcept.obj
 0001:0001f32e       __except1                  0042032e f   LIBCMT:fpexcept.obj
 0001:0001f3e8       __frnd                     004203e8 f   LIBCMT:frnd.obj
 0001:0001f3f9       __set_exp                  004203f9 f   LIBCMT:util.obj
 0001:0001f423       __sptype                   00420423 f   LIBCMT:util.obj
 0001:0001f47e       __decomp                   0042047e f   LIBCMT:util.obj
 0001:0001f52d       __statfp                   0042052d f   LIBCMT:fpctrl.obj
 0001:0001f538       __clrfp                    00420538 f   LIBCMT:fpctrl.obj
 0001:0001f544       __ctrlfp                   00420544 f   LIBCMT:fpctrl.obj
 0001:0001f56b       __set_statfp               0042056b f   LIBCMT:fpctrl.obj
 0001:0001f5c1       ___set_fpsr_sse2           004205c1 f   LIBCMT:fpctrl.obj
 0001:0001f633       __putwch_nolock            00420633 f   LIBCMT:putwch.obj
 0001:0001f6f5       __mbtowc_l                 004206f5 f   LIBCMT:mbtowc.obj
 0001:0001f808       _mbtowc                    00420808 f   LIBCMT:mbtowc.obj
 0001:0001ff78       __sopen_helper             00420f78 f   LIBCMT:open.obj
 0001:00020044       __sopen_s                  00421044 f   LIBCMT:open.obj
 0001:00020062       __mbsicmp_l                00421062 f   LIBCMT:mbsicmp.obj
 0001:0002027c       __mbsicmp                  0042127c f   LIBCMT:mbsicmp.obj
 0001:0002028f       __mbsnbcmp_l               0042128f f   LIBCMT:mbsnbcmp.obj
 0001:000203f8       __mbsnbcmp                 004213f8 f   LIBCMT:mbsnbcmp.obj
 0001:00020410       __global_unwind2           00421410 f   LIBCMT:exsup.obj
 0001:00020475       __local_unwind2            00421475 f   LIBCMT:exsup.obj
 0001:000204f9       __abnormal_termination     004214f9 f   LIBCMT:exsup.obj
 0001:0002051c       __NLG_Notify1              0042151c f   LIBCMT:exsup.obj
 0001:00020525       __NLG_Notify               00421525 f   LIBCMT:exsup.obj
 0001:0002053c       __NLG_Dispatch             0042153c     LIBCMT:exsup.obj
 0001:0002053c       __NLG_Dispatch2            0042153c     LIBCMT:exsup.obj
 0001:00020544       __NLG_Call                 00421544 f   LIBCMT:exsup.obj
 0001:00020546       __NLG_Return2              00421546     LIBCMT:exsup.obj
 0001:00020547       ___crtMessageBoxA          00421547 f   LIBCMT:crtmbox.obj
 0001:00020704       __set_error_mode           00421704 f   LIBCMT:errmode.obj
 0001:0002079b       __ismbblead                0042179b f   LIBCMT:ismbbyte.obj
 0001:00020805       __VEC_memzero              00421805 f   LIBCMT:p4_memset.obj
 0001:00020894       ___ascii_stricmp           00421894 f   LIBCMT:stricmp.obj
 0001:000208c9       __stricmp_l                004218c9 f   LIBCMT:stricmp.obj
 0001:0002099c       __fptrap                   0042199c f   LIBCMT:crt0fp.obj
 0001:000209a5       __msize                    004219a5 f   LIBCMT:msize.obj
 0001:00020a48       _abort                     00421a48 f   LIBCMT:abort.obj
 0001:00020b3b       __forcdecpt_l              00421b3b f   LIBCMT:cvt.obj
 0001:00020bac       __cropzeros_l              00421bac f   LIBCMT:cvt.obj
 0001:00020c2c       __positive                 00421c2c f   LIBCMT:cvt.obj
 0001:00020c42       __fassign_l                00421c42 f   LIBCMT:cvt.obj
 0001:00020c82       __fassign                  00421c82 f   LIBCMT:cvt.obj
 0001:00020cb6       __forcdecpt                00421cb6 f   LIBCMT:cvt.obj
 0001:00020cc4       __cropzeros                00421cc4 f   LIBCMT:cvt.obj
 0001:00020e3f       __cftoe_l                  00421e3f f   LIBCMT:cvt.obj
 0001:00020f0d       __cftoe                    00421f0d f   LIBCMT:cvt.obj
 0001:00020f2b       __cftoa_l                  00421f2b f   LIBCMT:cvt.obj
 0001:00021391       __cftof_l                  00422391 f   LIBCMT:cvt.obj
 0001:0002144a       __cftog_l                  0042244a f   LIBCMT:cvt.obj
 0001:00021542       __cfltcvt_l                00422542 f   LIBCMT:cvt.obj
 0001:000215c8       __cfltcvt                  004225c8 f   LIBCMT:cvt.obj
 0001:000215e9       __setdefaultprecision      004225e9 f   LIBCMT:fp8.obj
 0001:00021612       __ms_p5_test_fdiv          00422612 f   LIBCMT:testfdiv.obj
 0001:0002164e       __ms_p5_mp_test_fdiv       0042264e f   LIBCMT:testfdiv.obj
 0001:00021677       ___initconout              00422677 f   LIBCMT:initcon.obj
 0001:00021696       ___termcon                 00422696 f   LIBCMT:initcon.obj
 0001:000216c3       __chsize_nolock            004226c3 f   LIBCMT:chsize.obj
 0001:00021877       __read_nolock              00422877 f   LIBCMT:read.obj
 0001:00021e38       __lseek_nolock             00422e38 f   LIBCMT:lseek.obj
 0001:00021eaa       __setmode_nolock           00422eaa f   LIBCMT:setmode.obj
 0001:00021f66       __get_fmode                00422f66 f   LIBCMT:setmode.obj
 0001:00021fa0       ___ascii_strnicmp          00422fa0 f   LIBCMT:_strnicm.obj
 0001:00022010       _strrchr                   00423010 f   LIBCMT:strrchr.obj
 0001:0002203d       __atodbl_l                 0042303d f   LIBCMT:atodbl.obj
 0001:000220e3       __atoflt_l                 004230e3 f   LIBCMT:atodbl.obj
 0001:00022189       __fptostr                  00423189 f   LIBCMT:_fptostr.obj
 0001:00022246       ___dtold                   00423246 f   LIBCMT:cfout.obj
 0001:00022301       __fltout2                  00423301 f   LIBCMT:cfout.obj
 0001:00022390       __alldvrm                  00423390 f   LIBCMT:lldvrm.obj
 0001:00022470       __aullshr                  00423470 f   LIBCMT:ullshr.obj
 0001:0002248f       __controlfp_s              0042348f f   LIBCMT:contrlfp.obj
 0001:000224f9       __ld12tod                  004234f9 f   LIBCMT:intrncvt.obj
 0001:00022a3b       __ld12tof                  00423a3b f   LIBCMT:intrncvt.obj
 0001:00022f7d       ___strgtold12_l            00423f7d f   LIBCMT:strgtold.obj
 0001:0002363d       _$I10_OUTPUT               0042463d f   LIBCMT:x10fout.obj
 0001:00024031       __control87                00425031 f i LIBCMT:ieee87.obj
 0001:00024334       ___mtold12                 00425334 f   LIBCMT:mantold.obj
 0001:00024500       _send@16                   00425500 f   WS2_32:WS2_32.dll
 0001:00024506       _htons@4                   00425506 f   WS2_32:WS2_32.dll
 0001:0002450c       _accept@12                 0042550c f   WS2_32:WS2_32.dll
 0001:00024512       _WSAGetLastError@0         00425512 f   WS2_32:WS2_32.dll
 0001:00024518       _closesocket@4             00425518 f   WS2_32:WS2_32.dll
 0001:0002451e       _select@20                 0042551e f   WS2_32:WS2_32.dll
 0001:00024524       ___WSAFDIsSet@8            00425524 f   WS2_32:WS2_32.dll
 0001:0002452a       _listen@8                  0042552a f   WS2_32:WS2_32.dll
 0001:00024530       _WSAStartup@8              00425530 f   WS2_32:WS2_32.dll
 0001:00024536       _socket@12                 00425536 f   WS2_32:WS2_32.dll
 0001:0002453c       _bind@12                   0042553c f   WS2_32:WS2_32.dll
 0001:00024542       _recv@16                   00425542 f   WS2_32:WS2_32.dll
 0001:00024548       _ioctlsocket@12            00425548 f   WS2_32:WS2_32.dll
 0001:0002454e       _setsockopt@20             0042554e f   WS2_32:WS2_32.dll
 0001:00024554       _RtlUnwind@16              00425554 f   kernel32:KERNEL32.dll
 0001:00024560       __ftol2_sse                00425560 f   LIBCMT:ftol2.obj
 0001:00024569       __ftol2_pentium4           00425569 f   LIBCMT:ftol2.obj
 0001:0002457c       __ftol2_sse_excpt          0042557c f   LIBCMT:ftol2.obj
 0001:00024596       __ftol2                    00425596 f   LIBCMT:ftol2.obj
 0001:00024610       _atan2                     00425610 f   LIBCMT:87ctriga.obj
 0001:0002461a       __CIatan2                  0042561a f   LIBCMT:87ctriga.obj
 0001:00024630       _cos                       00425630 f   LIBCMT:cos.obj
 0001:00024670       __CIcos                    00425670 f   LIBCMT:cos.obj
 0001:000246ab       __CIcos_default            004256ab f   LIBCMT:cos.obj
 0001:000246bf       __cos_default              004256bf     LIBCMT:cos.obj
 0001:00024760       _sin                       00425760 f   LIBCMT:sin.obj
 0001:000247a0       __CIsin                    004257a0 f   LIBCMT:sin.obj
 0001:000247db       __CIsin_default            004257db f   LIBCMT:sin.obj
 0001:000247ef       __sin_default              004257ef     LIBCMT:sin.obj
 0001:00024890       _log10                     00425890 f   LIBCMT:log10.obj
 0001:000248d0       __CIlog10                  004258d0 f   LIBCMT:log10.obj
 0001:0002490b       __CIlog10_default          0042590b f   LIBCMT:log10.obj
 0001:0002491f       __log10_default            0042591f     LIBCMT:log10.obj
 0001:000249e0       __CIsqrt                   004259e0 f   LIBCMT:sqrt.obj
 0001:000249f4       _sqrt                      004259f4     LIBCMT:sqrt.obj
 0001:00024aa0       _pow                       00425aa0 f   LIBCMT:pow.obj
 0001:00024ae0       __CIpow                    00425ae0 f   LIBCMT:pow.obj
 0001:00024b1b       __CIpow_default            00425b1b f   LIBCMT:pow.obj
 0001:00024b34       __pow_default              00425b34     LIBCMT:pow.obj
 0001:00024d30       _floor                     00425d30 f   LIBCMT:floor_pentium4.obj
 0001:00024d70       __floor_pentium4           00425d70 f   LIBCMT:floor_pentium4.obj
 0001:00024e60       __alldiv                   00425e60 f   LIBCMT:lldiv.obj
 0001:00024f2c       __fFATN2                   00425f2c     LIBCMT:87triga.obj
 0001:00024f7c       __rtpiby2                  00425f7c     LIBCMT:87triga.obj
 0001:00024fc0       __cintrindisp2             00425fc0 f   LIBCMT:87cdisp.obj
 0001:00024ffe       __cintrindisp1             00425ffe f   LIBCMT:87cdisp.obj
 0001:0002503b       __ctrandisp2               0042603b f   LIBCMT:87cdisp.obj
 0001:000251d1       __ctrandisp1               004261d1 f   LIBCMT:87cdisp.obj
 0001:00025204       __fload                    00426204 f   LIBCMT:87cdisp.obj
 0001:00025240       __CIcos_pentium4           00426240 f   LIBCMT:cos_pentium4.obj
 0001:00025258       __cos_pentium4             00426258     LIBCMT:cos_pentium4.obj
 0001:000253f0       __trandisp1                004263f0 f   LIBCMT:87disp.obj
 0001:00025457       __trandisp2                00426457 f   LIBCMT:87disp.obj
 0001:000254e3       __rttospopde               004264e3     LIBCMT:87disp.obj
 0001:000254e8       __rttospop                 004264e8     LIBCMT:87disp.obj
 0001:000254ea       __rtnospop                 004264ea     LIBCMT:87disp.obj
 0001:000254ec       __rttosnpop                004264ec     LIBCMT:87disp.obj
 0001:000254ed       __rtnospopde               004264ed     LIBCMT:87disp.obj
 0001:000254f4       __rtzeropop                004264f4     LIBCMT:87disp.obj
 0001:000254f6       __rtzeronpop               004264f6     LIBCMT:87disp.obj
 0001:000254fb       __rtonepop                 004264fb     LIBCMT:87disp.obj
 0001:000254fd       __rtonenpop                004264fd     LIBCMT:87disp.obj
 0001:00025502       __tosnan1                  00426502     LIBCMT:87disp.obj
 0001:0002552d       __nosnan2                  0042652d     LIBCMT:87disp.obj
 0001:0002552f       __tosnan2                  0042652f     LIBCMT:87disp.obj
 0001:00025557       __nan2                     00426557     LIBCMT:87disp.obj
 0001:00025596       __rtindfpop                00426596     LIBCMT:87disp.obj
 0001:00025598       __rtindfnpop               00426598     LIBCMT:87disp.obj
 0001:000255a9       __rttosnpopde              004265a9     LIBCMT:87disp.obj
 0001:000255b3       __rtchsifneg               004265b3     LIBCMT:87disp.obj
 0001:000255c0       __twoToTOS                 004265c0 f   LIBCMT:common.obj
 0001:000255d5       __load_CW                  004265d5 f   LIBCMT:common.obj
 0001:000255ec       __convertTOStoQNaN         004265ec f   LIBCMT:common.obj
 0001:00025605       __fload_withFB             00426605 f   LIBCMT:common.obj
 0001:00025648       __checkTOS_withFB          00426648 f   LIBCMT:common.obj
 0001:0002565e       __fast_exit                0042665e f   LIBCMT:common.obj
 0001:0002566b       __math_exit                0042666b f   LIBCMT:common.obj
 0001:00025695       __check_overflow_exit      00426695 f   LIBCMT:common.obj
 0001:000256a9       __check_range_exit         004266a9 f   LIBCMT:common.obj
 0001:00025750       __startTwoArgErrorHandling 00426750 f   LIBCMT:genexcep.obj
 0001:00025767       __startOneArgErrorHandling 00426767 f   LIBCMT:genexcep.obj
 0001:000257b0       __CIsin_pentium4           004267b0 f   LIBCMT:sin_pentium4.obj
 0001:000257c8       __sin_pentium4             004267c8     LIBCMT:sin_pentium4.obj
 0001:00025980       __CIlog10_pentium4         00426980 f   LIBCMT:log10_pentium4.obj
 0001:00025998       __log10_pentium4           00426998     LIBCMT:log10_pentium4.obj
 0001:00025c21       __fFEXP                    00426c21     LIBCMT:87tran.obj
 0001:00025c88       __rtinfpopse               00426c88     LIBCMT:87tran.obj
 0001:00025c8a       __rtinfnpopse              00426c8a     LIBCMT:87tran.obj
 0001:00025c9a       __fFLN                     00426c9a     LIBCMT:87tran.obj
 0001:00025d4f       __rtinfpop                 00426d4f     LIBCMT:87tran.obj
 0001:00025d51       __rtinfnpop                00426d51     LIBCMT:87tran.obj
 0001:00025d6e       __ffexpm1                  00426d6e     LIBCMT:87tran.obj
 0001:00025e20       __CIpow_pentium4           00426e20 f   LIBCMT:pow_pentium4.obj
 0001:00025e39       __pow_pentium4             00426e39     LIBCMT:pow_pentium4.obj
 0001:00026980       __d_inttype                00427980 f   LIBCMT:powhlp.obj
 0001:000269e4       __powhlp                   004279e4 f   LIBCMT:powhlp.obj
 0001:00026b22       __floor_default            00427b22 f   LIBCMT:floor.obj
 0001:00026bf3       __87except                 00427bf3 f   LIBCMT:87except.obj
 0001:00026cf0       _fdiv_main_routine         00427cf0 f   LIBCMT:adj_fdiv.obj
 0001:00026e07       __adj_fdiv_r               00427e07 f   LIBCMT:adj_fdiv.obj
 0001:000272a6       __fdivp_sti_st             004282a6 f   LIBCMT:adj_fdiv.obj
 0001:000272b9       __fdivrp_sti_st            004282b9 f   LIBCMT:adj_fdiv.obj
 0001:000272cc       __adj_fdiv_m32             004282cc f   LIBCMT:adj_fdiv.obj
 0001:00027318       __adj_fdiv_m64             00428318 f   LIBCMT:adj_fdiv.obj
 0001:00027364       __adj_fdiv_m16i            00428364 f   LIBCMT:adj_fdiv.obj
 0001:00027398       __adj_fdiv_m32i            00428398 f   LIBCMT:adj_fdiv.obj
 0001:000273cc       __adj_fdivr_m32            004283cc f   LIBCMT:adj_fdiv.obj
 0001:00027418       __adj_fdivr_m64            00428418 f   LIBCMT:adj_fdiv.obj
 0001:00027464       __adj_fdivr_m16i           00428464 f   LIBCMT:adj_fdiv.obj
 0001:00027498       __adj_fdivr_m32i           00428498 f   LIBCMT:adj_fdiv.obj
 0001:000274cc       __safe_fdiv                004284cc f   LIBCMT:adj_fdiv.obj
 0001:000274e1       __safe_fdivr               004284e1 f   LIBCMT:adj_fdiv.obj
 0001:000274f6       __fprem_common             004284f6 f   LIBCMT:adj_fdiv.obj
 0001:000276fc       __adj_fprem                004286fc f   LIBCMT:adj_fdiv.obj
 0001:000277ae       __fprem1_common            004287ae f   LIBCMT:adj_fdiv.obj
 0001:000279b4       __adj_fprem1               004289b4 f   LIBCMT:adj_fdiv.obj
 0001:00027a69       __safe_fprem               00428a69 f   LIBCMT:adj_fdiv.obj
 0001:00027a6f       __safe_fprem1              00428a6f f   LIBCMT:adj_fdiv.obj
 0001:00027a75       __adj_fpatan               00428a75 f   LIBCMT:adj_fdiv.obj
 0001:00027a78       __adj_fptan                00428a78 f   LIBCMT:adj_fdiv.obj
 0001:00027a7b       __fpclass                  00428a7b f   LIBCMT:ieeemisc.obj
 0002:00000000       __imp__SetPriorityClass@8  00429000     kernel32:KERNEL32.dll
 0002:00000004       __imp__ReadFile@20         00429004     kernel32:KERNEL32.dll
 0002:00000008       __imp__ClearCommError@12   00429008     kernel32:KERNEL32.dll
 0002:0000000c       __imp__GetLastError@0      0042900c     kernel32:KERNEL32.dll
 0002:00000010       __imp__GetCommState@8      00429010     kernel32:KERNEL32.dll
 0002:00000014       __imp__GetCurrentProcess@0 00429014     kernel32:KERNEL32.dll
 0002:00000018       __imp__QueryPerformanceCounter@4 00429018     kernel32:KERNEL32.dll
 0002:0000001c       __imp__GetFileType@4       0042901c     kernel32:KERNEL32.dll
 0002:00000020       __imp__SetCommMask@8       00429020     kernel32:KERNEL32.dll
 0002:00000024       __imp__EscapeCommFunction@8 00429024     kernel32:KERNEL32.dll
 0002:00000028       __imp__PurgeComm@8         00429028     kernel32:KERNEL32.dll
 0002:0000002c       __imp__WriteFile@20        0042902c     kernel32:KERNEL32.dll
 0002:00000030       __imp__QueryPerformanceFrequency@4 00429030     kernel32:KERNEL32.dll
 0002:00000034       __imp__SetCommState@8      00429034     kernel32:KERNEL32.dll
 0002:00000038       __imp__OutputDebugStringA@4 00429038     kernel32:KERNEL32.dll
 0002:0000003c       __imp__SetCommTimeouts@8   0042903c     kernel32:KERNEL32.dll
 0002:00000040       __imp__CloseHandle@4       00429040     kernel32:KERNEL32.dll
 0002:00000044       __imp__GetSystemTime@4     00429044     kernel32:KERNEL32.dll
 0002:00000048       __imp__SetupComm@12        00429048     kernel32:KERNEL32.dll
 0002:0000004c       __imp__CreateFileA@28      0042904c     kernel32:KERNEL32.dll
 0002:00000050       __imp__Sleep@4             00429050     kernel32:KERNEL32.dll
 0002:00000054       __imp__SetEndOfFile@4      00429054     kernel32:KERNEL32.dll
 0002:00000058       __imp__HeapSize@12         00429058     kernel32:KERNEL32.dll
 0002:0000005c       __imp__WriteConsoleW@20    0042905c     kernel32:KERNEL32.dll
 0002:00000060       __imp__GetConsoleOutputCP@0 00429060     kernel32:KERNEL32.dll
 0002:00000064       __imp__WriteConsoleA@20    00429064     kernel32:KERNEL32.dll
 0002:00000068       __imp__RaiseException@16   00429068     kernel32:KERNEL32.dll
 0002:0000006c       __imp__FlushFileBuffers@4  0042906c     kernel32:KERNEL32.dll
 0002:00000070       __imp__LoadLibraryA@4      00429070     kernel32:KERNEL32.dll
 0002:00000074       __imp__InitializeCriticalSection@4 00429074     kernel32:KERNEL32.dll
 0002:00000078       __imp__SetFilePointer@16   00429078     kernel32:KERNEL32.dll
 0002:0000007c       __imp__GetLocaleInfoA@16   0042907c     kernel32:KERNEL32.dll
 0002:00000080       __imp__GetStringTypeW@16   00429080     kernel32:KERNEL32.dll
 0002:00000084       __imp__GetStringTypeA@20   00429084     kernel32:KERNEL32.dll
 0002:00000088       __imp__GetCurrentProcessId@0 00429088     kernel32:KERNEL32.dll
 0002:0000008c       __imp__GetTickCount@0      0042908c     kernel32:KERNEL32.dll
 0002:00000090       __imp__GetEnvironmentStringsW@0 00429090     kernel32:KERNEL32.dll
 0002:00000094       __imp__FreeEnvironmentStringsW@4 00429094     kernel32:KERNEL32.dll
 0002:00000098       __imp__GetEnvironmentStrings@0 00429098     kernel32:KERNEL32.dll
 0002:0000009c       __imp__FreeEnvironmentStringsA@4 0042909c     kernel32:KERNEL32.dll
 0002:000000a0       __imp__GetModuleFileNameA@12 004290a0     kernel32:KERNEL32.dll
 0002:000000a4       __imp__HeapCreate@12       004290a4     kernel32:KERNEL32.dll
 0002:000000a8       __imp__HeapDestroy@4       004290a8     kernel32:KERNEL32.dll
 0002:000000ac       __imp__EnterCriticalSection@4 004290ac     kernel32:KERNEL32.dll
 0002:000000b0       __imp__LeaveCriticalSection@4 004290b0     kernel32:KERNEL32.dll
 0002:000000b4       __imp__GetSystemTimeAsFileTime@4 004290b4     kernel32:KERNEL32.dll
 0002:000000b8       __imp__HeapAlloc@12        004290b8     kernel32:KERNEL32.dll
 0002:000000bc       __imp__GetCommandLineA@0   004290bc     kernel32:KERNEL32.dll
 0002:000000c0       __imp__HeapFree@12         004290c0     kernel32:KERNEL32.dll
 0002:000000c4       __imp__GetVersionExA@4     004290c4     kernel32:KERNEL32.dll
 0002:000000c8       __imp__GetProcessHeap@0    004290c8     kernel32:KERNEL32.dll
 0002:000000cc       __imp__GetModuleHandleA@4  004290cc     kernel32:KERNEL32.dll
 0002:000000d0       __imp__GetProcAddress@8    004290d0     kernel32:KERNEL32.dll
 0002:000000d4       __imp__TlsGetValue@4       004290d4     kernel32:KERNEL32.dll
 0002:000000d8       __imp__TlsAlloc@0          004290d8     kernel32:KERNEL32.dll
 0002:000000dc       __imp__TlsSetValue@8       004290dc     kernel32:KERNEL32.dll
 0002:000000e0       __imp__TlsFree@4           004290e0     kernel32:KERNEL32.dll
 0002:000000e4       __imp__InterlockedIncrement@4 004290e4     kernel32:KERNEL32.dll
 0002:000000e8       __imp__SetLastError@4      004290e8     kernel32:KERNEL32.dll
 0002:000000ec       __imp__GetCurrentThreadId@0 004290ec     kernel32:KERNEL32.dll
 0002:000000f0       __imp__InterlockedDecrement@4 004290f0     kernel32:KERNEL32.dll
 0002:000000f4       __imp__TerminateProcess@8  004290f4     kernel32:KERNEL32.dll
 0002:000000f8       __imp__UnhandledExceptionFilter@4 004290f8     kernel32:KERNEL32.dll
 0002:000000fc       __imp__SetUnhandledExceptionFilter@4 004290fc     kernel32:KERNEL32.dll
 0002:00000100       __imp__IsDebuggerPresent@0 00429100     kernel32:KERNEL32.dll
 0002:00000104       __imp__GetCPInfo@8         00429104     kernel32:KERNEL32.dll
 0002:00000108       __imp__GetACP@0            00429108     kernel32:KERNEL32.dll
 0002:0000010c       __imp__GetOEMCP@0          0042910c     kernel32:KERNEL32.dll
 0002:00000110       __imp__IsValidCodePage@4   00429110     kernel32:KERNEL32.dll
 0002:00000114       __imp__SetHandleCount@4    00429114     kernel32:KERNEL32.dll
 0002:00000118       __imp__GetStdHandle@4      00429118     kernel32:KERNEL32.dll
 0002:0000011c       __imp__GetStartupInfoA@4   0042911c     kernel32:KERNEL32.dll
 0002:00000120       __imp__DeleteCriticalSection@4 00429120     kernel32:KERNEL32.dll
 0002:00000124       __imp__ExitProcess@4       00429124     kernel32:KERNEL32.dll
 0002:00000128       __imp__LCMapStringA@24     00429128     kernel32:KERNEL32.dll
 0002:0000012c       __imp__WideCharToMultiByte@32 0042912c     kernel32:KERNEL32.dll
 0002:00000130       __imp__MultiByteToWideChar@24 00429130     kernel32:KERNEL32.dll
 0002:00000134       __imp__LCMapStringW@24     00429134     kernel32:KERNEL32.dll
 0002:00000138       __imp__SetStdHandle@8      00429138     kernel32:KERNEL32.dll
 0002:0000013c       __imp__GetConsoleCP@0      0042913c     kernel32:KERNEL32.dll
 0002:00000140       __imp__GetConsoleMode@8    00429140     kernel32:KERNEL32.dll
 0002:00000144       __imp__RtlUnwind@16        00429144     kernel32:KERNEL32.dll
 0002:00000148       __imp__VirtualFree@12      00429148     kernel32:KERNEL32.dll
 0002:0000014c       __imp__VirtualAlloc@16     0042914c     kernel32:KERNEL32.dll
 0002:00000150       __imp__HeapReAlloc@16      00429150     kernel32:KERNEL32.dll
 0002:00000154       \177KERNEL32_NULL_THUNK_DATA 00429154     kernel32:KERNEL32.dll
 0002:00000158       __imp__waveInAddBuffer@12  00429158     winmm:WINMM.dll
 0002:0000015c       __imp__waveOutPrepareHeader@12 0042915c     winmm:WINMM.dll
 0002:00000160       __imp__waveOutGetNumDevs@0 00429160     winmm:WINMM.dll
 0002:00000164       __imp__waveInOpen@24       00429164     winmm:WINMM.dll
 0002:00000168       __imp__waveInGetDevCapsA@12 00429168     winmm:WINMM.dll
 0002:0000016c       __imp__waveOutOpen@24      0042916c     winmm:WINMM.dll
 0002:00000170       __imp__waveInPrepareHeader@12 00429170     winmm:WINMM.dll
 0002:00000174       __imp__timeBeginPeriod@4   00429174     winmm:WINMM.dll
 0002:00000178       __imp__waveInUnprepareHeader@12 00429178     winmm:WINMM.dll
 0002:0000017c       __imp__timeGetDevCaps@8    0042917c     winmm:WINMM.dll
 0002:00000180       __imp__waveOutWrite@12     00429180     winmm:WINMM.dll
 0002:00000184       __imp__waveOutUnprepareHeader@12 00429184     winmm:WINMM.dll
 0002:00000188       __imp__waveInClose@4       00429188     winmm:WINMM.dll
 0002:0000018c       __imp__waveOutGetDevCapsA@12 0042918c     winmm:WINMM.dll
 0002:00000190       __imp__waveInStart@4       00429190     winmm:WINMM.dll
 0002:00000194       __imp__waveInGetNumDevs@0  00429194     winmm:WINMM.dll
 0002:00000198       __imp__waveOutClose@4      00429198     winmm:WINMM.dll
 0002:0000019c       __imp__timeGetTime@0       0042919c     winmm:WINMM.dll
 0002:000001a0       \177WINMM_NULL_THUNK_DATA  004291a0     winmm:WINMM.dll
 0002:000001a4       __imp__send@16             004291a4     WS2_32:WS2_32.dll
 0002:000001a8       __imp__htons@4             004291a8     WS2_32:WS2_32.dll
 0002:000001ac       __imp__accept@12           004291ac     WS2_32:WS2_32.dll
 0002:000001b0       __imp__WSAGetLastError@0   004291b0     WS2_32:WS2_32.dll
 0002:000001b4       __imp__closesocket@4       004291b4     WS2_32:WS2_32.dll
 0002:000001b8       __imp__select@20           004291b8     WS2_32:WS2_32.dll
 0002:000001bc       __imp____WSAFDIsSet@8      004291bc     WS2_32:WS2_32.dll
 0002:000001c0       __imp__listen@8            004291c0     WS2_32:WS2_32.dll
 0002:000001c4       __imp__WSAStartup@8        004291c4     WS2_32:WS2_32.dll
 0002:000001c8       __imp__socket@12           004291c8     WS2_32:WS2_32.dll
 0002:000001cc       __imp__bind@12             004291cc     WS2_32:WS2_32.dll
 0002:000001d0       __imp__recv@16             004291d0     WS2_32:WS2_32.dll
 0002:000001d4       __imp__ioctlsocket@12      004291d4     WS2_32:WS2_32.dll
 0002:000001d8       __imp__setsockopt@20       004291d8     WS2_32:WS2_32.dll
 0002:000001dc       \177WS2_32_NULL_THUNK_DATA 004291dc     WS2_32:WS2_32.dll
 0002:000001e0       ___xc_a                    004291e0     LIBCMT:crt0init.obj
 0002:000001e4       ___xc_z                    004291e4     LIBCMT:crt0init.obj
 0002:000001e8       ___xi_a                    004291e8     LIBCMT:crt0init.obj
 0002:00000204       ___xi_z                    00429204     LIBCMT:crt0init.obj
 0002:00000208       ___xp_a                    00429208     LIBCMT:crt0init.obj
 0002:00000214       ___xp_z                    00429214     LIBCMT:crt0init.obj
 0002:00000218       ___xt_a                    00429218     LIBCMT:crt0init.obj
 0002:0000021c       ___xt_z                    0042921c     LIBCMT:crt0init.obj
 0002:00000288       ??_C@_02LMMGGCAJ@?3?5?$AA@ 00429288     LIBCMT:perror.obj
 0002:0000028c       ??_C@_07EPKMNAGK@?4mixcrt?$AA@ 0042928c     LIBCMT:tidtable.obj
 0002:00000294       ??_C@_0O@NLDKAIKN@EncodePointer?$AA@ 00429294     LIBCMT:tidtable.obj
 0002:000002a4       ??_C@_0N@NHGLKGEC@KERNEL32?4DLL?$AA@ 004292a4     LIBCMT:tidtable.obj
 0002:000002b4       ??_C@_0O@KBPMFGHI@DecodePointer?$AA@ 004292b4     LIBCMT:tidtable.obj
 0002:000002c4       ??_C@_07PEJMOBNF@FlsFree?$AA@ 004292c4     LIBCMT:tidtable.obj
 0002:000002cc       ??_C@_0M@JCPCPOEF@FlsSetValue?$AA@ 004292cc     LIBCMT:tidtable.obj
 0002:000002d8       ??_C@_0M@GDNOONDI@FlsGetValue?$AA@ 004292d8     LIBCMT:tidtable.obj
 0002:000002e4       ??_C@_08KNHFBNJ@FlsAlloc?$AA@ 004292e4     LIBCMT:tidtable.obj
 0002:00000378       ??_C@_1O@CEDCILHN@?$AA?$CI?$AAn?$AAu?$AAl?$AAl?$AA?$CJ?$AA?$AA@ 00429378     LIBCMT:output.obj
 0002:00000388       ??_C@_06OJHGLDPL@?$CInull?$CJ?$AA@ 00429388     LIBCMT:output.obj
 0002:00000390       ___lookuptable             00429390     LIBCMT:output.obj
 0002:000003ec       ??_C@_0P@MIGLKIOC@CorExitProcess?$AA@ 004293ec     LIBCMT:crt0dat.obj
 0002:000003fc       ??_C@_0M@MBOPBNBK@mscoree?4dll?$AA@ 004293fc     LIBCMT:crt0dat.obj
 0002:00000408       ??_C@_13NOLLCAOD@?$AA?$AA?$AA?$AA@ 00429408     LIBCMT:a_map.obj
 0002:00000478       ??_C@_03IIINPABG@tan?$AA@  00429478     LIBCMT:libm_error.obj
 0002:0000047c       ??_C@_03LALBNOCG@cos?$AA@  0042947c     LIBCMT:libm_error.obj
 0002:00000480       ??_C@_03BLEJJJBH@sin?$AA@  00429480     LIBCMT:libm_error.obj
 0002:00000484       ??_C@_04EHEDPDJG@modf?$AA@ 00429484     LIBCMT:libm_error.obj
 0002:0000048c       ??_C@_05PBJFFIGL@floor?$AA@ 0042948c     LIBCMT:libm_error.obj
 0002:00000494       ??_C@_04GFPJNGEK@ceil?$AA@ 00429494     LIBCMT:libm_error.obj
 0002:0000049c       ??_C@_04MLLJIGOK@atan?$AA@ 0042949c     LIBCMT:libm_error.obj
 0002:000004a4       ??_C@_05EOHGHCHD@exp10?$AA@ 004294a4     LIBCMT:libm_error.obj
 0002:000004ac       ??_C@_04PDIFKINK@acos?$AA@ 004294ac     LIBCMT:libm_error.obj
 0002:000004b4       ??_C@_04FIHNOPOL@asin?$AA@ 004294b4     LIBCMT:libm_error.obj
 0002:000004bc       ??_C@_03MGHMBJCF@log?$AA@  004294bc     LIBCMT:libm_error.obj
 0002:000004c0       ??_C@_05HGHHAHAP@log10?$AA@ 004294c0     LIBCMT:libm_error.obj
 0002:000004c8       ??_C@_03KHJOGHMM@exp?$AA@  004294c8     LIBCMT:libm_error.obj
 0002:000004cc       ??_C@_03JGHBODFD@pow?$AA@  004294cc     LIBCMT:libm_error.obj
 0002:000004d0       ??_C@_0BG@KLEAJEFJ@Illegal?5byte?5sequence?$AA@ 004294d0     LIBCMT:syserr.obj
 0002:000004e8       ??_C@_0BE@ICMCHPHH@Directory?5not?5empty?$AA@ 004294e8     LIBCMT:syserr.obj
 0002:000004fc       ??_C@_0BJ@IHEHINLI@Function?5not?5implemented?$AA@ 004294fc     LIBCMT:syserr.obj
 0002:00000518       ??_C@_0BD@CLHBCGPB@No?5locks?5available?$AA@ 00429518     LIBCMT:syserr.obj
 0002:0000052c       ??_C@_0BC@BEDIHIDK@Filename?5too?5long?$AA@ 0042952c     LIBCMT:syserr.obj
 0002:00000540       ??_C@_0BK@JAEBMJJM@Resource?5deadlock?5avoided?$AA@ 00429540     LIBCMT:syserr.obj
 0002:0000055c       ??_C@_0BB@FCBJFCAJ@Result?5too?5large?$AA@ 0042955c     LIBCMT:syserr.obj
 0002:00000570       ??_C@_0N@MMJPGLJK@Domain?5error?$AA@ 00429570     LIBCMT:syserr.obj
 0002:00000580       ??_C@_0M@LHEPIIOM@Broken?5pipe?$AA@ 00429580     LIBCMT:syserr.obj
 0002:0000058c       ??_C@_0P@PKCJJLLM@Too?5many?5links?$AA@ 0042958c     LIBCMT:syserr.obj
 0002:0000059c       ??_C@_0BG@DDBFNKBH@Read?9only?5file?5system?$AA@ 0042959c     LIBCMT:syserr.obj
 0002:000005b4       ??_C@_0N@FEHLOILP@Invalid?5seek?$AA@ 004295b4     LIBCMT:syserr.obj
 0002:000005c4       ??_C@_0BI@FEALHKLD@No?5space?5left?5on?5device?$AA@ 004295c4     LIBCMT:syserr.obj
 0002:000005dc       ??_C@_0P@LFMMIPAE@File?5too?5large?$AA@ 004295dc     LIBCMT:syserr.obj
 0002:000005ec       ??_C@_0CE@ONOKNLPF@Inappropriate?5I?1O?5control?5operat@ 004295ec     LIBCMT:syserr.obj
 0002:00000610       ??_C@_0BE@INBJMKGG@Too?5many?5open?5files?$AA@ 00429610     LIBCMT:syserr.obj
 0002:00000624       ??_C@_0BO@IIFBODJE@Too?5many?5open?5files?5in?5system?$AA@ 00429624     LIBCMT:syserr.obj
 0002:00000644       ??_C@_0BB@HMGGCEBG@Invalid?5argument?$AA@ 00429644     LIBCMT:syserr.obj
 0002:00000658       ??_C@_0P@NDHGCGKE@Is?5a?5directory?$AA@ 00429658     LIBCMT:syserr.obj
 0002:00000668       ??_C@_0BA@CJBACOOL@Not?5a?5directory?$AA@ 00429668     LIBCMT:syserr.obj
 0002:00000678       ??_C@_0P@NLEIANHE@No?5such?5device?$AA@ 00429678     LIBCMT:syserr.obj
 0002:00000688       ??_C@_0O@OAMDNOCP@Improper?5link?$AA@ 00429688     LIBCMT:syserr.obj
 0002:00000698       ??_C@_0M@NAAJNNGH@File?5exists?$AA@ 00429698     LIBCMT:syserr.obj
 0002:000006a4       ??_C@_0BA@BIBLIOEK@Resource?5device?$AA@ 004296a4     LIBCMT:syserr.obj
 0002:000006b4       ??_C@_0O@NIPGCINC@Unknown?5error?$AA@ 004296b4     LIBCMT:syserr.obj
 0002:000006c4       ??_C@_0M@LOEHLCJD@Bad?5address?$AA@ 004296c4     LIBCMT:syserr.obj
 0002:000006d0       ??_C@_0BC@HFNFNKAI@Permission?5denied?$AA@ 004296d0     LIBCMT:syserr.obj
 0002:000006e4       ??_C@_0BB@IMDKMPFB@Not?5enough?5space?$AA@ 004296e4     LIBCMT:syserr.obj
 0002:000006f8       ??_C@_0CB@EPFKGNAK@Resource?5temporarily?5unavailable@ 004296f8     LIBCMT:syserr.obj
 0002:0000071c       ??_C@_0BD@LOHELEP@No?5child?5processes?$AA@ 0042971c     LIBCMT:syserr.obj
 0002:00000730       ??_C@_0BE@NFGDDCEF@Bad?5file?5descriptor?$AA@ 00429730     LIBCMT:syserr.obj
 0002:00000744       ??_C@_0BC@HKPNECK@Exec?5format?5error?$AA@ 00429744     LIBCMT:syserr.obj
 0002:00000758       ??_C@_0BC@MFFGCDFL@Arg?5list?5too?5long?$AA@ 00429758     LIBCMT:syserr.obj
 0002:0000076c       ??_C@_0BK@DPKMCKJ@No?5such?5device?5or?5address?$AA@ 0042976c     LIBCMT:syserr.obj
 0002:00000788       ??_C@_0BD@KKNFOBBD@Input?1output?5error?$AA@ 00429788     LIBCMT:syserr.obj
 0002:0000079c       ??_C@_0BK@FJBOAFDK@Interrupted?5function?5call?$AA@ 0042979c     LIBCMT:syserr.obj
 0002:000007b8       ??_C@_0BA@FKIAIBGA@No?5such?5process?$AA@ 004297b8     LIBCMT:syserr.obj
 0002:000007c8       ??_C@_0BK@FMDHKPNF@No?5such?5file?5or?5directory?$AA@ 004297c8     LIBCMT:syserr.obj
 0002:000007e4       ??_C@_0BI@BJFCGOHL@Operation?5not?5permitted?$AA@ 004297e4     LIBCMT:syserr.obj
 0002:000007fc       ??_C@_08INEPGKHH@No?5error?$AA@ 004297fc     LIBCMT:syserr.obj
 0002:0000082c       ??_C@_0P@GGKDKEEG@runtime?5error?5?$AA@ 0042982c     LIBCMT:crt0msg.obj
 0002:0000083c       ??_C@_0O@MJNIPGOH@TLOSS?5error?$AN?6?$AA@ 0042983c     LIBCMT:crt0msg.obj
 0002:0000084c       ??_C@_0N@BONNPDHF@SING?5error?$AN?6?$AA@ 0042984c     LIBCMT:crt0msg.obj
 0002:0000085c       ??_C@_0P@MBDAJNE@DOMAIN?5error?$AN?6?$AA@ 0042985c     LIBCMT:crt0msg.obj
 0002:00000870       ??_C@_0JL@DFDOOABL@R6034?$AN?6An?5application?5has?5made?5a@ 00429870     LIBCMT:crt0msg.obj
 0002:00000910       ??_C@_0PH@EPAFIJ@R6033?$AN?6?9?5Attempt?5to?5use?5MSIL?5cod@ 00429910     LIBCMT:crt0msg.obj
 0002:00000a08       ??_C@_0DD@BKEEABMM@R6032?$AN?6?9?5not?5enough?5space?5for?5lo@ 00429a08     LIBCMT:crt0msg.obj
 0002:00000a40       ??_C@_0GD@OFKILIED@R6031?$AN?6?9?5Attempt?5to?5initialize?5t@ 00429a40     LIBCMT:crt0msg.obj
 0002:00000aa4       ??_C@_0BP@LPMHJOKI@R6030?$AN?6?9?5CRT?5not?5initialized?$AN?6?$AA@ 00429aa4     LIBCMT:crt0msg.obj
 0002:00000ac4       ??_C@_0CF@KJDAIALP@R6028?$AN?6?9?5unable?5to?5initialize?5he@ 00429ac4     LIBCMT:crt0msg.obj
 0002:00000aec       ??_C@_0DF@GAKBPDFP@R6027?$AN?6?9?5not?5enough?5space?5for?5lo@ 00429aec     LIBCMT:crt0msg.obj
 0002:00000b24       ??_C@_0DF@IBLNNAIG@R6026?$AN?6?9?5not?5enough?5space?5for?5st@ 00429b24     LIBCMT:crt0msg.obj
 0002:00000b5c       ??_C@_0CG@IOHKGFNJ@R6025?$AN?6?9?5pure?5virtual?5function?5c@ 00429b5c     LIBCMT:crt0msg.obj
 0002:00000b84       ??_C@_0DF@JIJJFJDC@R6024?$AN?6?9?5not?5enough?5space?5for?5_o@ 00429b84     LIBCMT:crt0msg.obj
 0002:00000bbc       ??_C@_0CJ@EGEJHFME@R6019?$AN?6?9?5unable?5to?5open?5console?5@ 00429bbc     LIBCMT:crt0msg.obj
 0002:00000be8       ??_C@_0CB@GNHNIELH@R6018?$AN?6?9?5unexpected?5heap?5error?$AN?6@ 00429be8     LIBCMT:crt0msg.obj
 0002:00000c0c       ??_C@_0CN@FOLDKNG@R6017?$AN?6?9?5unexpected?5multithread?5@ 00429c0c     LIBCMT:crt0msg.obj
 0002:00000c3c       ??_C@_0CM@FAHFJNHO@R6016?$AN?6?9?5not?5enough?5space?5for?5th@ 00429c3c     LIBCMT:crt0msg.obj
 0002:00000c68       ??_C@_0JG@LBKMGKLD@?$AN?6This?5application?5has?5requested@ 00429c68     LIBCMT:crt0msg.obj
 0002:00000d00       ??_C@_0CM@FLCNIPKK@R6009?$AN?6?9?5not?5enough?5space?5for?5en@ 00429d00     LIBCMT:crt0msg.obj
 0002:00000d2c       ??_C@_0CK@KMMJOAPP@R6008?$AN?6?9?5not?5enough?5space?5for?5ar@ 00429d2c     LIBCMT:crt0msg.obj
 0002:00000d58       ??_C@_0CN@LEKKICBM@R6002?$AN?6?9?5floating?5point?5support?5@ 00429d58     LIBCMT:crt0msg.obj
 0002:00000d88       ??_C@_0CF@GOGNBNAK@Microsoft?5Visual?5C?$CL?$CL?5Runtime?5Lib@ 00429d88     LIBCMT:crt0msg.obj
 0002:00000db0       ??_C@_02PHMGELLB@?6?6?$AA@ 00429db0     LIBCMT:crt0msg.obj
 0002:00000db4       ??_C@_03KHICJKCI@?4?4?4?$AA@ 00429db4     LIBCMT:crt0msg.obj
 0002:00000db8       ??_C@_0BH@DNAGHKFM@?$DMprogram?5name?5unknown?$DO?$AA@ 00429db8     LIBCMT:crt0msg.obj
 0002:00000dd0       ??_C@_0BK@OFGJDLJJ@Runtime?5Error?$CB?6?6Program?3?5?$AA@ 00429dd0     LIBCMT:crt0msg.obj
 0002:00000df0       ___newctype                00429df0     LIBCMT:ctype.obj
 0002:000010f0       __wctype                   0042a0f0     LIBCMT:ctype.obj
 0002:000012f8       ___newclmap                0042a2f8     LIBCMT:ctype.obj
 0002:00001478       ___newcumap                0042a478     LIBCMT:ctype.obj
 0002:000015f8       ??_C@_08JCCMCCIL@HH?3mm?3ss?$AA@ 0042a5f8     LIBCMT:strftime.obj
 0002:00001604       ??_C@_0BE@CKGJFCPC@dddd?0?5MMMM?5dd?0?5yyyy?$AA@ 0042a604     LIBCMT:strftime.obj
 0002:00001618       ??_C@_08BPBNCDIB@MM?1dd?1yy?$AA@ 0042a618     LIBCMT:strftime.obj
 0002:00001624       ??_C@_02CJNFDJBF@PM?$AA@   0042a624     LIBCMT:strftime.obj
 0002:00001628       ??_C@_02DEDBPAFC@AM?$AA@   0042a628     LIBCMT:strftime.obj
 0002:0000162c       ??_C@_08EDHMEBNP@December?$AA@ 0042a62c     LIBCMT:strftime.obj
 0002:00001638       ??_C@_08HCHEGEOA@November?$AA@ 0042a638     LIBCMT:strftime.obj
 0002:00001644       ??_C@_07JJNFCEND@October?$AA@ 0042a644     LIBCMT:strftime.obj
 0002:0000164c       ??_C@_09BHHEALKD@September?$AA@ 0042a64c     LIBCMT:strftime.obj
 0002:00001658       ??_C@_06LBBHFDDG@August?$AA@ 0042a658     LIBCMT:strftime.obj
 0002:00001660       ??_C@_04MIEPOIFP@July?$AA@ 0042a660     LIBCMT:strftime.obj
 0002:00001668       ??_C@_04CNLMGBGM@June?$AA@ 0042a668     LIBCMT:strftime.obj
 0002:00001670       ??_C@_05DMJDNLEJ@April?$AA@ 0042a670     LIBCMT:strftime.obj
 0002:00001678       ??_C@_05HPCKOFNC@March?$AA@ 0042a678     LIBCMT:strftime.obj
 0002:00001680       ??_C@_08GNJGEPFN@February?$AA@ 0042a680     LIBCMT:strftime.obj
 0002:0000168c       ??_C@_07CGJPFGJA@January?$AA@ 0042a68c     LIBCMT:strftime.obj
 0002:00001694       ??_C@_03MKABNOCG@Dec?$AA@  0042a694     LIBCMT:strftime.obj
 0002:00001698       ??_C@_03JPJOFNIA@Nov?$AA@  0042a698     LIBCMT:strftime.obj
 0002:0000169c       ??_C@_03BMAOKBAD@Oct?$AA@  0042a69c     LIBCMT:strftime.obj
 0002:000016a0       ??_C@_03GGCAPAJC@Sep?$AA@  0042a6a0     LIBCMT:strftime.obj
 0002:000016a4       ??_C@_03IFJFEIGA@Aug?$AA@  0042a6a4     LIBCMT:strftime.obj
 0002:000016a8       ??_C@_03LBGABGKK@Jul?$AA@  0042a6a8     LIBCMT:strftime.obj
 0002:000016ac       ??_C@_03IDFGHECI@Jun?$AA@  0042a6ac     LIBCMT:strftime.obj
 0002:000016b0       ??_C@_03CNMDKL@May?$AA@    0042a6b0     LIBCMT:strftime.obj
 0002:000016b4       ??_C@_03LEOLGMJP@Apr?$AA@  0042a6b4     LIBCMT:strftime.obj
 0002:000016b8       ??_C@_03ODNJBKGA@Mar?$AA@  0042a6b8     LIBCMT:strftime.obj
 0002:000016bc       ??_C@_03HJBDCHOM@Feb?$AA@  0042a6bc     LIBCMT:strftime.obj
 0002:000016c0       ??_C@_03JIHJHPIE@Jan?$AA@  0042a6c0     LIBCMT:strftime.obj
 0002:000016c4       ??_C@_08INBOOONO@Saturday?$AA@ 0042a6c4     LIBCMT:strftime.obj
 0002:000016d0       ??_C@_06JECMNKMI@Friday?$AA@ 0042a6d0     LIBCMT:strftime.obj
 0002:000016d8       ??_C@_08HACCIKIA@Thursday?$AA@ 0042a6d8     LIBCMT:strftime.obj
 0002:000016e4       ??_C@_09DLIGFAKA@Wednesday?$AA@ 0042a6e4     LIBCMT:strftime.obj
 0002:000016f0       ??_C@_07BAAGCFCM@Tuesday?$AA@ 0042a6f0     LIBCMT:strftime.obj
 0002:000016f8       ??_C@_06JLEDEDGH@Monday?$AA@ 0042a6f8     LIBCMT:strftime.obj
 0002:00001700       ??_C@_06OOPIFAJ@Sunday?$AA@ 0042a700     LIBCMT:strftime.obj
 0002:00001708       ??_C@_03FEFJNEK@Sat?$AA@   0042a708     LIBCMT:strftime.obj
 0002:0000170c       ??_C@_03IDIOELNC@Fri?$AA@  0042a70c     LIBCMT:strftime.obj
 0002:00001710       ??_C@_03IOFIKPDN@Thu?$AA@  0042a710     LIBCMT:strftime.obj
 0002:00001714       ??_C@_03MHOMLAJA@Wed?$AA@  0042a714     LIBCMT:strftime.obj
 0002:00001718       ??_C@_03NAGEINEP@Tue?$AA@  0042a718     LIBCMT:strftime.obj
 0002:0000171c       ??_C@_03PDAGKDH@Mon?$AA@   0042a71c     LIBCMT:strftime.obj
 0002:00001720       ??_C@_03KOEHGMDN@Sun?$AA@  0042a720     LIBCMT:strftime.obj
 0002:00001728       ___lookuptable_s           0042a728     LIBCMT:outputs.obj
 0002:00001784       ??_C@_0CG@PKBDLMEO@InitializeCriticalSectionAndSpin@ 0042a784     LIBCMT:initcrit.obj
 0002:000017ac       ??_C@_0N@MDJJJHMB@kernel32?4dll?$AA@ 0042a7ac     LIBCMT:initcrit.obj
 0002:000017bc       __FPinit                   0042a7bc     LIBCMT:fpinit.obj
 0002:000017c0       __FPmtinit                 0042a7c0     LIBCMT:fpinit.obj
 0002:000017c4       __FPmtterm                 0042a7c4     LIBCMT:fpinit.obj
 0002:000017c8       ??_C@_0L@KDOEJCKC@_nextafter?$AA@ 0042a7c8     LIBCMT:fpexcept.obj
 0002:000017d4       ??_C@_05JGDBENOH@_logb?$AA@ 0042a7d4     LIBCMT:fpexcept.obj
 0002:000017dc       ??_C@_03ONILCKOB@_yn?$AA@  0042a7dc     LIBCMT:fpexcept.obj
 0002:000017e0       ??_C@_03NAKIGLHK@_y1?$AA@  0042a7e0     LIBCMT:fpexcept.obj
 0002:000017e4       ??_C@_03MJLDFKDL@_y0?$AA@  0042a7e4     LIBCMT:fpexcept.obj
 0002:000017e8       ??_C@_05GKKHEGJL@frexp?$AA@ 0042a7e8     LIBCMT:fpexcept.obj
 0002:000017f0       ??_C@_04KEPJIHGP@fmod?$AA@ 0042a7f0     LIBCMT:fpexcept.obj
 0002:000017f8       ??_C@_06MEIMCGCF@_hypot?$AA@ 0042a7f8     LIBCMT:fpexcept.obj
 0002:00001800       ??_C@_05KBKMEMPO@_cabs?$AA@ 0042a800     LIBCMT:fpexcept.obj
 0002:00001808       ??_C@_05CEJMAHNP@ldexp?$AA@ 0042a808     LIBCMT:fpexcept.obj
 0002:00001810       ??_C@_04ODHECPBC@fabs?$AA@ 0042a810     LIBCMT:fpexcept.obj
 0002:00001818       ??_C@_04EIAKFFMI@sqrt?$AA@ 0042a818     LIBCMT:fpexcept.obj
 0002:00001820       ??_C@_05KNGEOGJB@atan2?$AA@ 0042a820     LIBCMT:fpexcept.obj
 0002:00001828       ??_C@_04FJHINJAO@tanh?$AA@ 0042a828     LIBCMT:fpexcept.obj
 0002:00001830       ??_C@_04HPJJNFIM@cosh?$AA@ 0042a830     LIBCMT:fpexcept.obj
 0002:00001838       ??_C@_04COOMCNPB@sinh?$AA@ 0042a838     LIBCMT:fpexcept.obj
 0002:00001840       ??_C@_0BI@DFKBFLJE@GetProcessWindowStation?$AA@ 0042a840     LIBCMT:crtmbox.obj
 0002:00001858       ??_C@_0BK@CIDNPOGP@GetUserObjectInformationA?$AA@ 0042a858     LIBCMT:crtmbox.obj
 0002:00001874       ??_C@_0BD@HHGDFDBJ@GetLastActivePopup?$AA@ 0042a874     LIBCMT:crtmbox.obj
 0002:00001888       ??_C@_0BA@HNOPNCHB@GetActiveWindow?$AA@ 0042a888     LIBCMT:crtmbox.obj
 0002:00001898       ??_C@_0M@CHKKJDAI@MessageBoxA?$AA@ 0042a898     LIBCMT:crtmbox.obj
 0002:000018a4       ??_C@_0L@NDEGIDAG@USER32?4DLL?$AA@ 0042a8a4     LIBCMT:crtmbox.obj
 0002:000018b0       ___dnames                  0042a8b0     LIBCMT:timeset.obj
 0002:000018c8       ___mnames                  0042a8c8     LIBCMT:timeset.obj
 0002:000018f0       ??_C@_05KLBDPFGC@e?$CL000?$AA@ 0042a8f0     LIBCMT:cvt.obj
 0002:000018f8       __real@4150017ec0000000    0042a8f8     LIBCMT:testfdiv.obj
 0002:00001900       __real@4147ffff80000000    0042a900     LIBCMT:testfdiv.obj
 0002:00001908       ??_C@_0BK@NHEOCAHP@IsProcessorFeaturePresent?$AA@ 0042a908     LIBCMT:testfdiv.obj
 0002:00001924       ??_C@_08CPNIBGIE@KERNEL32?$AA@ 0042a924     LIBCMT:testfdiv.obj
 0002:00001930       ??_C@_07GPDNMNG@CONOUT$?$AA@ 0042a930     LIBCMT:initcon.obj
 0002:00001938       ??_C@_06IMKFLFPG@1?$CDQNAN?$AA@ 0042a938     LIBCMT:x10fout.obj
 0002:00001940       ??_C@_05DNEBIAHO@1?$CDINF?$AA@ 0042a940     LIBCMT:x10fout.obj
 0002:00001948       ??_C@_05PHHOCPM@1?$CDIND?$AA@ 0042a948     LIBCMT:x10fout.obj
 0002:00001950       ??_C@_06PGGFOGJG@1?$CDSNAN?$AA@ 0042a950     LIBCMT:x10fout.obj
 0002:00001958       _BoolString                0042a958     Waveout.obj
 0002:00001968       _ARQBandwidths             0042a968     ARQ.obj
 0002:000019c8       _ARQSubStates              0042a9c8     ARQ.obj
 0002:00001a38       _int50BaudTwoToneLeaderTemplate 0042aa38     ardopSampleArrays.obj
 0002:00001c18       _intTwoToneLeaderTemplate  0042ac18     ardopSampleArrays.obj
 0002:00001d08       _intFSK50bdCarTemplate     0042ad08     ardopSampleArrays.obj
 0002:00002488       _intFSK25bdCarTemplate     0042b488     ardopSampleArrays.obj
 0002:00006088       _intFSK100bdCarTemplate    0042f088     ardopSampleArrays.obj
 0002:00007348       _intFSK600bdCarTemplate    00430348     ardopSampleArrays.obj
 0002:000073e8       _intPSK100bdCarTemplate    004303e8     ardopSampleArrays.obj
 0002:000095a8       _intPSK200bdCarTemplate    004325a8     ardopSampleArrays.obj
 0002:0000a9e8       _ARDOPStates               004339e8     ARDOPC.obj
 0002:0000aa30       _bytValidFrameTypesALL     00433a30     ARDOPC.obj
 0002:0000aac0       _bytValidFrameTypesISS     00433ac0     ARDOPC.obj
 0002:0000ab18       _isValidFrame              00433b18     ARDOPC.obj
 0002:0000ac18       _strAllDataModes           00433c18     ARDOPC.obj
 0002:0000ada0       _Rate                      00433da0     ARDOPC.obj
 0002:0000afa0       _strFrameType              00433fa0     ARDOPC.obj
 0002:0000c1a0       _shortFrameType            004351a0     ARDOPC.obj
 0002:0000cda0       _CRCTAB                    00435da0     ARDOPC.obj
 0002:0000cfa0       ??_C@_04KOHEBHGC@4FSK?$AA@ 00435fa0     ARDOPC.obj
 0002:0000cfa8       ??_C@_04NLAGBPCB@4PSK?$AA@ 00435fa8     ARDOPC.obj
 0002:0000cfb0       ??_C@_04BOPGPCCA@8PSK?$AA@ 00435fb0     ARDOPC.obj
 0002:0000cfb8       ??_C@_04GLIEPKGD@8FSK?$AA@ 00435fb8     ARDOPC.obj
 0002:0000cfc0       ??_C@_05GMHCMGLE@16FSK?$AA@ 00435fc0     ARDOPC.obj
 0002:0000cfc8       ??_C@_05OIEEHJAK@16QAM?$AA@ 00435fc8     ARDOPC.obj
 0002:0000cfd0       ??_C@_02NBMCHJGB@CQ?$AA@   00435fd0     ARDOPC.obj
 0002:0000cfd4       ??_C@_05CEHMOPDA@No?5GS?$AA@ 00435fd4     ARDOPC.obj
 0002:0000cfdc       ??_C@_0N@KPLPPDHJ@?5?$CFs?3?$FLNo?5GS?$FN?5?$AA@ 00435fdc     ARDOPC.obj
 0002:0000cfec       ??_C@_09FCIAPBKJ@?5?$CFs?3?$FL?$CFs?$FN?5?$AA@ 00435fec     ARDOPC.obj
 0002:0000cff8       ??_C@_03OJBHPKML@IDF?$AA@  00435ff8     ARDOPC.obj
 0002:0000cffc       ??_C@_04PFOHOKJK@?5?5?5?5?$AA@ 00435ffc     ARDOPC.obj
 0002:0000d004       ??_C@_08GGFKNFHG@?5?5?5?5?5?5?5?5?$AA@ 00436004     ARDOPC.obj
 0002:0000d00d       ??_C@_00CNPNBAHC@?$AA@     0043600d     ARDOPC.obj
 0002:0000d010       ??_C@_03LDPEHNKI@?9?$CFd?$AA@ 00436010     ARDOPC.obj
 0002:0000d014       ??_C@_03PMLFOLGP@?9?$CFc?$AA@ 00436014     ARDOPC.obj
 0002:0000d018       ??_C@_08BMJCPEED@BUFFER?50?$AA@ 00436018     ARDOPC.obj
 0002:0000d024       ??_C@_09PELFENOG@BUFFER?5?$CFd?$AA@ 00436024     ARDOPC.obj
 0002:0000d030       ??_C@_0BF@DABGBADG@Repeating?5Last?5Frame?$AA@ 00436030     ARDOPC.obj
 0002:0000d048       ??_C@_0FG@EEOPIPME@ARDOPprotocol?4tmrSendTimeout?$FN?5?5A@ 00436048     ARDOPC.obj
 0002:0000d0a0       ??_C@_0N@HLEBDOBD@DISCONNECTED?$AA@ 004360a0     ARDOPC.obj
 0002:0000d0b0       ??_C@_0CM@MLOPGBEH@STATUS?5ARQ?5Timeout?5from?5Protocol@ 004360b0     ARDOPC.obj
 0002:0000d0e0       ??_C@_0FM@HONCEPPF@ARDOPprotocol?4tmrIRSPendingTimeo@ 004360e0     ARDOPC.obj
 0002:0000d13c       ??_C@_0DL@JKFLKFJC@STATUS?5ARQ?5CONNECT?5REQUEST?5TIMEO@ 0043613c     ARDOPC.obj
 0002:0000d178       ??_C@_0DN@JOANKNOA@?$FLARDOPprotocol?4tmrFinalID_Elapse@ 00436178     ARDOPC.obj
[...]
 0003:00019070       _xdblCoef                  00459070     SoundInput.obj
 0003:000190dc       _intSNdB                   004590dc     SoundInput.obj
 0003:00019124       _intQuality                00459124     SoundInput.obj
 0003:00019128       _pskStart                  00459128     SoundInput.obj
 0003:00019130       _intCarMagThreshold        00459130     SoundInput.obj
 0003:00019140       _CONNECTED                 00459140     TCPHostInterface.obj
 0003:00019144       _DATACONNECTED             00459144     TCPHostInterface.obj
 0003:00019148       _InputLen                  00459148     TCPHostInterface.obj
 0003:0001914c       _DataInputLen              0045914c     TCPHostInterface.obj
 0003:00019150       _bytDataToSendLength       00459150     TCPHostInterface.obj
 0003:00019154       _InReceiveProcess          00459154     TCPHostInterface.obj
 0003:00019158       _Loopback                  00459158     Waveout.obj
 0003:0001915c       _CaptureDevices            0045915c     Waveout.obj
 0003:00019160       _PlaybackDevices           00459160     Waveout.obj
 0003:00019164       _CaptureCount              00459164     Waveout.obj
 0003:00019168       _PlaybackCount             00459168     Waveout.obj
 0003:0001916c       _hWaveOut                  0045916c     Waveout.obj
 0003:00019170       _CaptureNames              00459170     Waveout.obj
 0003:00019390       _PlaybackNames             00459390     Waveout.obj
 0003:000195b0       _hWaveIn                   004595b0     Waveout.obj
 0003:000195b4       _Index                     004595b4     Waveout.obj
 0003:000195b8       _inIndex                   004595b8     Waveout.obj
 0003:000195bc       _min                       004595bc     Waveout.obj
 0003:000195c0       _max                       004595c0     Waveout.obj
 0003:000195c4       _leveltimer                004595c4     Waveout.obj
 0003:000195c8       _logfile                   004595c8     Waveout.obj
 0003:000195cc       _statslogfile              004595cc     Waveout.obj
 0003:000195d0       __debugger_hook_dummy      004595d0     <common>
 0003:000195d4       ___active_heap             004595d4     <common>
 0003:000195d8       ___sbh_cntHeaderList       004595d8     <common>
 0003:000195dc       ___sbh_pHeaderList         004595dc     <common>
 0003:000195e0       ___sbh_threshold           004595e0     <common>
 0003:000195e4       ___sbh_pHeaderScan         004595e4     <common>
 0003:000195e8       ___sbh_sizeHeaderList      004595e8     <common>
 0003:000195ec       ___sbh_indGroupDefer       004595ec     <common>
 0003:000195f0       __pmatherr                 004595f0     <common>
 0003:000195f4       __pDestructExceptionObject 004595f4     <common>
 0003:000195f8       ___env_initialized         004595f8     <common>
 0003:000195fc       ___onexitend               004595fc     <common>
 0003:00019600       ___onexitbegin             00459600     <common>
 0003:00019604       ___mbctype_initialized     00459604     <common>
 0003:00019608       ___dyn_tls_init_callback   00459608     <common>
 0003:0001960c       __nhandle                  0045960c     <common>
 0003:00019620       ___pioinfo                 00459620     <common>
 0003:00019720       ___use_sse2_mathfcns       00459720     <common>
 0003:00019724       ___sse2_available          00459724     <common>
 0003:00019728       __acmdln                   00459728     <common>
 0003:0001972c       ___piob                    0045972c     <common>
 0003:00019740       __bufin                    00459740     <common>
 0003:0001a740       __nstream                  0045a740     <common>
 0003:0001a748       _NewTicks                  0045a748     <common>
 0003:0001a750       _StartTicks                0045a750     <common>
 0003:0001a760       _inbuffer                  0045a760     <common>
 0003:0001b0c0       _pwic                      0045b0c0     <common>
 0003:0001b100       _pwoc                      0045b100     <common>
 0003:0001b138       _Frequency                 0045b138     <common>
 0003:0001b140       _LastNow                   0045b140     <common>
 0003:0001b160       _buffer                    0045b160     <common>
 0003:0001c420       _ARDOPDataBuffer           0045c420     <common>
 0003:0001e420       _ListenSock                0045e420     <common>
 0003:0001e440       _ARDOPBuffer               0045e440     <common>
 0003:00020440       _TCPControlSock            00460440     <common>
 0003:00020460       _bytDataToSend             00460460     <common>
 0003:00038b00       _DataListenSock            00478b00     <common>
 0003:00038b04       _TCPDataSock               00478b04     <common>
 0003:00038b08       _intRSLen                  00478b08     <common>
 0003:00038b20       _intPriorMixedSamples      00478b20     <common>
 0003:00038c10       _intARQRTmeasuredMs        00478c10     <common>
 0003:00038c14       _blnSymbolSyncFound        00478c14     <common>
 0003:00038c18       _dblSNdBPwr                00478c18     <common>
 0003:00038c1c       _dblHanAng                 00478c1c     <common>
 0003:00038c20       _intNforGoertzel           00478c20     <common>
 0003:00038c40       _strRcvFrameTag            00478c40     <common>
 0003:00038c60       _intCarMagAvg              00478c60     <common>
 0003:0003b520       _bytFrameData8             0047b520     <common>
 0003:0003b620       _SymbolsLeft               0047b620     <common>
 0003:0003b640       _intCarPhaseAvg            0047b640     <common>
 0003:0003df00       _bytFrameData7             0047df00     <common>
 0003:0003e000       _bytMinQualThresh          0047e000     <common>
 0003:0003e004       _intToneMagsLength         0047e004     <common>
 0003:0003e008       _intCarFreq                0047e008     <common>
 0003:0003e020       _dblFreqBin                0047e020     <common>
 0003:0003e040       _bytFrameData5             0047e040     <common>
 0003:0003e140       _blnOdd                    0047e140     <common>
 0003:0003e160       _rawSamples                0047e160     <common>
 0003:0003f420       _dblHanWin                 0047f420     <common>
 0003:0003f600       _intSampPerSym             0047f600     <common>
 0003:0003f604       _intDataLen                0047f604     <common>
 0003:0003f608       _frameLen                  0047f608     <common>
 0003:0003f620       _intSumCounts              0047f620     <common>
 0003:0003f640       _bytFrameData4             0047f640     <common>
 0003:0003f740       _intPSKMode                0047f740     <common>
 0003:0003f750       _intPSKPhase_1             0047f750     <common>
 0003:0003f760       _intToneMagsAvg            0047f760     <common>
 0003:00040c20       _strDecodeCapture          00480c20     <common>
 0003:00041020       _intNumCar                 00481020     <common>
 0003:00041024       _intPhasesLen              00481024     <common>
 0003:00041028       _blnFrameSyncFound         00481028     <common>
 0003:00041040       _bytFrameData1             00481040     <common>
 0003:00041338       _intBaud                   00481338     <common>
 0003:00041340       _intPSKPhase_0             00481340     <common>
 0003:00041360       _dblHamWin                 00481360     <common>
 0003:00042620       _bytData                   00482620     <common>
 0003:00042b18       _dttLastLeaderDetect       00482b18     <common>
 0003:00042b20       _CarrierOk                 00482b20     <common>
 0003:00042b30       _intCP                     00482b30     <common>
 0003:00042b40       _intFilteredMixedSamples   00482b40     <common>
 0003:00045250       _totalRSErrors             00485250     <common>
 0003:00045260       _bytFrameData6             00485260     <common>
 0003:00045360       _dblPhaseInc               00485360     <common>
 0003:00045368       _dblHamAng                 00485368     <common>
 0003:0004536c       _intFrameType              0048536c     <common>
 0003:00045370       _intToneMagsIndex          00485370     <common>
 0003:00045380       _bytFrameData3             00485380     <common>
 0003:00045480       _bytFrameData2             00485480     <common>
 0003:00045580       _LastDataFrameType         00485580     <common>
 0003:00045584       _dttStartRmtLeaderMeasure  00485584     <common>
 0003:000455a0       _genPoly                   004855a0     <common>
 0003:000459a0       _synBytes                  004859a0     <common>
 0003:00045ba0       _fWidth                    00485ba0     <common>
 0003:00045ba4       _DMABuffer                 00485ba4     <common>
 0003:00045ba8       _last                      00485ba8     <common>
 0003:00045bac       _SampleNo                  00485bac     <common>
 0003:00045bc0       _Last120                   00485bc0     <common>
 0003:00045cc0       _first                     00485cc0     <common>
 0003:00045ce0       _gexp                      00485ce0     <common>
 0003:000464e0       _glog                      004864e0     <common>
 0003:000468e0       _bytFailedData             004868e0     <common>
 0003:00046f20       _bytFailedDataLength       00486f20     <common>
 0003:00046f24       _crcLastFECDataPassedToHost 00486f24     <common>
 0003:00046f28       _bytFrameType              00486f28     <common>
 0003:00046f2c       _dttLastFECIDSent          00486f2c     <common>
 0003:00046f30       _blnSendIDFrame            00486f30     <common>
 0003:00046f34       _bytLastFECDataFrameSent   00486f34     <common>
 0003:00046f38       _intFECFramesSent          00486f38     <common>
 0003:00046f3c       _FECRepeatsSent            00486f3c     <common>
 0003:00046f40       _dttLastTrip               00486f40     <common>
 0003:00046f44       _NErrors                   00486f44     <common>
 0003:00046f48       _bytLastACKedDataFrameType 00486f48     <common>
 0003:00046f4c       _intQAMSymbolCnt           00486f4c     <common>
 0003:00046f50       _strRemoteCallsign         00486f50     <common>
 0003:00046f5c       _intShiftDNs               00486f5c     <common>
 0003:00046f60       _strLocalCallsign          00486f60     <common>
 0003:00046f6c       _intReceivedLeaderLen      00486f6c     <common>
 0003:00046f70       _intAvgFSKQuality          00486f70     <common>
 0003:00046f74       _intShiftUPs               00486f74     <common>
 0003:00046f78       _intSessionBW              00486f78     <common>
 0003:00046f7c       _intGoodFSKFrameTypes      00486f7c     <common>
 0003:00046f80       _intFailedFSKFrameDataDecodes 00486f80     <common>
 0003:00046f84       _intAccumQAMTracking       00486f84     <common>
 0003:00046f88       _intAvgPSKQuality          00486f88     <common>
 0003:00046f8c       _intLeaderDetects          00486f8c     <common>
 0003:00046f90       _blnDISCRepeating          00486f90     <common>
 0003:00046f94       _intFrameRepeatInterval    00486f94     <common>
 0003:00046f98       _intAccumFSKTracking       00486f98     <common>
 0003:00046f9c       _dblLeaderSNAvg            00486f9c     <common>
 0003:00046fa0       _dttStartSession           00486fa0     <common>
 0003:00046fa4       _intBW                     00486fa4     <common>
 0003:00046fa8       _dblAvgPSKRefErr           00486fa8     <common>
 0003:00046fb0       _strFinalIDCallsign        00486fb0     <common>
 0003:00046fbc       _intPSKSymbolCnt           00486fbc     <common>
 0003:00046fc0       _intQAMTrackAttempts       00486fc0     <common>
 0003:00046fc4       _bytLastReceivedDataFrameType 00486fc4     <common>
 0003:00046fc8       _dttLastIDSent             00486fc8     <common>
 0003:00046fcc       _intLinkTurnovers          00486fcc     <common>
 0003:00046fd0       _blnEnbARQRpt              00486fd0     <common>
 0003:00046fd4       _intFailedFSKFrameTypes    00486fd4     <common>
 0003:00046fd8       _bytFrameTypesForBW        00486fd8     <common>
 0003:00046fdc       _intAccumPSKTracking       00486fdc     <common>
 0003:00046fe0       _intGoodFSKFrameDataDecodes 00486fe0     <common>
 0003:00046fe4       _dblAvgDecodeDistance      00486fe4     <common>
 0003:00046fe8       _ARQState                  00486fe8     <common>
 0003:00046fec       _intEnvelopeCors           00486fec     <common>
 0003:00046ff0       _intConReqQuality          00486ff0     <common>
 0003:00046ff4       _intConReqSN               00486ff4     <common>
 0003:00046ff8       _intFrameSyncs             00486ff8     <common>
 0003:00046ffc       _intGoodPSKSummationDecodes 00486ffc     <common>
 0003:00047000       _intDecodeDistanceCount    00487000     <common>
 0003:00047004       _bytShiftUpThresholds      00487004     <common>
 0003:00047008       _blnARQConnected           00487008     <common>
 0003:0004700c       _intGoodPSKFrameDataDecodes 0048700c     <common>
 0003:00047010       _intLeaderSyncs            00487010     <common>
 0003:00047014       _tmrPollOBQueue            00487014     <common>
 0003:00047018       _intPSKTrackAttempts       00487018     <common>
 0003:0004701c       _bytPendingSessionID       0048701c     <common>
 0003:00047020       _dttTimeoutTrip            00487020     <common>
 0003:00047024       _blnPending                00487024     <common>
 0003:00047028       _bytLastARQSessionID       00487028     <common>
 0003:0004702c       _intFSKSymbolCnt           0048702c     <common>
 0003:00047030       _intAvgQuality             00487030     <common>
 0003:00047034       _intFailedPSKFrameDataDecodes 00487034     <common>
 0003:00047038       _intFailedQAMFrameDataDecodes 00487038     <common>
 0003:0004703c       _intGoodFSKSummationDecodes 0048703c     <common>
 0003:00047040       _dblFSKTuningSNAvg         00487040     <common>
 0003:00047044       _intGoodQAMFrameDataDecodes 00487044     <common>
 0003:00047048       _dblAvgCorMaxToMaxProduct  00487048     <common>
 0003:0004704c       _DecodeCompleteTime        0048704c     <common>
 0003:00047050       _stcLastPingdttTimeReceived 00487050     <common>
 0003:00047054       _EncLen                    00487054     <common>
 0003:00047058       _int8FSKQualityCnts        00487058     <common>
 0003:0004705c       _dttStartRTMeasure         0048705c     <common>
 0003:00047060       _intQAMQuality             00487060     <common>
 0003:00047064       _int4FSKQualityCnts        00487064     <common>
 0003:00047070       _stcLastPingstrTarget      00487070     <common>
 0003:0004707c       _State                     0048707c     <common>
 0003:00047080       _dttLastPINGSent           00487080     <common>
 0003:00047084       _bytValidFrameTypes        00487084     <common>
 0003:00047088       _intPSKQualityCnts         00487088     <common>
 0003:00047090       _int8FSKQuality            00487090     <common>
 0003:00047094       _intPSKSymbolsDecoded      00487094     <common>
 0003:00047098       _int16FSKQualityCnts       00487098     <common>
 0003:000470a0       _stcLastPingstrSender      004870a0     <common>
 0003:000470ac       _intFSKSymbolsDecoded      004870ac     <common>
 0003:000470b0       _stcLastPingintQuality     004870b0     <common>
 0003:000470b4       _bytValidFrameTypesLength  004870b4     <common>
 0003:000470b8       _int16FSKQuality           004870b8     <common>
 0003:000470bc       _intRepeatCount            004870bc     <common>
 0003:000470c0       _tmrSendTimeout            004870c0     <common>
 0003:000470c4       _intQAMSymbolsDecoded      004870c4     <common>
 0003:000470c8       _intQAMQualityCnts         004870c8     <common>
 0003:000470cc       _stcLastPingintRcvdSN      004870cc     <common>
 0003:000470d0       _PingCount                 004870d0     <common>
 0003:000470d4       _intGoodQAMSummationDecodes 004870d4     <common>
 0003:000470d8       _ProtocolState             004870d8     <common>
 0003:000470dc       _int4FSKQuality            004870dc     <common>
 0003:000470e0       _intLastRcvdFrameQuality   004870e0     <common>
 0003:000470e4       _newStatus                 004870e4     <common>
 0003:000470e8       _intPSKQuality             004870e8     <common>
 0003:000470f0       _intCalcLeader             004870f0     <common>
 0003:000470f4       _blnBusyStatus             004870f4     <common>

 entry point at        0001:00016f46

 Static symbols

 0001:00005dc0       _compute_discrepancy       00406dc0 f    CIL library: CIL module
 0001:000073a0       _init_exp_table            004083a0 f    CIL library: CIL module
 0001:0000b6d0       _compute_genpoly           0040c6d0 f    CIL library: CIL module
 0001:00015b40       _swap                      00416b40 f   LIBCMT:qsort.obj
 0001:00015b70       _shortsort                 00416b70 f   LIBCMT:qsort.obj
 0001:00015fae       ?_strupr_s_l_stat@@YAHPADIPAUlocaleinfo_struct@@@Z 00416fae f   LIBCMT:strupr.obj
 0001:00016d2b       _fast_error_exit           00417d2b f   LIBCMT:crt0.obj
 0001:00016d4f       _check_managed_app         00417d4f f   LIBCMT:crt0.obj
 0001:00016d90       ___tmainCRTStartup         00417d90 f   LIBCMT:crt0.obj
 0001:00016f50       __use_encode_pointer       00417f50 f   LIBCMT:tidtable.obj
 0001:00017610       ?CPtoLCID@@YAHH@Z          00418610 f   LIBCMT:mbctype.obj
 0001:0001763f       ?setSBCS@@YAXPAUthreadmbcinfostruct@@@Z 0041863f f   LIBCMT:mbctype.obj
 0001:00017694       ?setSBUpLow@@YAXPAUthreadmbcinfostruct@@@Z 00418694 f   LIBCMT:mbctype.obj
 0001:000178c2       ?getSystemCP@@YAHH@Z       004188c2 f   LIBCMT:mbctype.obj
 0001:00017f1f       __updatetlocinfoEx_nolock  00418f1f f   LIBCMT:setlocal.obj
 0001:000181e9       _write_char                004191e9 f   LIBCMT:output.obj
 0001:0001821c       _write_multi_char          0041921c f   LIBCMT:output.obj
 0001:00018240       _write_string              00419240 f   LIBCMT:output.obj
 0001:00018dc7       ?strtoxl@@YAKPAUlocaleinfo_struct@@PBDPAPBDHH@Z 00419dc7 f   LIBCMT:strtol.obj
 0001:0001901b       _fastcopy_I                0041a01b f   LIBCMT:p4_memcpy.obj
 0001:0001965e       __initterm                 0041a65e f   LIBCMT:crt0dat.obj
 0001:0001979b       _doexit                    0041a79b f   LIBCMT:crt0dat.obj
 0001:000199ad       _flsall                    0041a9ad f   LIBCMT:fflush.obj
 0001:00019f8b       ?__crtLCMapStringA_stat@@YAHPAUlocaleinfo_struct@@KKPBDHPADHHH@Z 0041af8b f   LIBCMT:a_map.obj
 0001:0001b8ec       __unwind_handler4          0041c8ec f   LIBCMT:exsup4.obj
 0001:0001ceea       _parse_cmdline             0041deea f   LIBCMT:stdargv.obj
 0001:0001d45a       ?__crtGetStringTypeA_stat@@YAHPAUlocaleinfo_struct@@KPBDHPAGHHH@Z 0041e45a f   LIBCMT:a_str.obj
 0001:0001dfd4       _has_osfxsr_set            0041efd4 f   LIBCMT:cpu_disp.obj
 0001:0001e09b       ___crtInitCritSecNoSpinCount@8 0041f09b f   LIBCMT:initcrit.obj
 0001:0001e4a9       __onexit_nolock            0041f4a9 f   LIBCMT:onexit.obj
 0001:0001e77e       _siglookup                 0041f77e f   LIBCMT:winsig.obj
 0001:0001f81f       __tsopen_nolock            0042081f f   LIBCMT:open.obj
 0001:00020430       __unwind_handler           00421430 f   LIBCMT:exsup.obj
 0001:0002074a       ?x_ismbbtype_l@@YAHPAUlocaleinfo_struct@@IHH@Z 0042174a f   LIBCMT:ismbbyte.obj
 0001:000207ae       _fastzero_I                004217ae f   LIBCMT:p4_memset.obj
 0001:00020c99       __shift                    00421c99 f   LIBCMT:cvt.obj
 0001:00020cd2       __cftoe2_l                 00421cd2 f   LIBCMT:cvt.obj
 0001:0002129c       __cftof2_l                 0042229c f   LIBCMT:cvt.obj
 0001:00023f03       __hw_cw                    00424f03 f   LIBCMT:ieee87.obj
 0001:00023f91       ___hw_cw_sse2              00424f91 f   LIBCMT:ieee87.obj
