 ARDOPC

 Timestamp is 5953834f (Wed Jun 28 11:22:07 2017)

 Preferred load address is 00400000

 Start         Length     Name                   Class
 0001:00000000 0002802fH .text                   CODE
 0002:00000000 000001e0H .idata$5                DATA
 0002:000001e0 00000004H .CRT$XCA                DATA
 0002:000001e4 00000004H .CRT$XCZ                DATA
 0002:000001e8 00000004H .CRT$XIA                DATA
 0002:000001ec 00000014H .CRT$XIC                DATA
 0002:00000200 00000004H .CRT$XIY                DATA
 0002:00000204 00000004H .CRT$XIZ                DATA
 0002:00000208 00000004H .CRT$XPA                DATA
 0002:0000020c 00000004H .CRT$XPX                DATA
 0002:00000210 00000004H .CRT$XPXA               DATA
 0002:00000214 00000004H .CRT$XPZ                DATA
 0002:00000218 00000004H .CRT$XTA                DATA
 0002:0000021c 00000004H .CRT$XTZ                DATA
 0002:00000220 00015e58H .rdata                  DATA
 0002:00016078 00000035H .rdata$debug            DATA
 0002:000160b0 0000000cH .rdata$sxdata           DATA
 0002:000160bc 00000004H .rtc$IAA                DATA
 0002:000160c0 00000004H .rtc$IZZ                DATA
 0002:000160c4 00000004H .rtc$TAA                DATA
 0002:000160c8 00000004H .rtc$TZZ                DATA
 0002:000160d0 000004b4H .xdata$x                DATA
 0002:00016584 0000003cH .idata$2                DATA
 0002:000165c0 00000014H .idata$3                DATA
 0002:000165d4 000001e0H .idata$4                DATA
 0002:000167b4 00000764H .idata$6                DATA
 0002:00016f18 00000000H .edata                  DATA
 0003:00000000 00001b10H .data                   DATA
 0003:00001b20 00045638H .bss                    DATA

  Address         Publics by Value              Rva+Base       Lib:Object

 0000:00000000       __except_list              00000000     <absolute>
 0000:00000003       ___safe_se_handler_count   00000003     <absolute>
 0000:00000000       ___ImageBase               00400000     <linker-defined>
 0001:00000000       _strlop                    00401000 f   ARDOPC.obj
 0001:00000020       _CheckValidCallsignSyntax  00401020 f   ARDOPC.obj
 0001:000000c0       _CheckGSSyntax             004010c0 f   ARDOPC.obj
 0001:00000190       _ardopmain                 00401190 f   ARDOPC.obj
 0001:000002c0       _Name                      004012c0 f   ARDOPC.obj
 0001:000002f0       _FrameInfo                 004012f0 f   ARDOPC.obj
 0001:00000bc0       _RSEncode                  00401bc0 f   ARDOPC.obj
 0001:00000c70       _RSDecode                  00401c70 f   ARDOPC.obj
 0001:00000e00       _EncodePSKData             00401e00 f   ARDOPC.obj
 0001:00000f80       _EncodeFSKData             00401f80 f   ARDOPC.obj
 0001:00001230       _EncodeARQConRequest       00402230 f   ARDOPC.obj
 0001:00001320       _Encode4FSKIDFrame         00402320 f   ARDOPC.obj
 0001:00001380       _EncodeConACKwTiming       00402380 f   ARDOPC.obj
 0001:000013d0       _EncodePingAck             004023d0 f   ARDOPC.obj
 0001:00001440       _EncodeDATAACK             00402440 f   ARDOPC.obj
 0001:00001480       _SendID                    00402480 f   ARDOPC.obj
 0001:00001560       _Send5SecTwoTone           00402560 f   ARDOPC.obj
 0001:000015d0       _ASCIIto6Bit               004025d0 f   ARDOPC.obj
 0001:000016e0       _Bit6ToASCII               004026e0 f   ARDOPC.obj
 0001:000017e0       _CompressCallsign          004027e0 f   ARDOPC.obj
 0001:000018d0       _CompressGridSquare        004028d0 f   ARDOPC.obj
 0001:00001960       _DeCompressCallsign        00402960 f   ARDOPC.obj
 0001:00001a60       _DeCompressGridSquare      00402a60 f   ARDOPC.obj
 0001:00001ad0       _ComputeTypeParity         00402ad0 f   ARDOPC.obj
 0001:00001b10       _FrameCode                 00402b10 f   ARDOPC.obj
 0001:00001b60       _GenCRC16                  00402b60 f   ARDOPC.obj
 0001:00001cc0       _CheckCRC16FrameType       00402cc0 f   ARDOPC.obj
 0001:00001d00       _ClearDataToSend           00402d00 f   ARDOPC.obj
 0001:00001d20       _RemoveDataFromQueue       00402d20 f   ARDOPC.obj
 0001:00001da0       _CheckTimers               00402da0 f   ARDOPC.obj
 0001:000020f0       _UpdateBusyDetector        004030f0 f   ARDOPC.obj
 0001:00002250       _SendPING                  00403250 f   ARDOPC.obj
 0001:00002330       _ProcessPingFrame          00403330 f   ARDOPC.obj
 0001:000023e0       _GenCRC8                   004033e0 f   ARQ.obj
 0001:00002490       _ComputeInterFrameInterval 00403490 f   ARQ.obj
 0001:000024b0       _SetARDOPProtocolState     004034b0 f   ARQ.obj
 0001:00002580       _GetNextARQFrame           00403580 f   ARQ.obj
 0001:00002960       _CalculateOptimumLeader    00403960 f   ARQ.obj
 0001:00002990       _IsCallToMe                00403990 f   ARQ.obj
 0001:00002ae0       _IsPingToMe                00403ae0 f   ARQ.obj
 0001:00002b80       _GetDataModes              00403b80 f   ARQ.obj
 0001:00002cc0       _Gearshift_8               00403cc0 f   ARQ.obj
 0001:00003080       _ComputeQualityAvg         00404080 f   ARQ.obj
 0001:000030e0       _GetNumCarriers            004040e0 f   ARQ.obj
 0001:00003140       _SendData                  00404140 f   ARQ.obj
 0001:000034d0       _GetNextFrameData          004044d0 f   ARQ.obj
 0001:00003750       _InitializeConnection      00404750 f   ARQ.obj
 0001:000038a0       _ProcessUnconnectedConReqFrame 004048a0 f   ARQ.obj
 0001:00003960       _ProcessRcvdARQFrame       00404960 f   ARQ.obj
 0001:00005340       _IRSNegotiateBW            00406340 f   ARQ.obj
 0001:00005490       _SendARQConnectRequest     00406490 f   ARQ.obj
 0001:00005660       _Send10MinID               00406660 f   ARQ.obj
 0001:000056d0       _CheckForDisconnect        004066d0 f   ARQ.obj
 0001:00005770       _Break                     00406770 f   ARQ.obj
 0001:000057c0       _Abort                     004067c0 f   ARQ.obj
 0001:000057f0       _ClearTuningStats          004067f0 f   ARQ.obj
 0001:000058e0       _LogStats                  004068e0 f   ARQ.obj
 0001:00005cd0       _Modified_Berlekamp_Massey 00406cd0 f   berlekamp.obj
 0001:00005ef0       _mult_polys                00406ef0 f   berlekamp.obj
 0001:00006050       _Find_Roots                00407050 f   berlekamp.obj
 0001:00006140       _correct_errors_erasures   00407140 f   berlekamp.obj
 0001:000063a0       _ClearBusy                 004073a0 f   BusyDetect.obj
 0001:000063f0       _BusyDetect3               004073f0 f   BusyDetect.obj
 0001:00006660       _compare                   00407660 f   BusyDetect.obj
 0001:000066a0       _SortSignals2              004076a0 f   BusyDetect.obj
 0001:000067f0       _StartFEC                  004077f0 f   FEC.obj
 0001:000069b0       _GetNextFECFrame           004079b0 f   FEC.obj
 0001:00006f70       _ProcessRcvdFECDataFrame   00407f70 f   FEC.obj
 0001:00007170       _NumberOfBitsNeeded        00408170 f   FFT.obj
 0001:000071b0       _FourierTransform          004081b0 f   FFT.obj
 0001:00007880       _AddDataToDataToSend       00408880 f   HostInterface.obj
 0001:000078f0       _ProcessCommandFromHost    004088f0 f   HostInterface.obj
 0001:00009bb0       _GetTwoToneLeaderWithSync  0040abb0 f   Modulate.obj
 0001:00009c20       _SendLeaderAndSYNC         0040ac20 f   Modulate.obj
 0001:00009d50       _Mod4FSKDataAndPlay        0040ad50 f   Modulate.obj
 0001:0000a1d0       _Mod8FSKDataAndPlay        0040b1d0 f   Modulate.obj
 0001:0000a390       _Mod16FSKDataAndPlay       0040b390 f   Modulate.obj
 0001:0000a530       _Mod4FSK600BdDataAndPlay   0040b530 f   Modulate.obj
 0001:0000a6b0       _ModPSKDataAndPlay         0040b6b0 f   Modulate.obj
 0001:0000ae00       _AddTrailer                0040be00 f   Modulate.obj
 0001:0000ae50       _RemodulateLastFrame       0040be50 f   Modulate.obj
 0001:0000afe0       _initFilter                0040bfe0 f   Modulate.obj
 0001:0000b200       _SampleSink                0040c200 f   Modulate.obj
 0001:0000b5d0       _sendCWID                  0040c5d0 f   Modulate.obj
 0001:0000ba10       _decode_data               0040ca10 f   rs.obj
 0001:0000bbd0       _encode_data               0040cbd0 f   rs.obj
 0001:0000bcd0       _IsShortControlFrame       0040ccd0 f   SoundInput.obj
 0001:0000bd00       _IsDataFrame               0040cd00 f   SoundInput.obj
 0001:0000bd60       _FSMixFilter2000Hz         0040cd60 f   SoundInput.obj
 0001:0000bfd0       _Filter75Hz                0040cfd0 f   SoundInput.obj
 0001:0000c1d0       _MixNCOFilter              0040d1d0 f   SoundInput.obj
 0001:0000c2e0       _CorrectRawDataWithRS      0040d2e0 f   SoundInput.obj
 0001:0000c460       _ProcessNewSamples         0040d460 f   SoundInput.obj
 0001:0000d190       _GoertzelRealImag          0040e190 f   SoundInput.obj
 0001:0000d370       _GoertzelRealImagHanning   0040e370 f   SoundInput.obj
 0001:0000d600       _GoertzelRealImagHamming   0040e600 f   SoundInput.obj
 0001:0000d980       _SpectralPeakLocator       0040e980 f   SoundInput.obj
 0001:0000da90       _SearchFor2ToneLeader3     0040ea90 f   SoundInput.obj
 0001:0000e720       _Acquire2ToneLeaderSymbolFraming 0040f720 f   SoundInput.obj
 0001:0000e830       _EnvelopeCorrelator        0040f830 f   SoundInput.obj
 0001:0000eb50       _AcquireFrameSyncRSB       0040fb50 f   SoundInput.obj
 0001:0000edd0       _DemodFrameType4FSK        0040fdd0 f   SoundInput.obj
 0001:0000eff0       _ComputeDecodeDistance     0040fff0 f   SoundInput.obj
 0001:0000f0a0       _MinimalDistanceFrameType  004100a0 f   SoundInput.obj
 0001:0000f820       _Acquire4FSKFrameType      00410820 f   SoundInput.obj
 0001:0000f920       _Demod1Car4FSK             00410920 f   SoundInput.obj
 0001:0000fb20       _Demod1Car4FSKChar         00410b20 f   SoundInput.obj
 0001:0000fe40       _Demod1Car4FSK600          00410e40 f   SoundInput.obj
 0001:0000ffb0       _Demod1Car4FSK600Char      00410fb0 f   SoundInput.obj
 0001:00010120       _Demod1Car8FSK             00411120 f   SoundInput.obj
 0001:00010270       _Demod1Car8FSKChar         00411270 f   SoundInput.obj
 0001:000103f0       _Demod1Car16FSK            004113f0 f   SoundInput.obj
 0001:00010560       _Demod1Car16FSKChar        00411560 f   SoundInput.obj
 0001:000106c0       _Decode4FSKConReq          004116c0 f   SoundInput.obj
 0001:00010860       _Compute4FSKSN             00411860 f   SoundInput.obj
 0001:00010970       _Decode4FSKPing            00411970 f   SoundInput.obj
 0001:00010b50       _Decode4FSKConACK          00411b50 f   SoundInput.obj
 0001:00010bd0       _Decode4FSKPingACK         00411bd0 f   SoundInput.obj
 0001:00010c70       _Decode4FSKID              00411c70 f   SoundInput.obj
 0001:00010dd0       _DemodulateFrame           00411dd0 f   SoundInput.obj
 0001:00010ed0       _DecodeFrame               00411ed0 f   SoundInput.obj
 0001:00011510       _Update4FSKConstellation   00412510 f   SoundInput.obj
 0001:000116f0       _Update16FSKConstellation  004126f0 f   SoundInput.obj
 0001:000118a0       _Update8FSKConstellation   004128a0 f   SoundInput.obj
 0001:000119b0       _UpdatePhaseConstellation  004129b0 f   SoundInput.obj
 0001:00011f20       _Decode1CarPSK             00412f20 f   SoundInput.obj
 0001:00012170       _Track1CarPSK              00413170 f   SoundInput.obj
 0001:00012350       _CorrectPhaseForTuningOffset 00413350 f   SoundInput.obj
 0001:00012590       _Decode1CarQAM             00413590 f   SoundInput.obj
 0001:000126e0       _InitDemodPSK              004136e0 f   SoundInput.obj
 0001:000128b0       _DemodPSK                  004138b0 f   SoundInput.obj
 0001:00012f30       _Demod1CarPSKChar          00413f30 f   SoundInput.obj
 0001:00013110       _InitDemodQAM              00414110 f   SoundInput.obj
 0001:000132b0       _WeightedAngleAvg          004142b0 f   SoundInput.obj
 0001:00013360       _SaveQAMSamples            00414360 f   SoundInput.obj
 0001:00013450       _SavePSKSamples            00414450 f   SoundInput.obj
 0001:000134f0       _DemodQAM                  004144f0 f   SoundInput.obj
 0001:00013810       _Demod1CarQAMChar          00414810 f   SoundInput.obj
 0001:00013a10       _SendCommandToHost         00414a10 f   TCPHostInterface.obj
 0001:00013a90       _SendCommandToHostQuiet    00414a90 f   TCPHostInterface.obj
 0001:00013b10       _AddTagToDataAndSendToHost 00414b10 f   TCPHostInterface.obj
 0001:00013bc0       _ARDOPProcessCommand       00414bc0 f   TCPHostInterface.obj
 0001:00013bf0       _ProcessReceivedControl    00414bf0 f   TCPHostInterface.obj
 0001:00013db0       _ProcessReceivedData       00414db0 f   TCPHostInterface.obj
 0001:00013f30       _OpenSocket4               00414f30 f   TCPHostInterface.obj
 0001:00014050       _HostInit                  00415050 f   TCPHostInterface.obj
 0001:000140d0       _HostPoll                  004150d0 f   TCPHostInterface.obj
 0001:00014510       _main                      00415510 f   Waveout.obj
 0001:000146c0       _printtick                 004156c0 f   Waveout.obj
 0001:00014700       _txSleep                   00415700 f   Waveout.obj
 0001:00014720       _SendtoCard                00415720 f   Waveout.obj
 0001:00014800       _GetSoundDevices           00415800 f   Waveout.obj
 0001:00014a30       _InitSound                 00415a30 f   Waveout.obj
 0001:00014c30       _PollReceivedSamples       00415c30 f   Waveout.obj
 0001:00014de0       _WriteDebugLog             00415de0 f   Waveout.obj
 0001:00014f40       _WriteExceptionLog         00415f40 f   Waveout.obj
 0001:00015070       _Statsprintf               00416070 f   Waveout.obj
 0001:000151b0       _SoundFlush                004161b0 f   Waveout.obj
 0001:000152e0       _OpenCOMPort               004162e0 f   Waveout.obj
 0001:000154f0       _ReadCOMBlock              004164f0 f   Waveout.obj
 0001:00015560       _WriteCOMBlock             00416560 f   Waveout.obj
 0001:000155b0       _CloseCOMPort              004165b0 f   Waveout.obj
 0001:000155d3       @__security_check_cookie@4 004165d3 f   LIBCMT:secchk.obj
 0001:00015600       _strchr                    00416600 f   LIBCMT:strchr.obj
 0001:00015606       ___from_strstr_to_strchr   00416606     LIBCMT:strchr.obj
 0001:000156be       ??0_LocaleUpdate@@QAE@PAUlocaleinfo_struct@@@Z 004166be f i LIBCMT:_ctype.obj
 0001:00015740       __isalpha_l                00416740 f i LIBCMT:_ctype.obj
 0001:00015794       _isalpha                   00416794 f i LIBCMT:_ctype.obj
 0001:000157bf       __isdigit_l                004167bf f i LIBCMT:_ctype.obj
 0001:0001580e       _isdigit                   0041680e f i LIBCMT:_ctype.obj
 0001:00015837       __isalnum_l                00416837 f i LIBCMT:_ctype.obj
 0001:0001588b       _isalnum                   0041688b f i LIBCMT:_ctype.obj
 0001:000158b6       _sprintf                   004168b6 f   LIBCMT:sprintf.obj
 0001:00015931       _atol                      00416931 f   LIBCMT:atox.obj
 0001:00015942       _atoi                      00416942 f   LIBCMT:atox.obj
 0001:00015950       _memmove                   00416950 f   LIBCMT:memmove.obj
 0001:00015cb5       _rand                      00416cb5 f   LIBCMT:rand.obj
 0001:00015ce0       _strstr                    00416ce0 f   LIBCMT:strstr.obj
 0001:00015d66       ___iob_func                00416d66 f   LIBCMT:_file.obj
 0001:00015d6c       ___initstdio               00416d6c f   LIBCMT:_file.obj
 0001:00015e1d       ___endstdio                00416e1d f   LIBCMT:_file.obj
 0001:00015e3d       __lock_file                00416e3d f   LIBCMT:_file.obj
 0001:00015e79       __lock_file2               00416e79 f   LIBCMT:_file.obj
 0001:00015ea7       __unlock_file              00416ea7 f   LIBCMT:_file.obj
 0001:00015edd       __unlock_file2             00416edd f   LIBCMT:_file.obj
 0001:00015f07       _fprintf                   00416f07 f   LIBCMT:fprintf.obj
 0001:00016120       _qsort                     00417120 f   LIBCMT:qsort.obj
 0001:000163c7       _strtok_s                  004173c7 f   LIBCMT:strtok_s.obj
 0001:000164b3       __freea                    004174b3 f i LIBCMT:strupr.obj
 0001:0001664a       __strupr_s_l               0041764a f   LIBCMT:strupr.obj
 0001:0001667d       __strupr                   0041767d f   LIBCMT:strupr.obj
 0001:000166df       __tolower_l                004176df f   LIBCMT:tolower.obj
 0001:000167f6       _tolower                   004177f6 f   LIBCMT:tolower.obj
 0001:0001681d       __time32                   0041781d f   LIBCMT:time.obj
 0001:00016860       _ceil                      00417860 f   LIBCMT:ceil_pentium4.obj
 0001:000168a0       __ceil_pentium4            004178a0 f   LIBCMT:ceil_pentium4.obj
 0001:00016980       _memchr                    00417980 f   LIBCMT:memchr.obj
 0001:00016a2d       __get_sys_err_msg          00417a2d f i LIBCMT:perror.obj
 0001:00016a50       _perror                    00417a50 f   LIBCMT:perror.obj
 0001:00016ade       __memicmp_l                00417ade f   LIBCMT:memicmp.obj
 0001:00016bb1       __memicmp                  00417bb1 f   LIBCMT:memicmp.obj
 0001:00016c0e       _printf                    00417c0e f   LIBCMT:printf.obj
 0001:00016cbd       __get_printf_count_output  00417cbd f   LIBCMT:printf.obj
 0001:00016cd3       _fputs                     00417cd3 f   LIBCMT:fputs.obj
 0001:00016e15       __fclose_nolock            00417e15 f   LIBCMT:fclose.obj
 0001:00016e87       _fclose                    00417e87 f   LIBCMT:fclose.obj
 0001:00016f03       __fsopen                   00417f03 f   LIBCMT:fopen.obj
 0001:00016fc7       _fopen                     00417fc7 f   LIBCMT:fopen.obj
 0001:00016fda       _V6_HeapAlloc              00417fda f   LIBCMT:malloc.obj
 0001:00017029       _malloc                    00418029 f   LIBCMT:malloc.obj
 0001:000170ec       __fwrite_nolock            004180ec f   LIBCMT:fwrite.obj
 0001:00017466       _mainCRTStartup            00418466 f   LIBCMT:crt0.obj
 0001:00017470       ___report_gsfailure        00418470 f   LIBCMT:gs_report.obj
 0001:00017782       ___updatetmbcinfo          00418782 f   LIBCMT:mbctype.obj
 0001:000178a0       __setmbcp_nolock           004188a0 f   LIBCMT:mbctype.obj
 0001:00017a79       __setmbcp                  00418a79 f   LIBCMT:mbctype.obj
 0001:00017c13       ___initmbctable            00418c13 f   LIBCMT:mbctype.obj
 0001:00017c31       ___freetlocinfo            00418c31 f   LIBCMT:setlocal.obj
 0001:00017d71       ___addlocaleref            00418d71 f   LIBCMT:setlocal.obj
 0001:00017df7       ___removelocaleref         00418df7 f   LIBCMT:setlocal.obj
 0001:00017ec1       ___updatetlocinfo          00418ec1 f   LIBCMT:setlocal.obj
 0001:00017fa3       __encode_pointer           00418fa3 f   LIBCMT:tidtable.obj
 0001:00018011       __encoded_null             00419011 f   LIBCMT:tidtable.obj
 0001:0001801a       __decode_pointer           0041901a f   LIBCMT:tidtable.obj
 0001:00018088       ___crtTlsAlloc@4           00419088 f   LIBCMT:tidtable.obj
 0001:00018091       ___set_flsgetvalue         00419091 f   LIBCMT:tidtable.obj
 0001:000180c3       __mtterm                   004190c3 f   LIBCMT:tidtable.obj
 0001:00018100       __initptd                  00419100 f   LIBCMT:tidtable.obj
 0001:000181bf       __getptd_noexit            004191bf f   LIBCMT:tidtable.obj
 0001:00018236       __getptd                   00419236 f   LIBCMT:tidtable.obj
 0001:0001824e       __freefls@4                0041924e f   LIBCMT:tidtable.obj
 0001:0001836f       __mtinit                   0041936f f   LIBCMT:tidtable.obj
 0001:000184f3       __isctype_l                004194f3 f   LIBCMT:isctype.obj
 0001:000185a9       __flsbuf                   004195a9 f   LIBCMT:_flsbuf.obj
 0001:000187aa       __output_l                 004197aa f   LIBCMT:output.obj
 0001:0001913e       __initp_misc_invarg        0041a13e f   LIBCMT:invarg.obj
 0001:00019148       __invoke_watson            0041a148 f   LIBCMT:invarg.obj
 0001:00019244       __invalid_parameter        0041a244 f   LIBCMT:invarg.obj
 0001:00019268       __get_errno_from_oserr     0041a268 f   LIBCMT:dosmap.obj
 0001:000192a3       __errno                    0041a2a3 f   LIBCMT:dosmap.obj
 0001:000192b6       ___doserrno                0041a2b6 f   LIBCMT:dosmap.obj
 0001:000192c9       __dosmaperr                0041a2c9 f   LIBCMT:dosmap.obj
 0001:00019512       _strtol                    0041a512 f   LIBCMT:strtol.obj
 0001:000195c2       __VEC_memcpy               0041a5c2 f   LIBCMT:p4_memcpy.obj
 0001:000196a5       __sse2_mathfcns_init       0041a6a5 f   LIBCMT:mathfcns.obj
 0001:000196b9       __ioinit                   0041a6b9 f   LIBCMT:ioinit.obj
 0001:0001990d       __malloc_crt               0041a90d f   LIBCMT:crtheap.obj
 0001:0001994d       __calloc_crt               0041a94d f   LIBCMT:crtheap.obj
 0001:00019995       __realloc_crt              0041a995 f   LIBCMT:crtheap.obj
 0001:000199e0       _free                      0041a9e0 f   LIBCMT:free.obj
 0001:00019a6e       __fcloseall                0041aa6e f   LIBCMT:closeall.obj
 0001:00019b0d       __amsg_exit                0041ab0d f   LIBCMT:crt0dat.obj
 0001:00019b31       ___crtCorExitProcess       0041ab31 f   LIBCMT:crt0dat.obj
 0001:00019b57       ___crtExitProcess          0041ab57 f   LIBCMT:crt0dat.obj
 0001:00019b6c       __lockexit                 0041ab6c f   LIBCMT:crt0dat.obj
 0001:00019b75       __unlockexit               0041ab75 f   LIBCMT:crt0dat.obj
 0001:00019b96       __initterm_e               0041ab96 f   LIBCMT:crt0dat.obj
 0001:00019bb6       __get_osplatform           0041abb6 f   LIBCMT:crt0dat.obj
 0001:00019bed       __get_winmajor             0041abed f   LIBCMT:crt0dat.obj
 0001:00019c29       __cinit                    0041ac29 f   LIBCMT:crt0dat.obj
 0001:00019d9d       _exit                      0041ad9d f   LIBCMT:crt0dat.obj
 0001:00019dae       __exit                     0041adae f   LIBCMT:crt0dat.obj
 0001:00019dbf       __cexit                    0041adbf f   LIBCMT:crt0dat.obj
 0001:00019dce       __c_exit                   0041adce f   LIBCMT:crt0dat.obj
 0001:00019ddd       __init_pointers            0041addd f   LIBCMT:crt0dat.obj
 0001:00019e29       __flush                    0041ae29 f   LIBCMT:fflush.obj
 0001:00019e8b       __fflush_nolock            0041ae8b f   LIBCMT:fflush.obj
 0001:00019fa7       __flushall                 0041afa7 f   LIBCMT:fflush.obj
 0001:00019fb0       __mtinitlocks              0041afb0 f   LIBCMT:mlock.obj
 0001:00019ff9       __mtdeletelocks            0041aff9 f   LIBCMT:mlock.obj
 0001:0001a04e       __unlock                   0041b04e f   LIBCMT:mlock.obj
 0001:0001a063       __mtinitlocknum            0041b063 f   LIBCMT:mlock.obj
 0001:0001a126       __lock                     0041b126 f   LIBCMT:mlock.obj
 0001:0001a157       __stbuf                    0041b157 f   LIBCMT:_sftbuf.obj
 0001:0001a1ed       __ftbuf                    0041b1ed f   LIBCMT:_sftbuf.obj
 0001:0001a21c       __fileno                   0041b21c f   LIBCMT:fileno.obj
 0001:0001a24c       __SEH_prolog4              0041b24c f   LIBCMT:sehprolg4.obj
 0001:0001a291       __SEH_epilog4              0041b291 f   LIBCMT:sehprolg4.obj
 0001:0001a2b0       __except_handler4          0041b2b0 f   LIBCMT:chandler4.obj
 0001:0001a446       _strcpy_s                  0041b446 f   LIBCMT:strcpy_s.obj
 0001:0001a84d       ___crtLCMapStringA         0041b84d f   LIBCMT:a_map.obj
 0001:0001a890       _strnlen                   0041b890 f   LIBCMT:strlen_s.obj
 0001:0001a8b0       __alloca_probe_16          0041b8b0 f   LIBCMT:alloca16.obj
 0001:0001a8c6       __alloca_probe_8           0041b8c6     LIBCMT:alloca16.obj
 0001:0001a8dc       __isleadbyte_l             0041b8dc f i LIBCMT:_wctype.obj
 0001:0001a912       _isleadbyte                0041b912 f i LIBCMT:_wctype.obj
 0001:0001a920       __aulldiv                  0041b920 f   LIBCMT:ulldiv.obj
 0001:0001a988       ___libm_error_support      0041b988 f   LIBCMT:libm_error.obj
 0001:0001ac38       __ceil_default             0041bc38 f   LIBCMT:ceil.obj
 0001:0001ad09       ___sys_nerr                0041bd09 f   LIBCMT:syserr.obj
 0001:0001ad0f       ___sys_errlist             0041bd0f f   LIBCMT:syserr.obj
 0001:0001ad15       __set_osfhnd               0041bd15 f   LIBCMT:osfinfo.obj
 0001:0001ad92       __free_osfhnd              0041bd92 f   LIBCMT:osfinfo.obj
 0001:0001ae13       __get_osfhandle            0041be13 f   LIBCMT:osfinfo.obj
 0001:0001ae84       ___lock_fhandle            0041be84 f   LIBCMT:osfinfo.obj
 0001:0001af24       __unlock_fhandle           0041bf24 f   LIBCMT:osfinfo.obj
 0001:0001af46       __alloc_osfhnd             0041bf46 f   LIBCMT:osfinfo.obj
 0001:0001b0e0       __write_nolock             0041c0e0 f   LIBCMT:write.obj
 0001:0001b702       __write                    0041c702 f   LIBCMT:write.obj
 0001:0001b7e0       _strlen                    0041c7e0 f   LIBCMT:strlen.obj
 0001:0001b870       ___ascii_memicmp           0041c870 f   LIBCMT:_memicmp.obj
 0001:0001b8c9       __close_nolock             0041c8c9 f   LIBCMT:close.obj
 0001:0001b960       __close                    0041c960 f   LIBCMT:close.obj
 0001:0001ba2d       __freebuf                  0041ca2d f   LIBCMT:_freebuf.obj
 0001:0001ba59       __vsnprintf_l              0041ca59 f   LIBCMT:vsnprint.obj
 0001:0001bb0a       __vsnprintf                0041cb0a f   LIBCMT:vsnprint.obj
 0001:0001bb0a       _vsnprintf                 0041cb0a f   LIBCMT:vsnprint.obj
 0001:0001bb25       __openfile                 0041cb25 f   LIBCMT:_open.obj
 0001:0001bdc5       __getstream                0041cdc5 f   LIBCMT:stream.obj
 0001:0001befc       __local_unwind4            0041cefc f   LIBCMT:exsup4.obj
 0001:0001bfd2       __seh_longjmp_unwind4@4    0041cfd2 f   LIBCMT:exsup4.obj
 0001:0001bfee       @_EH4_CallFilterFunc@8     0041cfee f   LIBCMT:exsup4.obj
 0001:0001c005       @_EH4_TransferToHandler@8  0041d005 f   LIBCMT:exsup4.obj
 0001:0001c01e       @_EH4_GlobalUnwind@4       0041d01e f   LIBCMT:exsup4.obj
 0001:0001c038       @_EH4_LocalUnwind@16       0041d038 f   LIBCMT:exsup4.obj
 0001:0001c04f       ___sbh_heap_init           0041d04f f   LIBCMT:sbheap.obj
 0001:0001c097       ___sbh_find_block          0041d097 f   LIBCMT:sbheap.obj
 0001:0001c0c2       ___sbh_free_block          0041d0c2 f   LIBCMT:sbheap.obj
 0001:0001c3d6       ___sbh_alloc_new_region    0041d3d6 f   LIBCMT:sbheap.obj
 0001:0001c486       ___sbh_alloc_new_group     0041d486 f   LIBCMT:sbheap.obj
 0001:0001c58c       ___sbh_resize_block        0041d58c f   LIBCMT:sbheap.obj
 0001:0001c86b       ___sbh_alloc_block         0041d86b f   LIBCMT:sbheap.obj
 0001:0001cb4e       ___heap_select             0041db4e f   LIBCMT:heapinit.obj
 0001:0001cba9       __heap_init                0041dba9 f   LIBCMT:heapinit.obj
 0001:0001cc03       __NMSG_WRITE               0041dc03 f   LIBCMT:crt0msg.obj
 0001:0001cda3       __FF_MSGBANNER             0041dda3 f   LIBCMT:crt0msg.obj
 0001:0001cddc       __initp_heap_handler       0041dddc f   LIBCMT:handler.obj
 0001:0001cde6       __callnewh                 0041dde6 f   LIBCMT:handler.obj
 0001:0001ce10       _memcpy                    0041de10 f   LIBCMT:memcpy.obj
 0001:0001d175       ?__CxxUnhandledExceptionFilter@@YGJPAU_EXCEPTION_POINTERS@@@Z 0041e175 f   LIBCMT:unhandld.obj
 0001:0001d1b2       ___CxxSetUnhandledExceptionFilter 0041e1b2 f   LIBCMT:unhandld.obj
 0001:0001d1c0       __XcptFilter               0041e1c0 f   LIBCMT:winxfltr.obj
 0001:0001d31e       __setenvp                  0041e31e f   LIBCMT:stdenvp.obj
 0001:0001d591       __setargv                  0041e591 f   LIBCMT:stdargv.obj
 0001:0001d64a       ___crtGetEnvironmentStringsA 0041e64a f   LIBCMT:a_env.obj
 0001:0001d77f       __RTC_Initialize           0041e77f f   LIBCMT:initsect.obj
 0001:0001d7a3       __RTC_Terminate            0041e7a3 f   LIBCMT:initsect.obj
 0001:0001d7c7       ___security_init_cookie    0041e7c7 f   LIBCMT:gs_support.obj
 0001:0001d85b       __crt_debugger_hook        0041e85b f   LIBCMT:dbghook.obj
 0001:0001d870       _memset                    0041e870 f   LIBCMT:memset.obj
 0001:0001daa2       ___crtGetStringTypeA       0041eaa2 f   LIBCMT:a_str.obj
 0001:0001dae2       ___free_lc_time            0041eae2 f   LIBCMT:inittime.obj
 0001:0001dc72       ___free_lconv_num          0041ec72 f   LIBCMT:initnum.obj
 0001:0001dcb2       ___free_lconv_mon          0041ecb2 f   LIBCMT:initmon.obj
 0001:0001dd3b       _strcat_s                  0041ed3b f   LIBCMT:strcat_s.obj
 0001:0001ddb0       _strcspn                   0041edb0 f   LIBCMT:strcspn.obj
 0001:0001ddf6       _strncpy_s                 0041edf6 f   LIBCMT:strncpy_s.obj
 0001:0001deb0       _strcmp                    0041eeb0 f   LIBCMT:strcmp.obj
 0001:0001df38       _strncmp                   0041ef38 f   LIBCMT:strncmp.obj
 0001:0001e000       _strpbrk                   0041f000 f   LIBCMT:strpbrk.obj
 0001:0001e040       __lseeki64_nolock          0041f040 f   LIBCMT:lseeki64.obj
 0001:0001e0c3       __lseeki64                 0041f0c3 f   LIBCMT:lseeki64.obj
 0001:0001e1dc       __getbuf                   0041f1dc f   LIBCMT:_getbuf.obj
 0001:0001e220       __isatty                   0041f220 f   LIBCMT:isatty.obj
 0001:0001e27e       __initp_misc_cfltcvt_tab   0041f27e f   LIBCMT:cmiscdat.obj
 0001:0001e29d       __wctomb_s_l               0041f29d f   LIBCMT:wctomb.obj
 0001:0001e3fc       _wctomb_s                  0041f3fc f   LIBCMT:wctomb.obj
 0001:0001e420       __aulldvrm                 0041f420 f   LIBCMT:ulldvrm.obj
 0001:0001e4c0       __allmul                   0041f4c0 f   LIBCMT:llmul.obj
 0001:0001e544       __get_sse2_info            0041f544 f   LIBCMT:cpu_disp.obj
 0001:0001e5a4       ___sse2_available_init     0041f5a4 f   LIBCMT:cpu_disp.obj
 0001:0001e5b1       __initp_misc_initcrit      0041f5b1 f   LIBCMT:initcrit.obj
 0001:0001e5cb       ___crtInitCritSecAndSpinCount 0041f5cb f   LIBCMT:initcrit.obj
 0001:0001e690       __calloc_impl              0041f690 f   LIBCMT:calloc.obj
 0001:0001e7ae       _realloc                   0041f7ae f   LIBCMT:realloc.obj
 0001:0001ea82       ___onexitinit              0041fa82 f   LIBCMT:onexit.obj
 0001:0001eab1       __onexit                   0041fab1 f   LIBCMT:onexit.obj
 0001:0001eaed       _atexit                    0041faed f   LIBCMT:onexit.obj
 0001:0001eb00       __ValidateImageBase        0041fb00 f   LIBCMT:pesect.obj
 0001:0001eb30       __FindPESection            0041fb30 f   LIBCMT:pesect.obj
 0001:0001eb80       __IsNonwritableInCurrentImage 0041fb80 f   LIBCMT:pesect.obj
 0001:0001ec3b       ?terminate@@YAXXZ          0041fc3b f   LIBCMT:hooks.obj
 0001:0001ec74       __initp_eh_hooks           0041fc74 f   LIBCMT:hooks.obj
 0001:0001ec85       __initp_misc_winsig        0041fc85 f   LIBCMT:winsig.obj
 0001:0001ecd2       ___get_sigabrt             0041fcd2 f   LIBCMT:winsig.obj
 0001:0001ecdf       _raise                     0041fcdf f   LIBCMT:winsig.obj
 0001:0001ee8f       __initp_misc_rand_s        0041fe8f f   LIBCMT:rand_s.obj
 0001:0001ee99       __initp_misc_purevirt      0041fe99 f   LIBCMT:inithelp.obj
 0001:0001eea3       __commit                   0041fea3 f   LIBCMT:commit.obj
 0001:0001ef84       ___ansicp                  0041ff84 f   LIBCMT:convrtcp.obj
 0001:0001efcb       ___convertcp               0041ffcb f   LIBCMT:convrtcp.obj
 0001:0001f180       __chkstk                   00420180 f   LIBCMT:chkstk.obj
 0001:0001f180       __alloca_probe             00420180     LIBCMT:chkstk.obj
 0001:0001f1ab       __matherr                  004201ab f   LIBCMT:matherr.obj
 0001:0001f1ae       __initp_misc_winxfltr      004201ae f   LIBCMT:winxfltr.obj
 0001:0001f1ae       __fpclear                  004201ae f   LIBCMT:fpinit.obj
 0001:0001f1af       __cfltcvt_init             004201af f   LIBCMT:fpinit.obj
 0001:0001f20f       __fpmath                   0042020f f   LIBCMT:fpinit.obj
 0001:0001f22d       __raise_exc_ex             0042022d f   LIBCMT:fpexcept.obj
 0001:0001f507       __raise_exc                00420507 f   LIBCMT:fpexcept.obj
 0001:0001f528       __handle_exc               00420528 f   LIBCMT:fpexcept.obj
 0001:0001f709       __set_errno_from_matherr   00420709 f   LIBCMT:fpexcept.obj
 0001:0001f731       __errcode                  00420731 f   LIBCMT:fpexcept.obj
 0001:0001f75e       __umatherr                 0042075e f   LIBCMT:fpexcept.obj
 0001:0001f7fc       __handle_qnan1             004207fc f   LIBCMT:fpexcept.obj
 0001:0001f84f       __except1                  0042084f f   LIBCMT:fpexcept.obj
 0001:0001f909       __frnd                     00420909 f   LIBCMT:frnd.obj
 0001:0001f91a       __set_exp                  0042091a f   LIBCMT:util.obj
 0001:0001f944       __sptype                   00420944 f   LIBCMT:util.obj
 0001:0001f99f       __decomp                   0042099f f   LIBCMT:util.obj
 0001:0001fa4e       __statfp                   00420a4e f   LIBCMT:fpctrl.obj
 0001:0001fa59       __clrfp                    00420a59 f   LIBCMT:fpctrl.obj
 0001:0001fa65       __ctrlfp                   00420a65 f   LIBCMT:fpctrl.obj
 0001:0001fa8c       __set_statfp               00420a8c f   LIBCMT:fpctrl.obj
 0001:0001fae2       ___set_fpsr_sse2           00420ae2 f   LIBCMT:fpctrl.obj
 0001:0001fb54       __putwch_nolock            00420b54 f   LIBCMT:putwch.obj
 0001:0001fc16       __mbtowc_l                 00420c16 f   LIBCMT:mbtowc.obj
 0001:0001fd29       _mbtowc                    00420d29 f   LIBCMT:mbtowc.obj
 0001:00020499       __sopen_helper             00421499 f   LIBCMT:open.obj
 0001:00020565       __sopen_s                  00421565 f   LIBCMT:open.obj
 0001:00020583       __mbsicmp_l                00421583 f   LIBCMT:mbsicmp.obj
 0001:0002079d       __mbsicmp                  0042179d f   LIBCMT:mbsicmp.obj
 0001:000207b0       __mbsnbcmp_l               004217b0 f   LIBCMT:mbsnbcmp.obj
 0001:00020919       __mbsnbcmp                 00421919 f   LIBCMT:mbsnbcmp.obj
 0001:00020930       __global_unwind2           00421930 f   LIBCMT:exsup.obj
 0001:00020995       __local_unwind2            00421995 f   LIBCMT:exsup.obj
 0001:00020a19       __abnormal_termination     00421a19 f   LIBCMT:exsup.obj
 0001:00020a3c       __NLG_Notify1              00421a3c f   LIBCMT:exsup.obj
 0001:00020a45       __NLG_Notify               00421a45 f   LIBCMT:exsup.obj
 0001:00020a5c       __NLG_Dispatch2            00421a5c     LIBCMT:exsup.obj
 0001:00020a5c       __NLG_Dispatch             00421a5c     LIBCMT:exsup.obj
 0001:00020a64       __NLG_Call                 00421a64 f   LIBCMT:exsup.obj
 0001:00020a66       __NLG_Return2              00421a66     LIBCMT:exsup.obj
 0001:00020a67       ___crtMessageBoxA          00421a67 f   LIBCMT:crtmbox.obj
 0001:00020c24       __set_error_mode           00421c24 f   LIBCMT:errmode.obj
 0001:00020cbb       __ismbblead                00421cbb f   LIBCMT:ismbbyte.obj
 0001:00020d25       __VEC_memzero              00421d25 f   LIBCMT:p4_memset.obj
 0001:00020db4       ___ascii_stricmp           00421db4 f   LIBCMT:stricmp.obj
 0001:00020de9       __stricmp_l                00421de9 f   LIBCMT:stricmp.obj
 0001:00020ebc       __fptrap                   00421ebc f   LIBCMT:crt0fp.obj
 0001:00020ec5       __msize                    00421ec5 f   LIBCMT:msize.obj
 0001:00020f68       _abort                     00421f68 f   LIBCMT:abort.obj
 0001:0002105b       __forcdecpt_l              0042205b f   LIBCMT:cvt.obj
 0001:000210cc       __cropzeros_l              004220cc f   LIBCMT:cvt.obj
 0001:0002114c       __positive                 0042214c f   LIBCMT:cvt.obj
 0001:00021162       __fassign_l                00422162 f   LIBCMT:cvt.obj
 0001:000211a2       __fassign                  004221a2 f   LIBCMT:cvt.obj
 0001:000211d6       __forcdecpt                004221d6 f   LIBCMT:cvt.obj
 0001:000211e4       __cropzeros                004221e4 f   LIBCMT:cvt.obj
 0001:0002135f       __cftoe_l                  0042235f f   LIBCMT:cvt.obj
 0001:0002142d       __cftoe                    0042242d f   LIBCMT:cvt.obj
 0001:0002144b       __cftoa_l                  0042244b f   LIBCMT:cvt.obj
 0001:000218b1       __cftof_l                  004228b1 f   LIBCMT:cvt.obj
 0001:0002196a       __cftog_l                  0042296a f   LIBCMT:cvt.obj
 0001:00021a62       __cfltcvt_l                00422a62 f   LIBCMT:cvt.obj
 0001:00021ae8       __cfltcvt                  00422ae8 f   LIBCMT:cvt.obj
 0001:00021b09       __setdefaultprecision      00422b09 f   LIBCMT:fp8.obj
 0001:00021b32       __ms_p5_test_fdiv          00422b32 f   LIBCMT:testfdiv.obj
 0001:00021b6e       __ms_p5_mp_test_fdiv       00422b6e f   LIBCMT:testfdiv.obj
 0001:00021b97       ___initconout              00422b97 f   LIBCMT:initcon.obj
 0001:00021bb6       ___termcon                 00422bb6 f   LIBCMT:initcon.obj
 0001:00021be3       __chsize_nolock            00422be3 f   LIBCMT:chsize.obj
 0001:00021d97       __read_nolock              00422d97 f   LIBCMT:read.obj
 0001:00022358       __lseek_nolock             00423358 f   LIBCMT:lseek.obj
 0001:000223ca       __setmode_nolock           004233ca f   LIBCMT:setmode.obj
 0001:00022486       __get_fmode                00423486 f   LIBCMT:setmode.obj
 0001:000224c0       ___ascii_strnicmp          004234c0 f   LIBCMT:_strnicm.obj
 0001:00022530       _strrchr                   00423530 f   LIBCMT:strrchr.obj
 0001:0002255d       __atodbl_l                 0042355d f   LIBCMT:atodbl.obj
 0001:00022603       __atoflt_l                 00423603 f   LIBCMT:atodbl.obj
 0001:000226a9       __fptostr                  004236a9 f   LIBCMT:_fptostr.obj
 0001:00022766       ___dtold                   00423766 f   LIBCMT:cfout.obj
 0001:00022821       __fltout2                  00423821 f   LIBCMT:cfout.obj
 0001:000228b0       __alldvrm                  004238b0 f   LIBCMT:lldvrm.obj
 0001:00022990       __aullshr                  00423990 f   LIBCMT:ullshr.obj
 0001:000229af       __controlfp_s              004239af f   LIBCMT:contrlfp.obj
 0001:00022a19       __ld12tod                  00423a19 f   LIBCMT:intrncvt.obj
 0001:00022f5b       __ld12tof                  00423f5b f   LIBCMT:intrncvt.obj
 0001:0002349d       ___strgtold12_l            0042449d f   LIBCMT:strgtold.obj
 0001:00023b5d       _$I10_OUTPUT               00424b5d f   LIBCMT:x10fout.obj
 0001:00024551       __control87                00425551 f i LIBCMT:ieee87.obj
 0001:00024854       ___mtold12                 00425854 f   LIBCMT:mantold.obj
 0001:00024a20       _listen@8                  00425a20 f   WS2_32:WS2_32.dll
 0001:00024a26       _WSAStartup@8              00425a26 f   WS2_32:WS2_32.dll
 0001:00024a2c       _socket@12                 00425a2c f   WS2_32:WS2_32.dll
 0001:00024a32       _bind@12                   00425a32 f   WS2_32:WS2_32.dll
 0001:00024a38       _recv@16                   00425a38 f   WS2_32:WS2_32.dll
 0001:00024a3e       _ioctlsocket@12            00425a3e f   WS2_32:WS2_32.dll
 0001:00024a44       _setsockopt@20             00425a44 f   WS2_32:WS2_32.dll
 0001:00024a4a       _send@16                   00425a4a f   WS2_32:WS2_32.dll
 0001:00024a50       _htons@4                   00425a50 f   WS2_32:WS2_32.dll
 0001:00024a56       _accept@12                 00425a56 f   WS2_32:WS2_32.dll
 0001:00024a5c       _WSAGetLastError@0         00425a5c f   WS2_32:WS2_32.dll
 0001:00024a62       _closesocket@4             00425a62 f   WS2_32:WS2_32.dll
 0001:00024a68       _select@20                 00425a68 f   WS2_32:WS2_32.dll
 0001:00024a6e       ___WSAFDIsSet@8            00425a6e f   WS2_32:WS2_32.dll
 0001:00024a74       _RtlUnwind@16              00425a74 f   kernel32:KERNEL32.dll
 0001:00024a80       __ftol2_sse                00425a80 f   LIBCMT:ftol2.obj
 0001:00024a89       __ftol2_pentium4           00425a89 f   LIBCMT:ftol2.obj
 0001:00024a9c       __ftol2_sse_excpt          00425a9c f   LIBCMT:ftol2.obj
 0001:00024ab6       __ftol2                    00425ab6 f   LIBCMT:ftol2.obj
 0001:00024b30       _atan2                     00425b30 f   LIBCMT:87ctriga.obj
 0001:00024b3a       __CIatan2                  00425b3a f   LIBCMT:87ctriga.obj
 0001:00024b50       _cos                       00425b50 f   LIBCMT:cos.obj
 0001:00024b90       __CIcos                    00425b90 f   LIBCMT:cos.obj
 0001:00024bcb       __CIcos_default            00425bcb f   LIBCMT:cos.obj
 0001:00024bdf       __cos_default              00425bdf     LIBCMT:cos.obj
 0001:00024c80       _sin                       00425c80 f   LIBCMT:sin.obj
 0001:00024cc0       __CIsin                    00425cc0 f   LIBCMT:sin.obj
 0001:00024cfb       __CIsin_default            00425cfb f   LIBCMT:sin.obj
 0001:00024d0f       __sin_default              00425d0f     LIBCMT:sin.obj
 0001:00024db0       _log10                     00425db0 f   LIBCMT:log10.obj
 0001:00024df0       __CIlog10                  00425df0 f   LIBCMT:log10.obj
 0001:00024e2b       __CIlog10_default          00425e2b f   LIBCMT:log10.obj
 0001:00024e3f       __log10_default            00425e3f     LIBCMT:log10.obj
 0001:00024f00       __CIsqrt                   00425f00 f   LIBCMT:sqrt.obj
 0001:00024f14       _sqrt                      00425f14     LIBCMT:sqrt.obj
 0001:00024fc0       _pow                       00425fc0 f   LIBCMT:pow.obj
 0001:00025000       __CIpow                    00426000 f   LIBCMT:pow.obj
 0001:0002503b       __CIpow_default            0042603b f   LIBCMT:pow.obj
 0001:00025054       __pow_default              00426054     LIBCMT:pow.obj
 0001:00025250       _floor                     00426250 f   LIBCMT:floor_pentium4.obj
 0001:00025290       __floor_pentium4           00426290 f   LIBCMT:floor_pentium4.obj
 0001:00025380       __alldiv                   00426380 f   LIBCMT:lldiv.obj
 0001:0002544c       __fFATN2                   0042644c     LIBCMT:87triga.obj
 0001:0002549c       __rtpiby2                  0042649c     LIBCMT:87triga.obj
 0001:000254e0       __cintrindisp2             004264e0 f   LIBCMT:87cdisp.obj
 0001:0002551e       __cintrindisp1             0042651e f   LIBCMT:87cdisp.obj
 0001:0002555b       __ctrandisp2               0042655b f   LIBCMT:87cdisp.obj
 0001:000256f1       __ctrandisp1               004266f1 f   LIBCMT:87cdisp.obj
 0001:00025724       __fload                    00426724 f   LIBCMT:87cdisp.obj
 0001:00025760       __CIcos_pentium4           00426760 f   LIBCMT:cos_pentium4.obj
 0001:00025778       __cos_pentium4             00426778     LIBCMT:cos_pentium4.obj
 0001:00025910       __trandisp1                00426910 f   LIBCMT:87disp.obj
 0001:00025977       __trandisp2                00426977 f   LIBCMT:87disp.obj
 0001:00025a03       __rttospopde               00426a03     LIBCMT:87disp.obj
 0001:00025a08       __rttospop                 00426a08     LIBCMT:87disp.obj
 0001:00025a0a       __rtnospop                 00426a0a     LIBCMT:87disp.obj
 0001:00025a0c       __rttosnpop                00426a0c     LIBCMT:87disp.obj
 0001:00025a0d       __rtnospopde               00426a0d     LIBCMT:87disp.obj
 0001:00025a14       __rtzeropop                00426a14     LIBCMT:87disp.obj
 0001:00025a16       __rtzeronpop               00426a16     LIBCMT:87disp.obj
 0001:00025a1b       __rtonepop                 00426a1b     LIBCMT:87disp.obj
 0001:00025a1d       __rtonenpop                00426a1d     LIBCMT:87disp.obj
 0001:00025a22       __tosnan1                  00426a22     LIBCMT:87disp.obj
 0001:00025a4d       __nosnan2                  00426a4d     LIBCMT:87disp.obj
 0001:00025a4f       __tosnan2                  00426a4f     LIBCMT:87disp.obj
 0001:00025a77       __nan2                     00426a77     LIBCMT:87disp.obj
 0001:00025ab6       __rtindfpop                00426ab6     LIBCMT:87disp.obj
 0001:00025ab8       __rtindfnpop               00426ab8     LIBCMT:87disp.obj
 0001:00025ac9       __rttosnpopde              00426ac9     LIBCMT:87disp.obj
 0001:00025ad3       __rtchsifneg               00426ad3     LIBCMT:87disp.obj
 0001:00025ae0       __twoToTOS                 00426ae0 f   LIBCMT:common.obj
 0001:00025af5       __load_CW                  00426af5 f   LIBCMT:common.obj
 0001:00025b0c       __convertTOStoQNaN         00426b0c f   LIBCMT:common.obj
 0001:00025b25       __fload_withFB             00426b25 f   LIBCMT:common.obj
 0001:00025b68       __checkTOS_withFB          00426b68 f   LIBCMT:common.obj
 0001:00025b7e       __fast_exit                00426b7e f   LIBCMT:common.obj
 0001:00025b8b       __math_exit                00426b8b f   LIBCMT:common.obj
 0001:00025bb5       __check_overflow_exit      00426bb5 f   LIBCMT:common.obj
 0001:00025bc9       __check_range_exit         00426bc9 f   LIBCMT:common.obj
 0001:00025c70       __startTwoArgErrorHandling 00426c70 f   LIBCMT:genexcep.obj
 0001:00025c87       __startOneArgErrorHandling 00426c87 f   LIBCMT:genexcep.obj
 0001:00025cd0       __CIsin_pentium4           00426cd0 f   LIBCMT:sin_pentium4.obj
 0001:00025ce8       __sin_pentium4             00426ce8     LIBCMT:sin_pentium4.obj
 0001:00025ea0       __CIlog10_pentium4         00426ea0 f   LIBCMT:log10_pentium4.obj
 0001:00025eb8       __log10_pentium4           00426eb8     LIBCMT:log10_pentium4.obj
 0001:00026141       __fFEXP                    00427141     LIBCMT:87tran.obj
 0001:000261a8       __rtinfpopse               004271a8     LIBCMT:87tran.obj
 0001:000261aa       __rtinfnpopse              004271aa     LIBCMT:87tran.obj
 0001:000261ba       __fFLN                     004271ba     LIBCMT:87tran.obj
 0001:0002626f       __rtinfpop                 0042726f     LIBCMT:87tran.obj
 0001:00026271       __rtinfnpop                00427271     LIBCMT:87tran.obj
 0001:0002628e       __ffexpm1                  0042728e     LIBCMT:87tran.obj
 0001:00026340       __CIpow_pentium4           00427340 f   LIBCMT:pow_pentium4.obj
 0001:00026359       __pow_pentium4             00427359     LIBCMT:pow_pentium4.obj
 0001:00026ea0       __d_inttype                00427ea0 f   LIBCMT:powhlp.obj
 0001:00026f04       __powhlp                   00427f04 f   LIBCMT:powhlp.obj
 0001:00027042       __floor_default            00428042 f   LIBCMT:floor.obj
 0001:00027113       __87except                 00428113 f   LIBCMT:87except.obj
 0001:00027210       _fdiv_main_routine         00428210 f   LIBCMT:adj_fdiv.obj
 0001:00027327       __adj_fdiv_r               00428327 f   LIBCMT:adj_fdiv.obj
 0001:000277c6       __fdivp_sti_st             004287c6 f   LIBCMT:adj_fdiv.obj
 0001:000277d9       __fdivrp_sti_st            004287d9 f   LIBCMT:adj_fdiv.obj
 0001:000277ec       __adj_fdiv_m32             004287ec f   LIBCMT:adj_fdiv.obj
 0001:00027838       __adj_fdiv_m64             00428838 f   LIBCMT:adj_fdiv.obj
 0001:00027884       __adj_fdiv_m16i            00428884 f   LIBCMT:adj_fdiv.obj
 0001:000278b8       __adj_fdiv_m32i            004288b8 f   LIBCMT:adj_fdiv.obj
 0001:000278ec       __adj_fdivr_m32            004288ec f   LIBCMT:adj_fdiv.obj
 0001:00027938       __adj_fdivr_m64            00428938 f   LIBCMT:adj_fdiv.obj
 0001:00027984       __adj_fdivr_m16i           00428984 f   LIBCMT:adj_fdiv.obj
 0001:000279b8       __adj_fdivr_m32i           004289b8 f   LIBCMT:adj_fdiv.obj
 0001:000279ec       __safe_fdiv                004289ec f   LIBCMT:adj_fdiv.obj
 0001:00027a01       __safe_fdivr               00428a01 f   LIBCMT:adj_fdiv.obj
 0001:00027a16       __fprem_common             00428a16 f   LIBCMT:adj_fdiv.obj
 0001:00027c1c       __adj_fprem                00428c1c f   LIBCMT:adj_fdiv.obj
 0001:00027cce       __fprem1_common            00428cce f   LIBCMT:adj_fdiv.obj
 0001:00027ed4       __adj_fprem1               00428ed4 f   LIBCMT:adj_fdiv.obj
 0001:00027f89       __safe_fprem               00428f89 f   LIBCMT:adj_fdiv.obj
 0001:00027f8f       __safe_fprem1              00428f8f f   LIBCMT:adj_fdiv.obj
 0001:00027f95       __adj_fpatan               00428f95 f   LIBCMT:adj_fdiv.obj
 0001:00027f98       __adj_fptan                00428f98 f   LIBCMT:adj_fdiv.obj
 0001:00027f9b       __fpclass                  00428f9b f   LIBCMT:ieeemisc.obj
 0002:00000000       __imp__SetCommMask@8       0042a000     kernel32:KERNEL32.dll
 0002:00000004       __imp__EscapeCommFunction@8 0042a004     kernel32:KERNEL32.dll
 0002:00000008       __imp__PurgeComm@8         0042a008     kernel32:KERNEL32.dll
 0002:0000000c       __imp__WriteFile@20        0042a00c     kernel32:KERNEL32.dll
 0002:00000010       __imp__QueryPerformanceFrequency@4 0042a010     kernel32:KERNEL32.dll
 0002:00000014       __imp__SetCommState@8      0042a014     kernel32:KERNEL32.dll
 0002:00000018       __imp__OutputDebugStringA@4 0042a018     kernel32:KERNEL32.dll
 0002:0000001c       __imp__SetCommTimeouts@8   0042a01c     kernel32:KERNEL32.dll
 0002:00000020       __imp__CloseHandle@4       0042a020     kernel32:KERNEL32.dll
 0002:00000024       __imp__GetSystemTime@4     0042a024     kernel32:KERNEL32.dll
 0002:00000028       __imp__SetupComm@12        0042a028     kernel32:KERNEL32.dll
 0002:0000002c       __imp__CreateFileA@28      0042a02c     kernel32:KERNEL32.dll
 0002:00000030       __imp__Sleep@4             0042a030     kernel32:KERNEL32.dll
 0002:00000034       __imp__SetPriorityClass@8  0042a034     kernel32:KERNEL32.dll
 0002:00000038       __imp__ReadFile@20         0042a038     kernel32:KERNEL32.dll
 0002:0000003c       __imp__ClearCommError@12   0042a03c     kernel32:KERNEL32.dll
 0002:00000040       __imp__GetLastError@0      0042a040     kernel32:KERNEL32.dll
 0002:00000044       __imp__GetCommState@8      0042a044     kernel32:KERNEL32.dll
 0002:00000048       __imp__GetCurrentProcess@0 0042a048     kernel32:KERNEL32.dll
 0002:0000004c       __imp__QueryPerformanceCounter@4 0042a04c     kernel32:KERNEL32.dll
 0002:00000050       __imp__GetFileType@4       0042a050     kernel32:KERNEL32.dll
 0002:00000054       __imp__SetEndOfFile@4      0042a054     kernel32:KERNEL32.dll
 0002:00000058       __imp__HeapSize@12         0042a058     kernel32:KERNEL32.dll
 0002:0000005c       __imp__WriteConsoleW@20    0042a05c     kernel32:KERNEL32.dll
 0002:00000060       __imp__GetConsoleOutputCP@0 0042a060     kernel32:KERNEL32.dll
 0002:00000064       __imp__WriteConsoleA@20    0042a064     kernel32:KERNEL32.dll
 0002:00000068       __imp__RaiseException@16   0042a068     kernel32:KERNEL32.dll
 0002:0000006c       __imp__FlushFileBuffers@4  0042a06c     kernel32:KERNEL32.dll
 0002:00000070       __imp__LoadLibraryA@4      0042a070     kernel32:KERNEL32.dll
 0002:00000074       __imp__InitializeCriticalSection@4 0042a074     kernel32:KERNEL32.dll
 0002:00000078       __imp__SetFilePointer@16   0042a078     kernel32:KERNEL32.dll
 0002:0000007c       __imp__GetLocaleInfoA@16   0042a07c     kernel32:KERNEL32.dll
 0002:00000080       __imp__GetStringTypeW@16   0042a080     kernel32:KERNEL32.dll
 0002:00000084       __imp__GetStringTypeA@20   0042a084     kernel32:KERNEL32.dll
 0002:00000088       __imp__GetCurrentProcessId@0 0042a088     kernel32:KERNEL32.dll
 0002:0000008c       __imp__GetTickCount@0      0042a08c     kernel32:KERNEL32.dll
 0002:00000090       __imp__GetEnvironmentStringsW@0 0042a090     kernel32:KERNEL32.dll
 0002:00000094       __imp__FreeEnvironmentStringsW@4 0042a094     kernel32:KERNEL32.dll
 0002:00000098       __imp__GetEnvironmentStrings@0 0042a098     kernel32:KERNEL32.dll
 0002:0000009c       __imp__FreeEnvironmentStringsA@4 0042a09c     kernel32:KERNEL32.dll
 0002:000000a0       __imp__GetModuleFileNameA@12 0042a0a0     kernel32:KERNEL32.dll
 0002:000000a4       __imp__HeapCreate@12       0042a0a4     kernel32:KERNEL32.dll
 0002:000000a8       __imp__HeapDestroy@4       0042a0a8     kernel32:KERNEL32.dll
 0002:000000ac       __imp__EnterCriticalSection@4 0042a0ac     kernel32:KERNEL32.dll
 0002:000000b0       __imp__LeaveCriticalSection@4 0042a0b0     kernel32:KERNEL32.dll
 0002:000000b4       __imp__GetSystemTimeAsFileTime@4 0042a0b4     kernel32:KERNEL32.dll
 0002:000000b8       __imp__HeapAlloc@12        0042a0b8     kernel32:KERNEL32.dll
 0002:000000bc       __imp__GetCommandLineA@0   0042a0bc     kernel32:KERNEL32.dll
 0002:000000c0       __imp__HeapFree@12         0042a0c0     kernel32:KERNEL32.dll
 0002:000000c4       __imp__GetVersionExA@4     0042a0c4     kernel32:KERNEL32.dll
 0002:000000c8       __imp__GetProcessHeap@0    0042a0c8     kernel32:KERNEL32.dll
 0002:000000cc       __imp__TerminateProcess@8  0042a0cc     kernel32:KERNEL32.dll
 0002:000000d0       __imp__UnhandledExceptionFilter@4 0042a0d0     kernel32:KERNEL32.dll
 0002:000000d4       __imp__SetUnhandledExceptionFilter@4 0042a0d4     kernel32:KERNEL32.dll
 0002:000000d8       __imp__IsDebuggerPresent@0 0042a0d8     kernel32:KERNEL32.dll
 0002:000000dc       __imp__GetCPInfo@8         0042a0dc     kernel32:KERNEL32.dll
 0002:000000e0       __imp__InterlockedIncrement@4 0042a0e0     kernel32:KERNEL32.dll
 0002:000000e4       __imp__InterlockedDecrement@4 0042a0e4     kernel32:KERNEL32.dll
 0002:000000e8       __imp__GetACP@0            0042a0e8     kernel32:KERNEL32.dll
 0002:000000ec       __imp__GetOEMCP@0          0042a0ec     kernel32:KERNEL32.dll
 0002:000000f0       __imp__IsValidCodePage@4   0042a0f0     kernel32:KERNEL32.dll
 0002:000000f4       __imp__GetModuleHandleA@4  0042a0f4     kernel32:KERNEL32.dll
 0002:000000f8       __imp__GetProcAddress@8    0042a0f8     kernel32:KERNEL32.dll
 0002:000000fc       __imp__TlsGetValue@4       0042a0fc     kernel32:KERNEL32.dll
 0002:00000100       __imp__TlsAlloc@0          0042a100     kernel32:KERNEL32.dll
 0002:00000104       __imp__TlsSetValue@8       0042a104     kernel32:KERNEL32.dll
 0002:00000108       __imp__TlsFree@4           0042a108     kernel32:KERNEL32.dll
 0002:0000010c       __imp__SetLastError@4      0042a10c     kernel32:KERNEL32.dll
 0002:00000110       __imp__GetCurrentThreadId@0 0042a110     kernel32:KERNEL32.dll
 0002:00000114       __imp__SetHandleCount@4    0042a114     kernel32:KERNEL32.dll
 0002:00000118       __imp__GetStdHandle@4      0042a118     kernel32:KERNEL32.dll
 0002:0000011c       __imp__GetStartupInfoA@4   0042a11c     kernel32:KERNEL32.dll
 0002:00000120       __imp__DeleteCriticalSection@4 0042a120     kernel32:KERNEL32.dll
 0002:00000124       __imp__ExitProcess@4       0042a124     kernel32:KERNEL32.dll
 0002:00000128       __imp__LCMapStringA@24     0042a128     kernel32:KERNEL32.dll
 0002:0000012c       __imp__WideCharToMultiByte@32 0042a12c     kernel32:KERNEL32.dll
 0002:00000130       __imp__MultiByteToWideChar@24 0042a130     kernel32:KERNEL32.dll
 0002:00000134       __imp__LCMapStringW@24     0042a134     kernel32:KERNEL32.dll
 0002:00000138       __imp__SetStdHandle@8      0042a138     kernel32:KERNEL32.dll
 0002:0000013c       __imp__GetConsoleCP@0      0042a13c     kernel32:KERNEL32.dll
 0002:00000140       __imp__GetConsoleMode@8    0042a140     kernel32:KERNEL32.dll
 0002:00000144       __imp__RtlUnwind@16        0042a144     kernel32:KERNEL32.dll
 0002:00000148       __imp__VirtualFree@12      0042a148     kernel32:KERNEL32.dll
 0002:0000014c       __imp__VirtualAlloc@16     0042a14c     kernel32:KERNEL32.dll
 0002:00000150       __imp__HeapReAlloc@16      0042a150     kernel32:KERNEL32.dll
 0002:00000154       \177KERNEL32_NULL_THUNK_DATA 0042a154     kernel32:KERNEL32.dll
 0002:00000158       __imp__waveOutUnprepareHeader@12 0042a158     winmm:WINMM.dll
 0002:0000015c       __imp__waveInClose@4       0042a15c     winmm:WINMM.dll
 0002:00000160       __imp__waveOutGetDevCapsA@12 0042a160     winmm:WINMM.dll
 0002:00000164       __imp__timeGetTime@0       0042a164     winmm:WINMM.dll
 0002:00000168       __imp__waveOutClose@4      0042a168     winmm:WINMM.dll
 0002:0000016c       __imp__waveInGetNumDevs@0  0042a16c     winmm:WINMM.dll
 0002:00000170       __imp__waveInStart@4       0042a170     winmm:WINMM.dll
 0002:00000174       __imp__waveInAddBuffer@12  0042a174     winmm:WINMM.dll
 0002:00000178       __imp__waveOutPrepareHeader@12 0042a178     winmm:WINMM.dll
 0002:0000017c       __imp__waveOutGetNumDevs@0 0042a17c     winmm:WINMM.dll
 0002:00000180       __imp__waveInOpen@24       0042a180     winmm:WINMM.dll
 0002:00000184       __imp__waveInGetDevCapsA@12 0042a184     winmm:WINMM.dll
 0002:00000188       __imp__waveOutOpen@24      0042a188     winmm:WINMM.dll
 0002:0000018c       __imp__waveInPrepareHeader@12 0042a18c     winmm:WINMM.dll
 0002:00000190       __imp__waveOutWrite@12     0042a190     winmm:WINMM.dll
 0002:00000194       __imp__timeGetDevCaps@8    0042a194     winmm:WINMM.dll
 0002:00000198       __imp__waveInUnprepareHeader@12 0042a198     winmm:WINMM.dll
 0002:0000019c       __imp__timeBeginPeriod@4   0042a19c     winmm:WINMM.dll
 0002:000001a0       \177WINMM_NULL_THUNK_DATA  0042a1a0     winmm:WINMM.dll
 0002:000001a4       __imp__listen@8            0042a1a4     WS2_32:WS2_32.dll
 0002:000001a8       __imp__WSAStartup@8        0042a1a8     WS2_32:WS2_32.dll
 0002:000001ac       __imp__socket@12           0042a1ac     WS2_32:WS2_32.dll
 0002:000001b0       __imp__bind@12             0042a1b0     WS2_32:WS2_32.dll
 0002:000001b4       __imp__recv@16             0042a1b4     WS2_32:WS2_32.dll
 0002:000001b8       __imp__ioctlsocket@12      0042a1b8     WS2_32:WS2_32.dll
 0002:000001bc       __imp__setsockopt@20       0042a1bc     WS2_32:WS2_32.dll
 0002:000001c0       __imp__send@16             0042a1c0     WS2_32:WS2_32.dll
 0002:000001c4       __imp__htons@4             0042a1c4     WS2_32:WS2_32.dll
 0002:000001c8       __imp__accept@12           0042a1c8     WS2_32:WS2_32.dll
 0002:000001cc       __imp__WSAGetLastError@0   0042a1cc     WS2_32:WS2_32.dll
 0002:000001d0       __imp__closesocket@4       0042a1d0     WS2_32:WS2_32.dll
 0002:000001d4       __imp__select@20           0042a1d4     WS2_32:WS2_32.dll
 0002:000001d8       __imp____WSAFDIsSet@8      0042a1d8     WS2_32:WS2_32.dll
 0002:000001dc       \177WS2_32_NULL_THUNK_DATA 0042a1dc     WS2_32:WS2_32.dll
 0002:000001e0       ___xc_a                    0042a1e0     LIBCMT:crt0init.obj
 0002:000001e4       ___xc_z                    0042a1e4     LIBCMT:crt0init.obj
 0002:000001e8       ___xi_a                    0042a1e8     LIBCMT:crt0init.obj
 0002:00000204       ___xi_z                    0042a204     LIBCMT:crt0init.obj
 0002:00000208       ___xp_a                    0042a208     LIBCMT:crt0init.obj
 0002:00000214       ___xp_z                    0042a214     LIBCMT:crt0init.obj
 0002:00000218       ___xt_a                    0042a218     LIBCMT:crt0init.obj
 0002:0000021c       ___xt_z                    0042a21c     LIBCMT:crt0init.obj
 0002:00000288       ??_C@_02LMMGGCAJ@?3?5?$AA@ 0042a288     LIBCMT:perror.obj
 0002:00000318       ??_C@_07EPKMNAGK@?4mixcrt?$AA@ 0042a318     LIBCMT:tidtable.obj
 0002:00000320       ??_C@_0O@NLDKAIKN@EncodePointer?$AA@ 0042a320     LIBCMT:tidtable.obj
 0002:00000330       ??_C@_0N@NHGLKGEC@KERNEL32?4DLL?$AA@ 0042a330     LIBCMT:tidtable.obj
 0002:00000340       ??_C@_0O@KBPMFGHI@DecodePointer?$AA@ 0042a340     LIBCMT:tidtable.obj
 0002:00000350       ??_C@_07PEJMOBNF@FlsFree?$AA@ 0042a350     LIBCMT:tidtable.obj
 0002:00000358       ??_C@_0M@JCPCPOEF@FlsSetValue?$AA@ 0042a358     LIBCMT:tidtable.obj
 0002:00000364       ??_C@_0M@GDNOONDI@FlsGetValue?$AA@ 0042a364     LIBCMT:tidtable.obj
 0002:00000370       ??_C@_08KNHFBNJ@FlsAlloc?$AA@ 0042a370     LIBCMT:tidtable.obj
 0002:0000037c       ??_C@_1O@CEDCILHN@?$AA?$CI?$AAn?$AAu?$AAl?$AAl?$AA?$CJ?$AA?$AA@ 0042a37c     LIBCMT:output.obj
 0002:0000038c       ??_C@_06OJHGLDPL@?$CInull?$CJ?$AA@ 0042a38c     LIBCMT:output.obj
 0002:00000398       ___lookuptable             0042a398     LIBCMT:output.obj
 0002:000003f4       ??_C@_0P@MIGLKIOC@CorExitProcess?$AA@ 0042a3f4     LIBCMT:crt0dat.obj
 0002:00000404       ??_C@_0M@MBOPBNBK@mscoree?4dll?$AA@ 0042a404     LIBCMT:crt0dat.obj
 0002:00000410       ??_C@_13NOLLCAOD@?$AA?$AA?$AA?$AA@ 0042a410     LIBCMT:a_map.obj
 0002:00000480       ??_C@_03IIINPABG@tan?$AA@  0042a480     LIBCMT:libm_error.obj
 0002:00000484       ??_C@_03LALBNOCG@cos?$AA@  0042a484     LIBCMT:libm_error.obj
 0002:00000488       ??_C@_03BLEJJJBH@sin?$AA@  0042a488     LIBCMT:libm_error.obj
 0002:0000048c       ??_C@_04EHEDPDJG@modf?$AA@ 0042a48c     LIBCMT:libm_error.obj
 0002:00000494       ??_C@_05PBJFFIGL@floor?$AA@ 0042a494     LIBCMT:libm_error.obj
 0002:0000049c       ??_C@_04GFPJNGEK@ceil?$AA@ 0042a49c     LIBCMT:libm_error.obj
 0002:000004a4       ??_C@_04MLLJIGOK@atan?$AA@ 0042a4a4     LIBCMT:libm_error.obj
 0002:000004ac       ??_C@_05EOHGHCHD@exp10?$AA@ 0042a4ac     LIBCMT:libm_error.obj
 0002:000004b4       ??_C@_04PDIFKINK@acos?$AA@ 0042a4b4     LIBCMT:libm_error.obj
 0002:000004bc       ??_C@_04FIHNOPOL@asin?$AA@ 0042a4bc     LIBCMT:libm_error.obj
 0002:000004c4       ??_C@_03MGHMBJCF@log?$AA@  0042a4c4     LIBCMT:libm_error.obj
 0002:000004c8       ??_C@_05HGHHAHAP@log10?$AA@ 0042a4c8     LIBCMT:libm_error.obj
 0002:000004d0       ??_C@_03KHJOGHMM@exp?$AA@  0042a4d0     LIBCMT:libm_error.obj
 0002:000004d4       ??_C@_03JGHBODFD@pow?$AA@  0042a4d4     LIBCMT:libm_error.obj
 0002:000004d8       ??_C@_0BG@KLEAJEFJ@Illegal?5byte?5sequence?$AA@ 0042a4d8     LIBCMT:syserr.obj
 0002:000004f0       ??_C@_0BE@ICMCHPHH@Directory?5not?5empty?$AA@ 0042a4f0     LIBCMT:syserr.obj
 0002:00000504       ??_C@_0BJ@IHEHINLI@Function?5not?5implemented?$AA@ 0042a504     LIBCMT:syserr.obj
 0002:00000520       ??_C@_0BD@CLHBCGPB@No?5locks?5available?$AA@ 0042a520     LIBCMT:syserr.obj
 0002:00000534       ??_C@_0BC@BEDIHIDK@Filename?5too?5long?$AA@ 0042a534     LIBCMT:syserr.obj
 0002:00000548       ??_C@_0BK@JAEBMJJM@Resource?5deadlock?5avoided?$AA@ 0042a548     LIBCMT:syserr.obj
 0002:00000564       ??_C@_0BB@FCBJFCAJ@Result?5too?5large?$AA@ 0042a564     LIBCMT:syserr.obj
 0002:00000578       ??_C@_0N@MMJPGLJK@Domain?5error?$AA@ 0042a578     LIBCMT:syserr.obj
 0002:00000588       ??_C@_0M@LHEPIIOM@Broken?5pipe?$AA@ 0042a588     LIBCMT:syserr.obj
 0002:00000594       ??_C@_0P@PKCJJLLM@Too?5many?5links?$AA@ 0042a594     LIBCMT:syserr.obj
 0002:000005a4       ??_C@_0BG@DDBFNKBH@Read?9only?5file?5system?$AA@ 0042a5a4     LIBCMT:syserr.obj
 0002:000005bc       ??_C@_0N@FEHLOILP@Invalid?5seek?$AA@ 0042a5bc     LIBCMT:syserr.obj
 0002:000005cc       ??_C@_0BI@FEALHKLD@No?5space?5left?5on?5device?$AA@ 0042a5cc     LIBCMT:syserr.obj
 0002:000005e4       ??_C@_0P@LFMMIPAE@File?5too?5large?$AA@ 0042a5e4     LIBCMT:syserr.obj
 0002:000005f4       ??_C@_0CE@ONOKNLPF@Inappropriate?5I?1O?5control?5operat@ 0042a5f4     LIBCMT:syserr.obj
 0002:00000618       ??_C@_0BE@INBJMKGG@Too?5many?5open?5files?$AA@ 0042a618     LIBCMT:syserr.obj
 0002:0000062c       ??_C@_0BO@IIFBODJE@Too?5many?5open?5files?5in?5system?$AA@ 0042a62c     LIBCMT:syserr.obj
 0002:0000064c       ??_C@_0BB@HMGGCEBG@Invalid?5argument?$AA@ 0042a64c     LIBCMT:syserr.obj
 0002:00000660       ??_C@_0P@NDHGCGKE@Is?5a?5directory?$AA@ 0042a660     LIBCMT:syserr.obj
 0002:00000670       ??_C@_0BA@CJBACOOL@Not?5a?5directory?$AA@ 0042a670     LIBCMT:syserr.obj
 0002:00000680       ??_C@_0P@NLEIANHE@No?5such?5device?$AA@ 0042a680     LIBCMT:syserr.obj
 0002:00000690       ??_C@_0O@OAMDNOCP@Improper?5link?$AA@ 0042a690     LIBCMT:syserr.obj
 0002:000006a0       ??_C@_0M@NAAJNNGH@File?5exists?$AA@ 0042a6a0     LIBCMT:syserr.obj
 0002:000006ac       ??_C@_0BA@BIBLIOEK@Resource?5device?$AA@ 0042a6ac     LIBCMT:syserr.obj
 0002:000006bc       ??_C@_0O@NIPGCINC@Unknown?5error?$AA@ 0042a6bc     LIBCMT:syserr.obj
 0002:000006cc       ??_C@_0M@LOEHLCJD@Bad?5address?$AA@ 0042a6cc     LIBCMT:syserr.obj
 0002:000006d8       ??_C@_0BC@HFNFNKAI@Permission?5denied?$AA@ 0042a6d8     LIBCMT:syserr.obj
 0002:000006ec       ??_C@_0BB@IMDKMPFB@Not?5enough?5space?$AA@ 0042a6ec     LIBCMT:syserr.obj
 0002:00000700       ??_C@_0CB@EPFKGNAK@Resource?5temporarily?5unavailable@ 0042a700     LIBCMT:syserr.obj
 0002:00000724       ??_C@_0BD@LOHELEP@No?5child?5processes?$AA@ 0042a724     LIBCMT:syserr.obj
 0002:00000738       ??_C@_0BE@NFGDDCEF@Bad?5file?5descriptor?$AA@ 0042a738     LIBCMT:syserr.obj
 0002:0000074c       ??_C@_0BC@HKPNECK@Exec?5format?5error?$AA@ 0042a74c     LIBCMT:syserr.obj
 0002:00000760       ??_C@_0BC@MFFGCDFL@Arg?5list?5too?5long?$AA@ 0042a760     LIBCMT:syserr.obj
 0002:00000774       ??_C@_0BK@DPKMCKJ@No?5such?5device?5or?5address?$AA@ 0042a774     LIBCMT:syserr.obj
 0002:00000790       ??_C@_0BD@KKNFOBBD@Input?1output?5error?$AA@ 0042a790     LIBCMT:syserr.obj
 0002:000007a4       ??_C@_0BK@FJBOAFDK@Interrupted?5function?5call?$AA@ 0042a7a4     LIBCMT:syserr.obj
 0002:000007c0       ??_C@_0BA@FKIAIBGA@No?5such?5process?$AA@ 0042a7c0     LIBCMT:syserr.obj
 0002:000007d0       ??_C@_0BK@FMDHKPNF@No?5such?5file?5or?5directory?$AA@ 0042a7d0     LIBCMT:syserr.obj
 0002:000007ec       ??_C@_0BI@BJFCGOHL@Operation?5not?5permitted?$AA@ 0042a7ec     LIBCMT:syserr.obj
 0002:00000804       ??_C@_08INEPGKHH@No?5error?$AA@ 0042a804     LIBCMT:syserr.obj
 0002:00000834       ??_C@_0P@GGKDKEEG@runtime?5error?5?$AA@ 0042a834     LIBCMT:crt0msg.obj
 0002:00000844       ??_C@_0O@MJNIPGOH@TLOSS?5error?$AN?6?$AA@ 0042a844     LIBCMT:crt0msg.obj
 0002:00000854       ??_C@_0N@BONNPDHF@SING?5error?$AN?6?$AA@ 0042a854     LIBCMT:crt0msg.obj
 0002:00000864       ??_C@_0P@MBDAJNE@DOMAIN?5error?$AN?6?$AA@ 0042a864     LIBCMT:crt0msg.obj
 0002:00000878       ??_C@_0JL@DFDOOABL@R6034?$AN?6An?5application?5has?5made?5a@ 0042a878     LIBCMT:crt0msg.obj
 0002:00000918       ??_C@_0PH@EPAFIJ@R6033?$AN?6?9?5Attempt?5to?5use?5MSIL?5cod@ 0042a918     LIBCMT:crt0msg.obj
 0002:00000a10       ??_C@_0DD@BKEEABMM@R6032?$AN?6?9?5not?5enough?5space?5for?5lo@ 0042aa10     LIBCMT:crt0msg.obj
 0002:00000a48       ??_C@_0GD@OFKILIED@R6031?$AN?6?9?5Attempt?5to?5initialize?5t@ 0042aa48     LIBCMT:crt0msg.obj
 0002:00000aac       ??_C@_0BP@LPMHJOKI@R6030?$AN?6?9?5CRT?5not?5initialized?$AN?6?$AA@ 0042aaac     LIBCMT:crt0msg.obj
 0002:00000acc       ??_C@_0CF@KJDAIALP@R6028?$AN?6?9?5unable?5to?5initialize?5he@ 0042aacc     LIBCMT:crt0msg.obj
 0002:00000af4       ??_C@_0DF@GAKBPDFP@R6027?$AN?6?9?5not?5enough?5space?5for?5lo@ 0042aaf4     LIBCMT:crt0msg.obj
 0002:00000b2c       ??_C@_0DF@IBLNNAIG@R6026?$AN?6?9?5not?5enough?5space?5for?5st@ 0042ab2c     LIBCMT:crt0msg.obj
 0002:00000b64       ??_C@_0CG@IOHKGFNJ@R6025?$AN?6?9?5pure?5virtual?5function?5c@ 0042ab64     LIBCMT:crt0msg.obj
 0002:00000b8c       ??_C@_0DF@JIJJFJDC@R6024?$AN?6?9?5not?5enough?5space?5for?5_o@ 0042ab8c     LIBCMT:crt0msg.obj
 0002:00000bc4       ??_C@_0CJ@EGEJHFME@R6019?$AN?6?9?5unable?5to?5open?5console?5@ 0042abc4     LIBCMT:crt0msg.obj
 0002:00000bf0       ??_C@_0CB@GNHNIELH@R6018?$AN?6?9?5unexpected?5heap?5error?$AN?6@ 0042abf0     LIBCMT:crt0msg.obj
 0002:00000c14       ??_C@_0CN@FOLDKNG@R6017?$AN?6?9?5unexpected?5multithread?5@ 0042ac14     LIBCMT:crt0msg.obj
 0002:00000c44       ??_C@_0CM@FAHFJNHO@R6016?$AN?6?9?5not?5enough?5space?5for?5th@ 0042ac44     LIBCMT:crt0msg.obj
 0002:00000c70       ??_C@_0JG@LBKMGKLD@?$AN?6This?5application?5has?5requested@ 0042ac70     LIBCMT:crt0msg.obj
 0002:00000d08       ??_C@_0CM@FLCNIPKK@R6009?$AN?6?9?5not?5enough?5space?5for?5en@ 0042ad08     LIBCMT:crt0msg.obj
 0002:00000d34       ??_C@_0CK@KMMJOAPP@R6008?$AN?6?9?5not?5enough?5space?5for?5ar@ 0042ad34     LIBCMT:crt0msg.obj
 0002:00000d60       ??_C@_0CN@LEKKICBM@R6002?$AN?6?9?5floating?5point?5support?5@ 0042ad60     LIBCMT:crt0msg.obj
 0002:00000d90       ??_C@_0CF@GOGNBNAK@Microsoft?5Visual?5C?$CL?$CL?5Runtime?5Lib@ 0042ad90     LIBCMT:crt0msg.obj
 0002:00000db8       ??_C@_02PHMGELLB@?6?6?$AA@ 0042adb8     LIBCMT:crt0msg.obj
 0002:00000dbc       ??_C@_03KHICJKCI@?4?4?4?$AA@ 0042adbc     LIBCMT:crt0msg.obj
 0002:00000dc0       ??_C@_0BH@DNAGHKFM@?$DMprogram?5name?5unknown?$DO?$AA@ 0042adc0     LIBCMT:crt0msg.obj
 0002:00000dd8       ??_C@_0BK@OFGJDLJJ@Runtime?5Error?$CB?6?6Program?3?5?$AA@ 0042add8     LIBCMT:crt0msg.obj
 0002:00000df8       ___newctype                0042adf8     LIBCMT:ctype.obj
 0002:000010f8       __wctype                   0042b0f8     LIBCMT:ctype.obj
 0002:00001300       ___newclmap                0042b300     LIBCMT:ctype.obj
 0002:00001480       ___newcumap                0042b480     LIBCMT:ctype.obj
 0002:00001600       ??_C@_08JCCMCCIL@HH?3mm?3ss?$AA@ 0042b600     LIBCMT:strftime.obj
 0002:0000160c       ??_C@_0BE@CKGJFCPC@dddd?0?5MMMM?5dd?0?5yyyy?$AA@ 0042b60c     LIBCMT:strftime.obj
 0002:00001620       ??_C@_08BPBNCDIB@MM?1dd?1yy?$AA@ 0042b620     LIBCMT:strftime.obj
 0002:0000162c       ??_C@_02CJNFDJBF@PM?$AA@   0042b62c     LIBCMT:strftime.obj
 0002:00001630       ??_C@_02DEDBPAFC@AM?$AA@   0042b630     LIBCMT:strftime.obj
 0002:00001634       ??_C@_08EDHMEBNP@December?$AA@ 0042b634     LIBCMT:strftime.obj
 0002:00001640       ??_C@_08HCHEGEOA@November?$AA@ 0042b640     LIBCMT:strftime.obj
 0002:0000164c       ??_C@_07JJNFCEND@October?$AA@ 0042b64c     LIBCMT:strftime.obj
 0002:00001654       ??_C@_09BHHEALKD@September?$AA@ 0042b654     LIBCMT:strftime.obj
 0002:00001660       ??_C@_06LBBHFDDG@August?$AA@ 0042b660     LIBCMT:strftime.obj
 0002:00001668       ??_C@_04MIEPOIFP@July?$AA@ 0042b668     LIBCMT:strftime.obj
 0002:00001670       ??_C@_04CNLMGBGM@June?$AA@ 0042b670     LIBCMT:strftime.obj
 0002:00001678       ??_C@_05DMJDNLEJ@April?$AA@ 0042b678     LIBCMT:strftime.obj
 0002:00001680       ??_C@_05HPCKOFNC@March?$AA@ 0042b680     LIBCMT:strftime.obj
 0002:00001688       ??_C@_08GNJGEPFN@February?$AA@ 0042b688     LIBCMT:strftime.obj
 0002:00001694       ??_C@_07CGJPFGJA@January?$AA@ 0042b694     LIBCMT:strftime.obj
 0002:0000169c       ??_C@_03MKABNOCG@Dec?$AA@  0042b69c     LIBCMT:strftime.obj
 0002:000016a0       ??_C@_03JPJOFNIA@Nov?$AA@  0042b6a0     LIBCMT:strftime.obj
 0002:000016a4       ??_C@_03BMAOKBAD@Oct?$AA@  0042b6a4     LIBCMT:strftime.obj
 0002:000016a8       ??_C@_03GGCAPAJC@Sep?$AA@  0042b6a8     LIBCMT:strftime.obj
 0002:000016ac       ??_C@_03IFJFEIGA@Aug?$AA@  0042b6ac     LIBCMT:strftime.obj
 0002:000016b0       ??_C@_03LBGABGKK@Jul?$AA@  0042b6b0     LIBCMT:strftime.obj
 0002:000016b4       ??_C@_03IDFGHECI@Jun?$AA@  0042b6b4     LIBCMT:strftime.obj
 0002:000016b8       ??_C@_03CNMDKL@May?$AA@    0042b6b8     LIBCMT:strftime.obj
 0002:000016bc       ??_C@_03LEOLGMJP@Apr?$AA@  0042b6bc     LIBCMT:strftime.obj
 0002:000016c0       ??_C@_03ODNJBKGA@Mar?$AA@  0042b6c0     LIBCMT:strftime.obj
 0002:000016c4       ??_C@_03HJBDCHOM@Feb?$AA@  0042b6c4     LIBCMT:strftime.obj
 0002:000016c8       ??_C@_03JIHJHPIE@Jan?$AA@  0042b6c8     LIBCMT:strftime.obj
 0002:000016cc       ??_C@_08INBOOONO@Saturday?$AA@ 0042b6cc     LIBCMT:strftime.obj
 0002:000016d8       ??_C@_06JECMNKMI@Friday?$AA@ 0042b6d8     LIBCMT:strftime.obj
 0002:000016e0       ??_C@_08HACCIKIA@Thursday?$AA@ 0042b6e0     LIBCMT:strftime.obj
 0002:000016ec       ??_C@_09DLIGFAKA@Wednesday?$AA@ 0042b6ec     LIBCMT:strftime.obj
 0002:000016f8       ??_C@_07BAAGCFCM@Tuesday?$AA@ 0042b6f8     LIBCMT:strftime.obj
 0002:00001700       ??_C@_06JLEDEDGH@Monday?$AA@ 0042b700     LIBCMT:strftime.obj
 0002:00001708       ??_C@_06OOPIFAJ@Sunday?$AA@ 0042b708     LIBCMT:strftime.obj
 0002:00001710       ??_C@_03FEFJNEK@Sat?$AA@   0042b710     LIBCMT:strftime.obj
 0002:00001714       ??_C@_03IDIOELNC@Fri?$AA@  0042b714     LIBCMT:strftime.obj
 0002:00001718       ??_C@_03IOFIKPDN@Thu?$AA@  0042b718     LIBCMT:strftime.obj
 0002:0000171c       ??_C@_03MHOMLAJA@Wed?$AA@  0042b71c     LIBCMT:strftime.obj
 0002:00001720       ??_C@_03NAGEINEP@Tue?$AA@  0042b720     LIBCMT:strftime.obj
 0002:00001724       ??_C@_03PDAGKDH@Mon?$AA@   0042b724     LIBCMT:strftime.obj
 0002:00001728       ??_C@_03KOEHGMDN@Sun?$AA@  0042b728     LIBCMT:strftime.obj
 0002:00001730       ___lookuptable_s           0042b730     LIBCMT:outputs.obj
 0002:0000178c       ??_C@_0CG@PKBDLMEO@InitializeCriticalSectionAndSpin@ 0042b78c     LIBCMT:initcrit.obj
 0002:000017b4       ??_C@_0N@MDJJJHMB@kernel32?4dll?$AA@ 0042b7b4     LIBCMT:initcrit.obj
 0002:000017c4       __FPinit                   0042b7c4     LIBCMT:fpinit.obj
 0002:000017c8       __FPmtinit                 0042b7c8     LIBCMT:fpinit.obj
 0002:000017cc       __FPmtterm                 0042b7cc     LIBCMT:fpinit.obj
 0002:000017d0       ??_C@_0L@KDOEJCKC@_nextafter?$AA@ 0042b7d0     LIBCMT:fpexcept.obj
 0002:000017dc       ??_C@_05JGDBENOH@_logb?$AA@ 0042b7dc     LIBCMT:fpexcept.obj
 0002:000017e4       ??_C@_03ONILCKOB@_yn?$AA@  0042b7e4     LIBCMT:fpexcept.obj
 0002:000017e8       ??_C@_03NAKIGLHK@_y1?$AA@  0042b7e8     LIBCMT:fpexcept.obj
 0002:000017ec       ??_C@_03MJLDFKDL@_y0?$AA@  0042b7ec     LIBCMT:fpexcept.obj
 0002:000017f0       ??_C@_05GKKHEGJL@frexp?$AA@ 0042b7f0     LIBCMT:fpexcept.obj
 0002:000017f8       ??_C@_04KEPJIHGP@fmod?$AA@ 0042b7f8     LIBCMT:fpexcept.obj
 0002:00001800       ??_C@_06MEIMCGCF@_hypot?$AA@ 0042b800     LIBCMT:fpexcept.obj
 0002:00001808       ??_C@_05KBKMEMPO@_cabs?$AA@ 0042b808     LIBCMT:fpexcept.obj
 0002:00001810       ??_C@_05CEJMAHNP@ldexp?$AA@ 0042b810     LIBCMT:fpexcept.obj
 0002:00001818       ??_C@_04ODHECPBC@fabs?$AA@ 0042b818     LIBCMT:fpexcept.obj
 0002:00001820       ??_C@_04EIAKFFMI@sqrt?$AA@ 0042b820     LIBCMT:fpexcept.obj
 0002:00001828       ??_C@_05KNGEOGJB@atan2?$AA@ 0042b828     LIBCMT:fpexcept.obj
 0002:00001830       ??_C@_04FJHINJAO@tanh?$AA@ 0042b830     LIBCMT:fpexcept.obj
 0002:00001838       ??_C@_04HPJJNFIM@cosh?$AA@ 0042b838     LIBCMT:fpexcept.obj
 0002:00001840       ??_C@_04COOMCNPB@sinh?$AA@ 0042b840     LIBCMT:fpexcept.obj
 0002:00001848       ??_C@_0BI@DFKBFLJE@GetProcessWindowStation?$AA@ 0042b848     LIBCMT:crtmbox.obj
 0002:00001860       ??_C@_0BK@CIDNPOGP@GetUserObjectInformationA?$AA@ 0042b860     LIBCMT:crtmbox.obj
 0002:0000187c       ??_C@_0BD@HHGDFDBJ@GetLastActivePopup?$AA@ 0042b87c     LIBCMT:crtmbox.obj
 0002:00001890       ??_C@_0BA@HNOPNCHB@GetActiveWindow?$AA@ 0042b890     LIBCMT:crtmbox.obj
 0002:000018a0       ??_C@_0M@CHKKJDAI@MessageBoxA?$AA@ 0042b8a0     LIBCMT:crtmbox.obj
 0002:000018ac       ??_C@_0L@NDEGIDAG@USER32?4DLL?$AA@ 0042b8ac     LIBCMT:crtmbox.obj
 0002:000018b8       ___dnames                  0042b8b8     LIBCMT:timeset.obj
 0002:000018d0       ___mnames                  0042b8d0     LIBCMT:timeset.obj
 0002:000018f8       ??_C@_05KLBDPFGC@e?$CL000?$AA@ 0042b8f8     LIBCMT:cvt.obj
 0002:00001900       __real@4150017ec0000000    0042b900     LIBCMT:testfdiv.obj
 0002:00001908       __real@4147ffff80000000    0042b908     LIBCMT:testfdiv.obj
 0002:00001910       ??_C@_0BK@NHEOCAHP@IsProcessorFeaturePresent?$AA@ 0042b910     LIBCMT:testfdiv.obj
 0002:0000192c       ??_C@_08CPNIBGIE@KERNEL32?$AA@ 0042b92c     LIBCMT:testfdiv.obj
 0002:00001938       ??_C@_07GPDNMNG@CONOUT$?$AA@ 0042b938     LIBCMT:initcon.obj
 0002:00001940       ??_C@_06IMKFLFPG@1?$CDQNAN?$AA@ 0042b940     LIBCMT:x10fout.obj
 0002:00001948       ??_C@_05DNEBIAHO@1?$CDINF?$AA@ 0042b948     LIBCMT:x10fout.obj
 0002:00001950       ??_C@_05PHHOCPM@1?$CDIND?$AA@ 0042b950     LIBCMT:x10fout.obj
 0002:00001958       ??_C@_06PGGFOGJG@1?$CDSNAN?$AA@ 0042b958     LIBCMT:x10fout.obj
 0002:00001960       _BoolString                0042b960     Waveout.obj
 0002:00001970       _ARQBandwidths             0042b970     ARQ.obj
 0002:000019e0       _ARQSubStates              0042b9e0     ARQ.obj
 0002:00001a50       _int50BaudTwoToneLeaderTemplate 0042ba50     ardopSampleArrays.obj
 0002:00001c30       _intTwoToneLeaderTemplate  0042bc30     ardopSampleArrays.obj
 0002:00001d20       _intFSK50bdCarTemplate     0042bd20     ardopSampleArrays.obj
 0002:000024a0       _intFSK25bdCarTemplate     0042c4a0     ardopSampleArrays.obj
 0002:000060a0       _intFSK100bdCarTemplate    004300a0     ardopSampleArrays.obj
 0002:00007360       _intFSK600bdCarTemplate    00431360     ardopSampleArrays.obj
 0002:00007400       _intPSK100bdCarTemplate    00431400     ardopSampleArrays.obj
 0002:000095c0       _intPSK200bdCarTemplate    004335c0     ardopSampleArrays.obj
 0002:0000aa00       _ARDOPStates               00434a00     ARDOPC.obj
 0002:0000aa48       _bytValidFrameTypesALL     00434a48     ARDOPC.obj
 0002:0000aad8       _bytValidFrameTypesISS     00434ad8     ARDOPC.obj
 0002:0000ab30       _isValidFrame              00434b30     ARDOPC.obj
 0002:0000ac30       _strAllDataModes           00434c30     ARDOPC.obj
 0002:0000adb8       _Rate                      00434db8     ARDOPC.obj
 0002:0000afb8       _strFrameType              00434fb8     ARDOPC.obj
 0002:0000c1b8       _shortFrameType            004361b8     ARDOPC.obj
 0002:0000cdb8       _CRCTAB                    00436db8     ARDOPC.obj
 0002:0000cfb8       ??_C@_04KOHEBHGC@4FSK?$AA@ 00436fb8     ARDOPC.obj
 0002:0000cfc0       ??_C@_04NLAGBPCB@4PSK?$AA@ 00436fc0     ARDOPC.obj
 0002:0000cfc8       ??_C@_04BOPGPCCA@8PSK?$AA@ 00436fc8     ARDOPC.obj
 0002:0000cfd0       ??_C@_04GLIEPKGD@8FSK?$AA@ 00436fd0     ARDOPC.obj
 0002:0000cfd8       ??_C@_05GMHCMGLE@16FSK?$AA@ 00436fd8     ARDOPC.obj
 0002:0000cfe0       ??_C@_05OIEEHJAK@16QAM?$AA@ 00436fe0     ARDOPC.obj
 0002:0000cfe8       ??_C@_02NBMCHJGB@CQ?$AA@   00436fe8     ARDOPC.obj
 0002:0000cfec       ??_C@_05CEHMOPDA@No?5GS?$AA@ 00436fec     ARDOPC.obj
 0002:0000cff4       ??_C@_0N@KPLPPDHJ@?5?$CFs?3?$FLNo?5GS?$FN?5?$AA@ 00436ff4     ARDOPC.obj
 0002:0000d004       ??_C@_09FCIAPBKJ@?5?$CFs?3?$FL?$CFs?$FN?5?$AA@ 00437004     ARDOPC.obj
 0002:0000d010       ??_C@_03OJBHPKML@IDF?$AA@  00437010     ARDOPC.obj
 0002:0000d014       ??_C@_04PFOHOKJK@?5?5?5?5?$AA@ 00437014     ARDOPC.obj
 0002:0000d01c       ??_C@_08GGFKNFHG@?5?5?5?5?5?5?5?5?$AA@ 0043701c     ARDOPC.obj
 0002:0000d025       ??_C@_00CNPNBAHC@?$AA@     00437025     ARDOPC.obj
 0002:0000d028       ??_C@_03LDPEHNKI@?9?$CFd?$AA@ 00437028     ARDOPC.obj
 0002:0000d02c       ??_C@_03PMLFOLGP@?9?$CFc?$AA@ 0043702c     ARDOPC.obj
 0002:0000d030       ??_C@_08BMJCPEED@BUFFER?50?$AA@ 00437030     ARDOPC.obj
 0002:0000d03c       ??_C@_09PELFENOG@BUFFER?5?$CFd?$AA@ 0043703c     ARDOPC.obj
 0002:0000d048       ??_C@_0BF@DABGBADG@Repeating?5Last?5Frame?$AA@ 00437048     ARDOPC.obj
 0002:0000d060       ??_C@_0FG@EEOPIPME@ARDOPprotocol?4tmrSendTimeout?$FN?5?5A@ 00437060     ARDOPC.obj
 0002:0000d0b8       ??_C@_0N@HLEBDOBD@DISCONNECTED?$AA@ 004370b8     ARDOPC.obj
 0002:0000d0c8       ??_C@_0CM@MLOPGBEH@STATUS?5ARQ?5Timeout?5from?5Protocol@ 004370c8     ARDOPC.obj
 0002:0000d0f8       ??_C@_0FM@HONCEPPF@ARDOPprotocol?4tmrIRSPendingTimeo@ 004370f8     ARDOPC.obj
 0002:0000d154       ??_C@_0DL@JKFLKFJC@STATUS?5ARQ?5CONNECT?5REQUEST?5TIMEO@ 00437154     ARDOPC.obj
 0002:0000d190       ??_C@_0DN@JOANKNOA@?$FLARDOPprotocol?4tmrFinalID_Elapse@ 00437190     ARDOPC.obj
[...]
 0003:000190d0       _xdblCoef                  0045a0d0     SoundInput.obj
 0003:0001913c       _intSNdB                   0045a13c     SoundInput.obj
 0003:00019184       _intQuality                0045a184     SoundInput.obj
 0003:00019188       _pskStart                  0045a188     SoundInput.obj
 0003:00019190       _intCarMagThreshold        0045a190     SoundInput.obj
 0003:000191a0       _CONNECTED                 0045a1a0     TCPHostInterface.obj
 0003:000191a4       _DATACONNECTED             0045a1a4     TCPHostInterface.obj
 0003:000191a8       _InputLen                  0045a1a8     TCPHostInterface.obj
 0003:000191ac       _DataInputLen              0045a1ac     TCPHostInterface.obj
 0003:000191b0       _bytDataToSendLength       0045a1b0     TCPHostInterface.obj
 0003:000191b4       _InReceiveProcess          0045a1b4     TCPHostInterface.obj
 0003:000191b8       _Loopback                  0045a1b8     Waveout.obj
 0003:000191bc       _CaptureDevices            0045a1bc     Waveout.obj
 0003:000191c0       _PlaybackDevices           0045a1c0     Waveout.obj
 0003:000191c4       _CaptureCount              0045a1c4     Waveout.obj
 0003:000191c8       _PlaybackCount             0045a1c8     Waveout.obj
 0003:000191cc       _hWaveOut                  0045a1cc     Waveout.obj
 0003:000191d0       _CaptureNames              0045a1d0     Waveout.obj
 0003:000193f0       _PlaybackNames             0045a3f0     Waveout.obj
 0003:00019610       _hWaveIn                   0045a610     Waveout.obj
 0003:00019614       _Index                     0045a614     Waveout.obj
 0003:00019618       _inIndex                   0045a618     Waveout.obj
 0003:0001961c       _min                       0045a61c     Waveout.obj
 0003:00019620       _max                       0045a620     Waveout.obj
 0003:00019624       _leveltimer                0045a624     Waveout.obj
 0003:00019628       _logfile                   0045a628     Waveout.obj
 0003:0001962c       _statslogfile              0045a62c     Waveout.obj
 0003:00019630       __debugger_hook_dummy      0045a630     <common>
 0003:00019634       ___active_heap             0045a634     <common>
 0003:00019638       ___sbh_cntHeaderList       0045a638     <common>
 0003:0001963c       ___sbh_pHeaderList         0045a63c     <common>
 0003:00019640       ___sbh_threshold           0045a640     <common>
 0003:00019644       ___sbh_pHeaderScan         0045a644     <common>
 0003:00019648       ___sbh_sizeHeaderList      0045a648     <common>
 0003:0001964c       ___sbh_indGroupDefer       0045a64c     <common>
 0003:00019650       __pmatherr                 0045a650     <common>
 0003:00019654       __pDestructExceptionObject 0045a654     <common>
 0003:00019658       ___env_initialized         0045a658     <common>
 0003:0001965c       ___onexitend               0045a65c     <common>
 0003:00019660       ___onexitbegin             0045a660     <common>
 0003:00019664       ___mbctype_initialized     0045a664     <common>
 0003:00019668       ___dyn_tls_init_callback   0045a668     <common>
 0003:0001966c       __nhandle                  0045a66c     <common>
 0003:00019680       ___pioinfo                 0045a680     <common>
 0003:00019780       ___use_sse2_mathfcns       0045a780     <common>
 0003:00019784       ___sse2_available          0045a784     <common>
 0003:00019788       __acmdln                   0045a788     <common>
 0003:0001978c       ___piob                    0045a78c     <common>
 0003:000197a0       __bufin                    0045a7a0     <common>
 0003:0001a7a0       __nstream                  0045b7a0     <common>
 0003:0001a7a8       _NewTicks                  0045b7a8     <common>
 0003:0001a7b0       _StartTicks                0045b7b0     <common>
 0003:0001a7c0       _inbuffer                  0045b7c0     <common>
 0003:0001b120       _pwic                      0045c120     <common>
 0003:0001b160       _pwoc                      0045c160     <common>
 0003:0001b198       _Frequency                 0045c198     <common>
 0003:0001b1a0       _LastNow                   0045c1a0     <common>
 0003:0001b1c0       _buffer                    0045c1c0     <common>
 0003:0001c480       _ARDOPDataBuffer           0045d480     <common>
 0003:0001e480       _ListenSock                0045f480     <common>
 0003:0001e4a0       _ARDOPBuffer               0045f4a0     <common>
 0003:000204a0       _TCPControlSock            004614a0     <common>
 0003:000204c0       _bytDataToSend             004614c0     <common>
 0003:00038b60       _DataListenSock            00479b60     <common>
 0003:00038b64       _TCPDataSock               00479b64     <common>
 0003:00038b68       _intRSLen                  00479b68     <common>
 0003:00038b80       _intPriorMixedSamples      00479b80     <common>
 0003:00038c70       _intARQRTmeasuredMs        00479c70     <common>
 0003:00038c74       _blnSymbolSyncFound        00479c74     <common>
 0003:00038c78       _dblSNdBPwr                00479c78     <common>
 0003:00038c7c       _dblHanAng                 00479c7c     <common>
 0003:00038c80       _intNforGoertzel           00479c80     <common>
 0003:00038ca0       _strRcvFrameTag            00479ca0     <common>
 0003:00038cc0       _intCarMagAvg              00479cc0     <common>
 0003:0003b580       _bytFrameData8             0047c580     <common>
 0003:0003b680       _SymbolsLeft               0047c680     <common>
 0003:0003b6a0       _intCarPhaseAvg            0047c6a0     <common>
 0003:0003df60       _bytFrameData7             0047ef60     <common>
 0003:0003e060       _bytMinQualThresh          0047f060     <common>
 0003:0003e064       _intToneMagsLength         0047f064     <common>
 0003:0003e068       _intCarFreq                0047f068     <common>
 0003:0003e080       _dblFreqBin                0047f080     <common>
 0003:0003e0a0       _bytFrameData5             0047f0a0     <common>
 0003:0003e1a0       _blnOdd                    0047f1a0     <common>
 0003:0003e1c0       _rawSamples                0047f1c0     <common>
 0003:0003f480       _dblHanWin                 00480480     <common>
 0003:0003f660       _intSampPerSym             00480660     <common>
 0003:0003f664       _intDataLen                00480664     <common>
 0003:0003f668       _frameLen                  00480668     <common>
 0003:0003f680       _intSumCounts              00480680     <common>
 0003:0003f6a0       _bytFrameData4             004806a0     <common>
 0003:0003f7a0       _intPSKMode                004807a0     <common>
 0003:0003f7b0       _intPSKPhase_1             004807b0     <common>
 0003:0003f7c0       _intToneMagsAvg            004807c0     <common>
 0003:00040c80       _strDecodeCapture          00481c80     <common>
 0003:00041080       _intNumCar                 00482080     <common>
 0003:00041084       _intPhasesLen              00482084     <common>
 0003:00041088       _blnFrameSyncFound         00482088     <common>
 0003:000410a0       _bytFrameData1             004820a0     <common>
 0003:00041398       _intBaud                   00482398     <common>
 0003:000413a0       _intPSKPhase_0             004823a0     <common>
 0003:000413c0       _dblHamWin                 004823c0     <common>
 0003:00042680       _bytData                   00483680     <common>
 0003:00042b78       _dttLastLeaderDetect       00483b78     <common>
 0003:00042b80       _CarrierOk                 00483b80     <common>
 0003:00042b90       _intCP                     00483b90     <common>
 0003:00042ba0       _intFilteredMixedSamples   00483ba0     <common>
 0003:000452b0       _totalRSErrors             004862b0     <common>
 0003:000452c0       _bytFrameData6             004862c0     <common>
 0003:000453c0       _dblPhaseInc               004863c0     <common>
 0003:000453c8       _dblHamAng                 004863c8     <common>
 0003:000453cc       _intFrameType              004863cc     <common>
 0003:000453d0       _intToneMagsIndex          004863d0     <common>
 0003:000453e0       _bytFrameData3             004863e0     <common>
 0003:000454e0       _bytFrameData2             004864e0     <common>
 0003:000455e0       _LastDataFrameType         004865e0     <common>
 0003:000455e4       _dttStartRmtLeaderMeasure  004865e4     <common>
 0003:00045600       _genPoly                   00486600     <common>
 0003:00045a00       _synBytes                  00486a00     <common>
 0003:00045c00       _fWidth                    00486c00     <common>
 0003:00045c04       _DMABuffer                 00486c04     <common>
 0003:00045c08       _last                      00486c08     <common>
 0003:00045c0c       _SampleNo                  00486c0c     <common>
 0003:00045c20       _Last120                   00486c20     <common>
 0003:00045d20       _first                     00486d20     <common>
 0003:00045d40       _gexp                      00486d40     <common>
 0003:00046540       _glog                      00487540     <common>
 0003:00046940       _bytFailedData             00487940     <common>
 0003:00046f80       _bytFailedDataLength       00487f80     <common>
 0003:00046f84       _crcLastFECDataPassedToHost 00487f84     <common>
 0003:00046f88       _bytFrameType              00487f88     <common>
 0003:00046f8c       _dttLastFECIDSent          00487f8c     <common>
 0003:00046f90       _blnSendIDFrame            00487f90     <common>
 0003:00046f94       _bytLastFECDataFrameSent   00487f94     <common>
 0003:00046f98       _intFECFramesSent          00487f98     <common>
 0003:00046f9c       _FECRepeatsSent            00487f9c     <common>
 0003:00046fa0       _dttLastTrip               00487fa0     <common>
 0003:00046fa4       _NErrors                   00487fa4     <common>
 0003:00046fa8       _bytLastACKedDataFrameType 00487fa8     <common>
 0003:00046fac       _intQAMSymbolCnt           00487fac     <common>
 0003:00046fb0       _strRemoteCallsign         00487fb0     <common>
 0003:00046fbc       _intShiftDNs               00487fbc     <common>
 0003:00046fc0       _strLocalCallsign          00487fc0     <common>
 0003:00046fcc       _intReceivedLeaderLen      00487fcc     <common>
 0003:00046fd0       _intAvgFSKQuality          00487fd0     <common>
 0003:00046fd4       _intShiftUPs               00487fd4     <common>
 0003:00046fd8       _intSessionBW              00487fd8     <common>
 0003:00046fdc       _intGoodFSKFrameTypes      00487fdc     <common>
 0003:00046fe0       _intFailedFSKFrameDataDecodes 00487fe0     <common>
 0003:00046fe4       _intAccumQAMTracking       00487fe4     <common>
 0003:00046fe8       _intAvgPSKQuality          00487fe8     <common>
 0003:00046fec       _intLeaderDetects          00487fec     <common>
 0003:00046ff0       _blnDISCRepeating          00487ff0     <common>
 0003:00046ff4       _intFrameRepeatInterval    00487ff4     <common>
 0003:00046ff8       _intAccumFSKTracking       00487ff8     <common>
 0003:00046ffc       _dblLeaderSNAvg            00487ffc     <common>
 0003:00047000       _dttStartSession           00488000     <common>
 0003:00047004       _intBW                     00488004     <common>
 0003:00047008       _dblAvgPSKRefErr           00488008     <common>
 0003:00047010       _strFinalIDCallsign        00488010     <common>
 0003:0004701c       _intPSKSymbolCnt           0048801c     <common>
 0003:00047020       _intQAMTrackAttempts       00488020     <common>
 0003:00047024       _bytLastReceivedDataFrameType 00488024     <common>
 0003:00047028       _dttLastIDSent             00488028     <common>
 0003:0004702c       _intLinkTurnovers          0048802c     <common>
 0003:00047030       _blnEnbARQRpt              00488030     <common>
 0003:00047034       _intFailedFSKFrameTypes    00488034     <common>
 0003:00047038       _bytFrameTypesForBW        00488038     <common>
 0003:0004703c       _intAccumPSKTracking       0048803c     <common>
 0003:00047040       _intGoodFSKFrameDataDecodes 00488040     <common>
 0003:00047044       _dblAvgDecodeDistance      00488044     <common>
 0003:00047048       _ARQState                  00488048     <common>
 0003:0004704c       _intEnvelopeCors           0048804c     <common>
 0003:00047050       _intConReqQuality          00488050     <common>
 0003:00047054       _intConReqSN               00488054     <common>
 0003:00047058       _intFrameSyncs             00488058     <common>
 0003:0004705c       _intGoodPSKSummationDecodes 0048805c     <common>
 0003:00047060       _intDecodeDistanceCount    00488060     <common>
 0003:00047064       _bytShiftUpThresholds      00488064     <common>
 0003:00047068       _blnARQConnected           00488068     <common>
 0003:0004706c       _intGoodPSKFrameDataDecodes 0048806c     <common>
 0003:00047070       _intLeaderSyncs            00488070     <common>
 0003:00047074       _tmrPollOBQueue            00488074     <common>
 0003:00047078       _intPSKTrackAttempts       00488078     <common>
 0003:0004707c       _bytPendingSessionID       0048807c     <common>
 0003:00047080       _dttTimeoutTrip            00488080     <common>
 0003:00047084       _blnPending                00488084     <common>
 0003:00047088       _bytLastARQSessionID       00488088     <common>
 0003:0004708c       _intFSKSymbolCnt           0048808c     <common>
 0003:00047090       _intAvgQuality             00488090     <common>
 0003:00047094       _intFailedPSKFrameDataDecodes 00488094     <common>
 0003:00047098       _intFailedQAMFrameDataDecodes 00488098     <common>
 0003:0004709c       _intGoodFSKSummationDecodes 0048809c     <common>
 0003:000470a0       _dblFSKTuningSNAvg         004880a0     <common>
 0003:000470a4       _intGoodQAMFrameDataDecodes 004880a4     <common>
 0003:000470a8       _dblAvgCorMaxToMaxProduct  004880a8     <common>
 0003:000470ac       _DecodeCompleteTime        004880ac     <common>
 0003:000470b0       _stcLastPingdttTimeReceived 004880b0     <common>
 0003:000470b4       _EncLen                    004880b4     <common>
 0003:000470b8       _int8FSKQualityCnts        004880b8     <common>
 0003:000470bc       _dttStartRTMeasure         004880bc     <common>
 0003:000470c0       _intQAMQuality             004880c0     <common>
 0003:000470c4       _int4FSKQualityCnts        004880c4     <common>
 0003:000470d0       _stcLastPingstrTarget      004880d0     <common>
 0003:000470dc       _State                     004880dc     <common>
 0003:000470e0       _dttLastPINGSent           004880e0     <common>
 0003:000470e4       _bytValidFrameTypes        004880e4     <common>
 0003:000470e8       _intPSKQualityCnts         004880e8     <common>
 0003:000470f0       _int8FSKQuality            004880f0     <common>
 0003:000470f4       _intPSKSymbolsDecoded      004880f4     <common>
 0003:000470f8       _int16FSKQualityCnts       004880f8     <common>
 0003:00047100       _stcLastPingstrSender      00488100     <common>
 0003:0004710c       _intFSKSymbolsDecoded      0048810c     <common>
 0003:00047110       _stcLastPingintQuality     00488110     <common>
 0003:00047114       _bytValidFrameTypesLength  00488114     <common>
 0003:00047118       _int16FSKQuality           00488118     <common>
 0003:0004711c       _intRepeatCount            0048811c     <common>
 0003:00047120       _tmrSendTimeout            00488120     <common>
 0003:00047124       _intQAMSymbolsDecoded      00488124     <common>
 0003:00047128       _intQAMQualityCnts         00488128     <common>
 0003:0004712c       _stcLastPingintRcvdSN      0048812c     <common>
 0003:00047130       _PingCount                 00488130     <common>
 0003:00047134       _intGoodQAMSummationDecodes 00488134     <common>
 0003:00047138       _ProtocolState             00488138     <common>
 0003:0004713c       _int4FSKQuality            0048813c     <common>
 0003:00047140       _intLastRcvdFrameQuality   00488140     <common>
 0003:00047144       _newStatus                 00488144     <common>
 0003:00047148       _intPSKQuality             00488148     <common>
 0003:00047150       _intCalcLeader             00488150     <common>
 0003:00047154       _blnBusyStatus             00488154     <common>

 entry point at        0001:00017466

 Static symbols

 0001:00006000       _compute_discrepancy       00407000 f    CIL library: CIL module
 0001:00007640       _init_exp_table            00408640 f    CIL library: CIL module
 0001:0000bb30       _compute_genpoly           0040cb30 f    CIL library: CIL module
 0001:00016060       _swap                      00417060 f   LIBCMT:qsort.obj
 0001:00016090       _shortsort                 00417090 f   LIBCMT:qsort.obj
 0001:000164ce       ?_strupr_s_l_stat@@YAHPADIPAUlocaleinfo_struct@@@Z 004174ce f   LIBCMT:strupr.obj
 0001:0001724b       _fast_error_exit           0041824b f   LIBCMT:crt0.obj
 0001:0001726f       _check_managed_app         0041826f f   LIBCMT:crt0.obj
 0001:000172b0       ___tmainCRTStartup         004182b0 f   LIBCMT:crt0.obj
 0001:00017574       ?CPtoLCID@@YAHH@Z          00418574 f   LIBCMT:mbctype.obj
 0001:000175a3       ?setSBCS@@YAXPAUthreadmbcinfostruct@@@Z 004185a3 f   LIBCMT:mbctype.obj
 0001:000175f8       ?setSBUpLow@@YAXPAUthreadmbcinfostruct@@@Z 004185f8 f   LIBCMT:mbctype.obj
 0001:00017826       ?getSystemCP@@YAHH@Z       00418826 f   LIBCMT:mbctype.obj
 0001:00017e83       __updatetlocinfoEx_nolock  00418e83 f   LIBCMT:setlocal.obj
 0001:00017f37       __use_encode_pointer       00418f37 f   LIBCMT:tidtable.obj
 0001:00018709       _write_char                00419709 f   LIBCMT:output.obj
 0001:0001873c       _write_multi_char          0041973c f   LIBCMT:output.obj
 0001:00018760       _write_string              00419760 f   LIBCMT:output.obj
 0001:000192e7       ?strtoxl@@YAKPAUlocaleinfo_struct@@PBDPAPBDHH@Z 0041a2e7 f   LIBCMT:strtol.obj
 0001:0001953b       _fastcopy_I                0041a53b f   LIBCMT:p4_memcpy.obj
 0001:00019b7e       __initterm                 0041ab7e f   LIBCMT:crt0dat.obj
 0001:00019cbb       _doexit                    0041acbb f   LIBCMT:crt0dat.obj
 0001:00019ecd       _flsall                    0041aecd f   LIBCMT:fflush.obj
 0001:0001a4ab       ?__crtLCMapStringA_stat@@YAHPAUlocaleinfo_struct@@KKPBDHPADHHH@Z 0041b4ab f   LIBCMT:a_map.obj
 0001:0001bf8c       __unwind_handler4          0041cf8c f   LIBCMT:exsup4.obj
 0001:0001d3f9       _parse_cmdline             0041e3f9 f   LIBCMT:stdargv.obj
 0001:0001d8ea       ?__crtGetStringTypeA_stat@@YAHPAUlocaleinfo_struct@@KPBDHPAGHHH@Z 0041e8ea f   LIBCMT:a_str.obj
 0001:0001e4f4       _has_osfxsr_set            0041f4f4 f   LIBCMT:cpu_disp.obj
 0001:0001e5bb       ___crtInitCritSecNoSpinCount@8 0041f5bb f   LIBCMT:initcrit.obj
 0001:0001e9c9       __onexit_nolock            0041f9c9 f   LIBCMT:onexit.obj
 0001:0001ec9e       _siglookup                 0041fc9e f   LIBCMT:winsig.obj
 0001:0001fd40       __tsopen_nolock            00420d40 f   LIBCMT:open.obj
 0001:00020950       __unwind_handler           00421950 f   LIBCMT:exsup.obj
 0001:00020c6a       ?x_ismbbtype_l@@YAHPAUlocaleinfo_struct@@IHH@Z 00421c6a f   LIBCMT:ismbbyte.obj
 0001:00020cce       _fastzero_I                00421cce f   LIBCMT:p4_memset.obj
 0001:000211b9       __shift                    004221b9 f   LIBCMT:cvt.obj
 0001:000211f2       __cftoe2_l                 004221f2 f   LIBCMT:cvt.obj
 0001:000217bc       __cftof2_l                 004227bc f   LIBCMT:cvt.obj
 0001:00024423       __hw_cw                    00425423 f   LIBCMT:ieee87.obj
 0001:000244b1       ___hw_cw_sse2              004254b1 f   LIBCMT:ieee87.obj
