Archive member included to satisfy reference by file (symbol)

/usr/lib/i386-linux-gnu/libc_nonshared.a(elf-init.oS)
                              /usr/lib/gcc/i686-linux-gnu/4.8/../../../i386-linux-gnu/crt1.o (__libc_csu_init)

As-needed library included to satisfy reference by file (symbol)

librt.so.1                    ALSASound.o (clock_gettime@@GLIBC_2.2)
libm.so.6                     SoundInput.o (sqrtf@@GLIBC_2.0)
libpthread.so.0               i2cDisplay.o (write@@GLIBC_2.0)
libasound.so.2                ALSASound.o (snd_ctl_card_info_get_id@@ALSA_0.9)

Allocating common symbols
Common symbol       size              file

intSampleLen        0x4               SoundInput.o
intGoodPSKFrameDataDecodes
                    0x4               ARQ.o
loopbuff            0x960             ALSASound.o
genPoly             0x400             rs.o
bytFrameType        0x1               FEC.o
intBaud             0x4               SoundInput.o
blnBusyStatus       0x4               ARDOPC.o
int8FSKQuality      0x4               ARDOPC.o
bytLastACKedDataFrameType
                    0x1               ARQ.o
strCurrentFrameFilename
                    0x10              FEC.o
SavedPlaybackDevice
                    0x100             ALSASound.o
dttStartRmtLeaderMeasure
                    0x4               SoundInput.o
strLocalCallsign    0xa               ARQ.o
intQAMQuality       0x4               ARDOPC.o
intAccumFSKTracking
                    0x4               ARQ.o
intGoodFSKFrameDataDecodes
                    0x4               ARQ.o
intPSKSymbolCnt     0x4               ARQ.o
intAvgPSKQuality    0x4               ARQ.o
ARDOPDataBuffer     0x2000            TCPHostInterface.o
dttLastClear        0x4               ARDOPC.o
bytLastARQSessionID
                    0x1               ARQ.o
bytValidFrameTypesLength
                    0x4               ARDOPC.o
bytData             0x4f8             SoundInput.o
intAvgFSKQuality    0x4               ARQ.o
tmrPollOBQueue      0x4               ARQ.o
bytFrameData1       0x2f8             SoundInput.o
intPSKQualityCnts   0x8               ARDOPC.o
intFSKSymbolsDecoded
                    0x4               ARDOPC.o
synBytes            0x200             rs.o
bytShiftUpThresholdsLength
                    0x4               ARQ.o
LastBusyOff         0x4               BusyDetect.o
strDecodeCapture    0x400             SoundInput.o
intFailedFSKFrameDataDecodes
                    0x4               ARQ.o
strFinalIDCallsign  0xa               ARQ.o
dttLastFECIDSent    0x4               FEC.o
intFilteredMixedSamples
                    0x2710            SoundInput.o
blnOdd              0x4               SoundInput.o
State               0x4               ARDOPC.o
dblAvgStoNSlowNarrow
                    0x4               BusyDetect.o
ARQState            0x4               ARQ.o
intCP               0x10              SoundInput.o
bytPendingSessionID
                    0x1               ARQ.o
intFailedQAMFrameDataDecodes
                    0x4               ARQ.o
dttStartRTMeasure   0x4               ARDOPC.o
intNumCar           0x4               SoundInput.o
bytFrameData6       0x100             SoundInput.o
intLeaderSyncs      0x4               ARQ.o
intGoodFSKSummationDecodes
                    0x4               ARQ.o
dblAvgPSKRefErr     0x4               ARQ.o
intPSKPhase_1       0x10              SoundInput.o
intRepeatCount      0x4               ARDOPC.o
TCPDataSock         0x4               TCPHostInterface.o
int16FSKQuality     0x4               ARDOPC.o
tmrSendTimeout      0x4               ARDOPC.o
MaxAvail            0x4               ALSASound.o
dblSNdBPwr          0x4               SoundInput.o
intToneMagsAvg      0x14c0            SoundInput.o
intReceivedLeaderLen
                    0x4               ARQ.o
intPSKQuality       0x8               ARDOPC.o
Ticks               0x4               ALSASound.o
intARQRTmeasuredMs  0x4               SoundInput.o
blnARQConnected     0x4               ARQ.o
dblLeaderSNAvg      0x4               ARQ.o
dttLastBusy         0x4               ARDOPC.o
dblAvgStoNFastNarrow
                    0x4               BusyDetect.o
dblPhaseInc         0x8               SoundInput.o
intSessionBW        0x4               ARQ.o
dblHamAng           0x4               SoundInput.o
blnFrameSyncFound   0x4               SoundInput.o
dblHamWin           0x12c0            SoundInput.o
ARDOPBuffer         0x2000            TCPHostInterface.o
last                0x4               Modulate.o
intSumCounts        0x20              SoundInput.o
dblAvgBaselineFast  0x4               BusyDetect.o
int16FSKQualityCnts
                    0x4               ARDOPC.o
bytFrameData2       0x100             SoundInput.o
intRSLen            0x4               SoundInput.o
bytShiftUpThresholds
                    0x4               ARQ.o
intAccumPSKTracking
                    0x4               ARQ.o
LastNow             0x4               ALSASound.o
FECRepeatsSent      0x4               FEC.o
intQAMQualityCnts   0x4               ARDOPC.o
intPriorMixedSamples
                    0xf0              SoundInput.o
CarrierOk           0x8               SoundInput.o
intCarMagAvg        0x28c0            SoundInput.o
intFailedPSKFrameDataDecodes
                    0x4               ARQ.o
intFailedFSKFrameTypes
                    0x4               ARQ.o
intLeaderDetects    0x4               ARQ.o
bytFailedData       0x640             FEC.o
glog                0x400             galois.o
intQAMSymbolsDecoded
                    0x4               ARDOPC.o
intFrameRepeatInterval
                    0x4               ARQ.o
strRemoteCallsign   0xa               ARQ.o
intGoodQAMFrameDataDecodes
                    0x4               ARQ.o
LastDataFrameType   0x4               SoundInput.o
dblAvgStoNFastWide  0x4               BusyDetect.o
intDataLen          0x4               SoundInput.o
intNforGoertzel     0x10              SoundInput.o
intFSKSymbolCnt     0x4               ARQ.o
intToneMagsIndex    0x10              SoundInput.o
dblAvgBaselineSlow  0x4               BusyDetect.o
Corrected           0x400             ARDOPC.o
dblFreqBin          0x20              SoundInput.o
intAvgQuality       0x4               ARQ.o
intEnvelopeCors     0x4               ARQ.o
DataListenSock      0x4               TCPHostInterface.o
blnSymbolSyncFound  0x4               SoundInput.o
dttCodecStarted     0x4               ARDOPC.o
intAccumQAMTracking
                    0x4               ARQ.o
intPSKSymbolsDecoded
                    0x4               ARDOPC.o
intFECFramesSent    0x4               FEC.o
bytFrameData7       0x100             SoundInput.o
fp1                 0x4               Modulate.o
bytLastReceivedDataFrameType
                    0x1               ARQ.o
first               0x4               Modulate.o
intFrameSyncs       0x4               ARQ.o
intAccumPSKLeaderTracking
                    0x4               ARQ.o
intPSKPhase_0       0x10              SoundInput.o
rawSamples          0x12c0            SoundInput.o
DMABuffer           0x4               Modulate.o
buffer              0x12c0            ALSASound.o
intCarPhaseAvg      0x28c0            SoundInput.o
intCarFreq          0x4               SoundInput.o
bytValidFrameTypes  0x4               ARDOPC.o
blnEnbARQRpt        0x4               ARQ.o
dttLastGoodFrameTypeDecod
                    0x4               SoundInput.o
SavedCaptureRate    0x4               ALSASound.o
bytLastCMD_DataSent
                    0x100             TCPHostInterface.o
bytFrameData3       0x100             SoundInput.o
strRcvFrameTag      0x20              SoundInput.o
intRepeatCnt        0x4               ARDOPC.o
intGoodPSKSummationDecodes
                    0x4               ARQ.o
ListenSock          0x4               TCPHostInterface.o
DecodeCompleteTime  0x4               ARDOPC.o
dblAvgDecodeDistance
                    0x4               ARQ.o
NErrors             0x4               berlekamp.o
totalRSErrors       0x4               SoundInput.o
bytFrameTypesForBW  0x4               ARQ.o
SampleNo            0x4               Modulate.o
dblHanWin           0x1e0             SoundInput.o
dblFSKTuningSNAvg   0x4               ARQ.o
dttStartSession     0x4               ARQ.o
blnErrorsCorrected  0x4               ARDOPC.o
bytFrameData8       0x100             SoundInput.o
dblHanAng           0x4               SoundInput.o
ProtocolState       0x4               ARDOPC.o
SymbolsLeft         0x4               SoundInput.o
intPhasesLen        0x4               SoundInput.o
pBytes              0x200             rs.o
intQAMTrackAttempts
                    0x4               ARQ.o
blnPending          0x4               ARQ.o
int8FSKQualityCnts  0x4               ARDOPC.o
intAccumLeaderTracking
                    0x4               ARQ.o
intCalcLeader       0x4               ARDOPC.o
intQAMSymbolCnt     0x4               ARQ.o
intSampPerSym       0x4               SoundInput.o
intDecodeDistanceCount
                    0x4               ARQ.o
intBW               0x4               ARQ.o
crcLastFECDataPassedToHost
                    0x4               FEC.o
intGoodFSKFrameTypes
                    0x4               ARQ.o
time_start          0x8               ALSASound.o
EncLen              0x4               ARDOPC.o
newStatus           0x4               ARDOPC.o
blnDISCRepeating    0x4               ARQ.o
intPSKMode          0x4               SoundInput.o
dblAvgStoNSlowWide  0x4               BusyDetect.o
dblAvgCorMaxToMaxProduct
                    0x4               ARQ.o
dblAvgPk2BaselineRatio
                    0x4               BusyDetect.o
dttLastLeaderDetect
                    0x4               SoundInput.o
fWidth              0x4               Modulate.o
dttLastIDSent       0x4               ARQ.o
bytDataToSend       0x186a0           TCPHostInterface.o
intLinkTurnovers    0x4               ARQ.o
intDataPtr          0x4               SoundInput.o
SavedPlaybackRate   0x4               ALSASound.o
bytFrameData4       0x100             SoundInput.o
intLastRcvdFrameQuality
                    0x4               ARDOPC.o
blnSendIDFrame      0x4               FEC.o
gexp                0x800             galois.o
intFrameType        0x4               SoundInput.o
intToneMagsLength   0x4               SoundInput.o
int4FSKQuality      0x4               ARDOPC.o
SavedCaptureDevice  0x100             ALSASound.o
intShiftUPs         0x4               ARQ.o
bytFailedDataLength
                    0x4               FEC.o
int4FSKQualityCnts  0x4               ARDOPC.o
inbuffer            0x12c0            ALSASound.o
intGoodQAMSummationDecodes
                    0x4               ARDOPC.o
GotBitSyncTicks     0x4               SoundInput.o
bytMinQualThresh    0x1               SoundInput.o
dttLastTrip         0x4               BusyDetect.o
frameLen            0x4               SoundInput.o
Last120             0x100             Modulate.o
dttTimeoutTrip      0x4               ARQ.o
TCPControlSock      0x4               TCPHostInterface.o
bytLastFECDataFrameSent
                    0x1               FEC.o
intPSKTrackAttempts
                    0x4               ARQ.o
intShiftDNs         0x4               ARQ.o
intDataBytesPerCar  0x4               SoundInput.o
LastBusyOn          0x4               BusyDetect.o
bytFrameData5       0x100             SoundInput.o

Discarded input sections

 .note.GNU-stack
                0x0000000000000000        0x0 /usr/lib/gcc/i686-linux-gnu/4.8/../../../i386-linux-gnu/crt1.o
 .gnu_debuglink
                0x0000000000000000        0xc /usr/lib/gcc/i686-linux-gnu/4.8/../../../i386-linux-gnu/crt1.o
 .note.GNU-stack
                0x0000000000000000        0x0 /usr/lib/gcc/i686-linux-gnu/4.8/../../../i386-linux-gnu/crti.o
 .gnu_debuglink
                0x0000000000000000        0xc /usr/lib/gcc/i686-linux-gnu/4.8/../../../i386-linux-gnu/crti.o
 .note.GNU-stack
                0x0000000000000000        0x0 /usr/lib/gcc/i686-linux-gnu/4.8/crtbegin.o
 .note.GNU-stack
                0x0000000000000000        0x0 BusyDetect.o
 .note.GNU-stack
                0x0000000000000000        0x0 i2cDisplay.o
 .note.GNU-stack
                0x0000000000000000        0x0 ALSASound.o
 .note.GNU-stack
                0x0000000000000000        0x0 ARDOPC.o
 .note.GNU-stack
                0x0000000000000000        0x0 ardopSampleArrays.o
 .note.GNU-stack
                0x0000000000000000        0x0 ARQ.o
 .note.GNU-stack
                0x0000000000000000        0x0 FFT.o
 .note.GNU-stack
                0x0000000000000000        0x0 FEC.o
 .note.GNU-stack
                0x0000000000000000        0x0 HostInterface.o
 .note.GNU-stack
                0x0000000000000000        0x0 Modulate.o
 .note.GNU-stack
                0x0000000000000000        0x0 rs.o
 .note.GNU-stack
                0x0000000000000000        0x0 berlekamp.o
 .note.GNU-stack
                0x0000000000000000        0x0 galois.o
 .note.GNU-stack
                0x0000000000000000        0x0 SoundInput.o
 .note.GNU-stack
                0x0000000000000000        0x0 TCPHostInterface.o
 .group         0x0000000000000000        0x8 /usr/lib/i386-linux-gnu/libc_nonshared.a(elf-init.oS)
 .text.__x86.get_pc_thunk.bx
                0x0000000000000000        0x4 /usr/lib/i386-linux-gnu/libc_nonshared.a(elf-init.oS)
 .note.GNU-stack
                0x0000000000000000        0x0 /usr/lib/i386-linux-gnu/libc_nonshared.a(elf-init.oS)
 .note.GNU-stack
                0x0000000000000000        0x0 /usr/lib/gcc/i686-linux-gnu/4.8/crtend.o
 .note.GNU-stack
                0x0000000000000000        0x0 /usr/lib/gcc/i686-linux-gnu/4.8/../../../i386-linux-gnu/crtn.o
 .gnu_debuglink
                0x0000000000000000        0xc /usr/lib/gcc/i686-linux-gnu/4.8/../../../i386-linux-gnu/crtn.o

Memory Configuration

Name             Origin             Length             Attributes
*default*        0x0000000000000000 0xffffffffffffffff

Linker script and memory map

LOAD /usr/lib/gcc/i686-linux-gnu/4.8/../../../i386-linux-gnu/crt1.o
LOAD /usr/lib/gcc/i686-linux-gnu/4.8/../../../i386-linux-gnu/crti.o
LOAD /usr/lib/gcc/i686-linux-gnu/4.8/crtbegin.o
LOAD BusyDetect.o
LOAD i2cDisplay.o
LOAD ALSASound.o
LOAD ARDOPC.o
LOAD ardopSampleArrays.o
LOAD ARQ.o
LOAD FFT.o
LOAD FEC.o
LOAD HostInterface.o
LOAD Modulate.o
LOAD rs.o
LOAD berlekamp.o
LOAD galois.o
LOAD SoundInput.o
LOAD TCPHostInterface.o
LOAD /usr/lib/gcc/i686-linux-gnu/4.8/../../../i386-linux-gnu/librt.so
LOAD /usr/lib/gcc/i686-linux-gnu/4.8/../../../i386-linux-gnu/libm.so
LOAD /usr/lib/gcc/i686-linux-gnu/4.8/../../../i386-linux-gnu/libpthread.so
START GROUP
LOAD /lib/i386-linux-gnu/libpthread.so.0
LOAD /usr/lib/i386-linux-gnu/libpthread_nonshared.a
END GROUP
LOAD /usr/lib/gcc/i686-linux-gnu/4.8/../../../i386-linux-gnu/libasound.so
LOAD /usr/lib/gcc/i686-linux-gnu/4.8/libgcc.a
LOAD /usr/lib/gcc/i686-linux-gnu/4.8/libgcc_s.so
LOAD /usr/lib/gcc/i686-linux-gnu/4.8/../../../i386-linux-gnu/libc.so
START GROUP
LOAD /lib/i386-linux-gnu/libc.so.6
LOAD /usr/lib/i386-linux-gnu/libc_nonshared.a
LOAD /lib/i386-linux-gnu/ld-linux.so.2
END GROUP
LOAD /usr/lib/gcc/i686-linux-gnu/4.8/libgcc.a
LOAD /usr/lib/gcc/i686-linux-gnu/4.8/libgcc_s.so
LOAD /usr/lib/gcc/i686-linux-gnu/4.8/crtend.o
LOAD /usr/lib/gcc/i686-linux-gnu/4.8/../../../i386-linux-gnu/crtn.o
                0x0000000008048000                PROVIDE (__executable_start, 0x8048000)
                0x0000000008048154                . = (0x8048000 + SIZEOF_HEADERS)

.interp         0x0000000008048154       0x13
 *(.interp)
 .interp        0x0000000008048154       0x13 /usr/lib/gcc/i686-linux-gnu/4.8/../../../i386-linux-gnu/crt1.o

.note.ABI-tag   0x0000000008048168       0x20
 .note.ABI-tag  0x0000000008048168       0x20 /usr/lib/gcc/i686-linux-gnu/4.8/../../../i386-linux-gnu/crt1.o

.note.gnu.build-id
                0x0000000008048188       0x24
 *(.note.gnu.build-id)
 .note.gnu.build-id
                0x0000000008048188       0x24 /usr/lib/gcc/i686-linux-gnu/4.8/../../../i386-linux-gnu/crt1.o

.hash
 *(.hash)

.gnu.hash       0x00000000080481ac       0x24
 *(.gnu.hash)
 .gnu.hash      0x00000000080481ac       0x24 /usr/lib/gcc/i686-linux-gnu/4.8/../../../i386-linux-gnu/crt1.o

.dynsym         0x00000000080481d0      0x760
 *(.dynsym)
 .dynsym        0x00000000080481d0      0x760 /usr/lib/gcc/i686-linux-gnu/4.8/../../../i386-linux-gnu/crt1.o

.dynstr         0x0000000008048930      0x68a
 *(.dynstr)
 .dynstr        0x0000000008048930      0x68a /usr/lib/gcc/i686-linux-gnu/4.8/../../../i386-linux-gnu/crt1.o

.gnu.version    0x0000000008048fba       0xec
 *(.gnu.version)
 .gnu.version   0x0000000008048fba       0xec /usr/lib/gcc/i686-linux-gnu/4.8/../../../i386-linux-gnu/crt1.o

.gnu.version_d  0x00000000080490a8        0x0
 *(.gnu.version_d)
 .gnu.version_d
                0x0000000000000000        0x0 /usr/lib/gcc/i686-linux-gnu/4.8/../../../i386-linux-gnu/crt1.o

.gnu.version_r  0x00000000080490a8       0xe0
 *(.gnu.version_r)
 .gnu.version_r
                0x00000000080490a8       0xe0 /usr/lib/gcc/i686-linux-gnu/4.8/../../../i386-linux-gnu/crt1.o

.rel.dyn        0x0000000008049188       0x10
 *(.rel.init)
 *(.rel.text .rel.text.* .rel.gnu.linkonce.t.*)
 .rel.text      0x0000000000000000        0x0 /usr/lib/gcc/i686-linux-gnu/4.8/../../../i386-linux-gnu/crt1.o
 *(.rel.fini)
 *(.rel.rodata .rel.rodata.* .rel.gnu.linkonce.r.*)
 *(.rel.data.rel.ro .rel.data.rel.ro.* .rel.gnu.linkonce.d.rel.ro.*)
 *(.rel.data .rel.data.* .rel.gnu.linkonce.d.*)
 .rel.data      0x0000000000000000        0x0 /usr/lib/gcc/i686-linux-gnu/4.8/../../../i386-linux-gnu/crt1.o
 *(.rel.tdata .rel.tdata.* .rel.gnu.linkonce.td.*)
 *(.rel.tbss .rel.tbss.* .rel.gnu.linkonce.tb.*)
 *(.rel.ctors)
 *(.rel.dtors)
 *(.rel.got)
 .rel.got       0x0000000008049188        0x8 /usr/lib/gcc/i686-linux-gnu/4.8/../../../i386-linux-gnu/crt1.o
 *(.rel.bss .rel.bss.* .rel.gnu.linkonce.b.*)
 .rel.bss       0x0000000008049190        0x8 /usr/lib/gcc/i686-linux-gnu/4.8/../../../i386-linux-gnu/crt1.o
 *(.rel.ifunc)

.rel.plt        0x0000000008049198      0x380
 *(.rel.plt)
 .rel.plt       0x0000000008049198      0x380 /usr/lib/gcc/i686-linux-gnu/4.8/../../../i386-linux-gnu/crt1.o
                0x0000000008049518                PROVIDE (__rel_iplt_start, .)
 *(.rel.iplt)
 .rel.iplt      0x0000000000000000        0x0 /usr/lib/gcc/i686-linux-gnu/4.8/../../../i386-linux-gnu/crt1.o
                0x0000000008049518                PROVIDE (__rel_iplt_end, .)

.init           0x0000000008049518       0x23
 *(SORT(.init))
 .init          0x0000000008049518       0x1e /usr/lib/gcc/i686-linux-gnu/4.8/../../../i386-linux-gnu/crti.o
                0x0000000008049518                _init
 .init          0x0000000008049536        0x5 /usr/lib/gcc/i686-linux-gnu/4.8/../../../i386-linux-gnu/crtn.o

.plt            0x0000000008049540      0x710
 *(.plt)
 .plt           0x0000000008049540      0x710 /usr/lib/gcc/i686-linux-gnu/4.8/../../../i386-linux-gnu/crt1.o
                0x0000000008049550                fputs@@GLIBC_2.0
                0x0000000008049560                __errno_location@@GLIBC_2.0
                0x0000000008049570                snd_pcm_info_get_name@@ALSA_0.9
                0x0000000008049580                sprintf@@GLIBC_2.0
                0x0000000008049590                open@@GLIBC_2.0
                0x00000000080495a0                snd_pcm_hw_params_any@@ALSA_0.9
                0x00000000080495b0                isalpha@@GLIBC_2.0
                0x00000000080495c0                snd_pcm_close@@ALSA_0.9
                0x00000000080495d0                snd_pcm_info_get_id@@ALSA_0.9
                0x00000000080495e0                qsort@@GLIBC_2.0
                0x00000000080495f0                snd_ctl_pcm_info@@ALSA_0.9
                0x0000000008049600                snd_pcm_status_get_state@@ALSA_0.9
                0x0000000008049610                snd_pcm_hw_params_get_rate_max@@ALSA_0.9.0rc4
                0x0000000008049620                snd_pcm_hw_params_get_channels_min@@ALSA_0.9.0rc4
                0x0000000008049630                round@@GLIBC_2.1
                0x0000000008049640                snd_pcm_avail_update@@ALSA_0.9
                0x0000000008049650                sqrtf@@GLIBC_2.0
                0x0000000008049660                signal@@GLIBC_2.0
                0x0000000008049680                realloc@@GLIBC_2.0
                0x0000000008049690                snd_pcm_prepare@@ALSA_0.9
                0x00000000080496a0                strchr@@GLIBC_2.0
                0x00000000080496b0                vsnprintf@@GLIBC_2.0
                0x00000000080496c0                recv@@GLIBC_2.0
                0x00000000080496d0                write@@GLIBC_2.0
                0x00000000080496e0                listen@@GLIBC_2.0
                0x00000000080496f0                toupper@@GLIBC_2.0
                0x0000000008049700                snd_ctl_open@@ALSA_0.9
                0x0000000008049710                memset@@GLIBC_2.0
                0x0000000008049720                snd_pcm_hw_params_set_rate@@ALSA_0.9
                0x0000000008049730                __libc_start_main@@GLIBC_2.0
                0x0000000008049740                snd_ctl_card_info_get_name@@ALSA_0.9
                0x0000000008049750                snd_pcm_hw_params@@ALSA_0.9
                0x0000000008049760                snd_ctl_pcm_next_device@@ALSA_0.9
                0x0000000008049770                tcgetattr@@GLIBC_2.0
                0x0000000008049780                snd_pcm_hw_params_sizeof@@ALSA_0.9
                0x0000000008049790                htons@@GLIBC_2.0
                0x00000000080497a0                read@@GLIBC_2.0
                0x00000000080497b0                perror@@GLIBC_2.0
                0x00000000080497c0                cfmakeraw@@GLIBC_2.0
                0x00000000080497d0                usleep@@GLIBC_2.0
                0x00000000080497e0                snd_pcm_open@@ALSA_0.9
                0x00000000080497f0                fflush@@GLIBC_2.0
                0x0000000008049800                ceilf@@GLIBC_2.0
                0x0000000008049810                snd_ctl_card_info_get_id@@ALSA_0.9
                0x0000000008049820                snd_ctl_close@@ALSA_0.9
                0x0000000008049830                snd_pcm_recover@@ALSA_0.9
                0x0000000008049840                accept@@GLIBC_2.0
                0x0000000008049850                ioctl@@GLIBC_2.0
                0x0000000008049860                socket@@GLIBC_2.0
                0x0000000008049870                snd_pcm_status_sizeof@@ALSA_0.9
                0x0000000008049880                snd_pcm_info_set_device@@ALSA_0.9
                0x0000000008049890                atan2f@@GLIBC_2.0
                0x00000000080498a0                fclose@@GLIBC_2.1
                0x00000000080498b0                snd_pcm_writei@@ALSA_0.9
                0x00000000080498c0                memcpy@@GLIBC_2.0
                0x00000000080498d0                cfsetospeed@@GLIBC_2.0
                0x00000000080498e0                strlen@@GLIBC_2.0
                0x00000000080498f0                cosf@@GLIBC_2.0
                0x0000000008049900                fopen@@GLIBC_2.1
                0x0000000008049910                snd_pcm_readi@@ALSA_0.9
                0x0000000008049920                snd_strerror@@ALSA_0.9
                0x0000000008049930                strcpy@@GLIBC_2.0
                0x0000000008049940                printf@@GLIBC_2.0
                0x0000000008049950                snd_pcm_format_mask_sizeof@@ALSA_0.9
                0x0000000008049960                snd_pcm_hw_params_get_rate_min@@ALSA_0.9.0rc4
                0x0000000008049970                bind@@GLIBC_2.0
                0x0000000008049980                atoi@@GLIBC_2.0
                0x0000000008049990                clock_gettime@@GLIBC_2.2
                0x00000000080499a0                log10f@@GLIBC_2.0
                0x00000000080499b0                select@@GLIBC_2.0
                0x00000000080499c0                close@@GLIBC_2.0
                0x00000000080499d0                fwrite@@GLIBC_2.0
                0x00000000080499e0                isalnum@@GLIBC_2.0
                0x00000000080499f0                fprintf@@GLIBC_2.0
                0x0000000008049a00                strstr@@GLIBC_2.0
                0x0000000008049a10                time@@GLIBC_2.0
                0x0000000008049a20                snd_pcm_info_sizeof@@ALSA_0.9
                0x0000000008049a30                __stack_chk_fail@@GLIBC_2.4
                0x0000000008049a40                fputc@@GLIBC_2.0
                0x0000000008049a50                snd_ctl_card_info@@ALSA_0.9
                0x0000000008049a60                snd_pcm_hw_params_get_channels_max@@ALSA_0.9.0rc4
                0x0000000008049a70                snd_pcm_hw_params_set_access@@ALSA_0.9
                0x0000000008049a80                snd_pcm_info_get_subdevices_count@@ALSA_0.9
                0x0000000008049a90                strtok_r@@GLIBC_2.0
                0x0000000008049aa0                memmove@@GLIBC_2.0
                0x0000000008049ab0                snd_pcm_hw_params_malloc@@ALSA_0.9
                0x0000000008049ac0                snd_pcm_info_get_subdevices_avail@@ALSA_0.9
                0x0000000008049ad0                strcat@@GLIBC_2.0
                0x0000000008049ae0                send@@GLIBC_2.0
                0x0000000008049af0                snd_pcm_hw_params_set_channels@@ALSA_0.9
                0x0000000008049b00                sinf@@GLIBC_2.0
                0x0000000008049b10                puts@@GLIBC_2.0
                0x0000000008049b20                snd_ctl_card_info_sizeof@@ALSA_0.9
                0x0000000008049b30                setsockopt@@GLIBC_2.0
                0x0000000008049b40                tcsetattr@@GLIBC_2.0
                0x0000000008049b50                snd_card_next@@ALSA_0.9
                0x0000000008049b60                rand@@GLIBC_2.0
                0x0000000008049b70                gmtime@@GLIBC_2.0
                0x0000000008049b80                snd_pcm_info_set_stream@@ALSA_0.9
                0x0000000008049b90                memchr@@GLIBC_2.0
                0x0000000008049ba0                snd_pcm_info_set_subdevice@@ALSA_0.9
                0x0000000008049bb0                sin@@GLIBC_2.0
                0x0000000008049bc0                strdup@@GLIBC_2.0
                0x0000000008049bd0                tolower@@GLIBC_2.0
                0x0000000008049be0                strcmp@@GLIBC_2.0
                0x0000000008049bf0                snd_pcm_hw_params_free@@ALSA_0.9
                0x0000000008049c00                cfsetispeed@@GLIBC_2.0
                0x0000000008049c10                snd_pcm_hw_params_set_format@@ALSA_0.9
                0x0000000008049c20                powf@@GLIBC_2.0
                0x0000000008049c30                snd_pcm_status@@ALSA_0.9
                0x0000000008049c40                ceil@@GLIBC_2.0
 *(.iplt)
 .iplt          0x0000000000000000        0x0 /usr/lib/gcc/i686-linux-gnu/4.8/../../../i386-linux-gnu/crt1.o

.text           0x0000000008049c50    0x1e7f2
 *(.text.unlikely .text.*_unlikely .text.unlikely.*)
 *(.text.exit .text.exit.*)
 *(.text.startup .text.startup.*)
 *(.text.hot .text.hot.*)
 *(.text .stub .text.* .gnu.linkonce.t.*)
 .text          0x0000000008049c50       0x22 /usr/lib/gcc/i686-linux-gnu/4.8/../../../i386-linux-gnu/crt1.o
                0x0000000008049c50                _start
 .text          0x0000000008049c72        0x0 /usr/lib/gcc/i686-linux-gnu/4.8/../../../i386-linux-gnu/crti.o
 *fill*         0x0000000008049c72        0xe 
 .gnu.linkonce.t.__x86.get_pc_thunk.bx
                0x0000000008049c80        0x4 /usr/lib/gcc/i686-linux-gnu/4.8/../../../i386-linux-gnu/crti.o
                0x0000000008049c80                __x86.get_pc_thunk.bx
 *fill*         0x0000000008049c84        0xc 
 .text          0x0000000008049c90       0xbd /usr/lib/gcc/i686-linux-gnu/4.8/crtbegin.o
 .text          0x0000000008049d4d      0x842 BusyDetect.o
                0x0000000008049d4d                ClearBusy
                0x0000000008049dbe                BusyDetect3
                0x000000000804a1f7                SortSignals
                0x000000000804a413                compare
                0x000000000804a45a                SortSignals2
 .text          0x000000000804a58f      0x597 i2cDisplay.o
                0x000000000804a58f                expanderWrite
                0x000000000804a5e7                pulseEnable
                0x000000000804a631                write4bits
                0x000000000804a65e                i2csend
                0x000000000804a6be                command
                0x000000000804a6e7                initialize
                0x000000000804a849                finalize
                0x000000000804a85c                clear
                0x000000000804a883                home
                0x000000000804a8aa                locate
                0x000000000804a8ee                locateCG
                0x000000000804a90e                print
                0x000000000804a965                displayState
                0x000000000804a9d9                displayLevel
                0x000000000804aa7e                displayCall
                0x000000000804ab21                initdisplay
 .text          0x000000000804ab26     0x3232 ALSASound.o
                0x000000000804ab26                Sleep
                0x000000000804ab40                CloseDebugLog
                0x000000000804ab68                CloseStatsLog
                0x000000000804ab90                Debugprintf
                0x000000000804ac56                WriteDebugLog
                0x000000000804ad2d                WriteExceptionLog
                0x000000000804ae06                Statsprintf
                0x000000000804b0de                printtick
                0x000000000804b114                getTicks
                0x000000000804b169                PlatformSleep
                0x000000000804b17d                main
                0x000000000804b307                txSleep
                0x000000000804b31f                CheckifLoaded
                0x000000000804b368                GetOutputDeviceCollection
                0x000000000804ba4e                GetNextOutputDevice
                0x000000000804ba90                GetInputDeviceCollection
                0x000000000804c171                GetNextInputDevice
                0x000000000804c1b3                OpenSoundCard
                0x000000000804c22c                OpenSoundPlayback
                0x000000000804c6e1                OpenSoundCapture
                0x000000000804cc69                CloseSoundCard
                0x000000000804ccb6                SoundCardWrite
                0x000000000804cdb7                PackSamplesAndSend
                0x000000000804cf04                SoundCardClearInput
                0x000000000804d006                SoundCardRead
                0x000000000804d1c7                SendtoCard
                0x000000000804d21c                InitSound
                0x000000000804d25a                PollReceivedSamples
                0x000000000804d366                StopCapture
                0x000000000804d375                StartCodec
                0x000000000804d3ae                StopCodec
                0x000000000804d3c1                StartCapture
                0x000000000804d3e7                CloseSound
                0x000000000804d3f4                WriteLog
                0x000000000804d67f                WriteSamples
                0x000000000804d684                SoundInit
                0x000000000804d698                SoundFlush
                0x000000000804d808                RadioPTT
                0x000000000804d86c                KeyPTT
                0x000000000804d8f8                OpenCOMPort
                0x000000000804da8b                CloseCOMPort
                0x000000000804da9e                COMSetDTR
                0x000000000804dae3                COMClearDTR
                0x000000000804db28                COMSetRTS
                0x000000000804db6d                COMClearRTS
                0x000000000804dbb2                stricmp
                0x000000000804dc47                SetLED
                0x000000000804dc4c                ReadCOMBlock
                0x000000000804dcc2                WriteCOMBlock
 .text          0x000000000804dd58     0x2d15 ARDOPC.o
                0x000000000804dd58                strlop
                0x000000000804dd98                GetSemaphore
                0x000000000804dd9d                FreeSemaphore
                0x000000000804dda2                CheckValidCallsignSyntax
                0x000000000804de8a                CheckGSSyntax
                0x000000000804dfaa                GetNextFrame
                0x000000000804e018                testRS
                0x000000000804e0c6                ardopmain
                0x000000000804e12c                SendCWID
                0x000000000804e131                Name
                0x000000000804e16b                FrameInfo
                0x000000000804ebbd                RSEncode
                0x000000000804ecb5                RSDecode
                0x000000000804ef7b                EncodePSKData
                0x000000000804f15c                EncodeFSKData
                0x000000000804f546                EncodeARQConRequest
                0x000000000804f687                Encode4FSKIDFrame
                0x000000000804f718                Encode4FSKControl
                0x000000000804f74c                EncodeConACKwTiming
                0x000000000804f7d6                EncodeDATAACK
                0x000000000804f82e                EncodeDATANAK
                0x000000000804f878                SendID
                0x000000000804f995                Send5SecTwoTone
                0x000000000804f9ba                ASCIIto6Bit
                0x000000000804fad8                Bit6ToASCII
                0x000000000804fc42                CompressCallsign
                0x000000000804fd6b                CompressGridSquare
                0x000000000804fe04                DeCompressCallsign
                0x000000000804ff14                DeCompressGridSquare
                0x000000000804ff8f                ComputeTypeParity
                0x000000000804ffee                FrameCode
                0x000000000805003b                GenCRC16
                0x0000000008050107                checkcrc16
                0x0000000008050217                GenCRC16FrameType
                0x0000000008050265                CheckCRC16FrameType
                0x00000000080502ec                ClearDataToSend
                0x0000000008050314                SaveQueueOnBreak
                0x0000000008050319                RemoveDataFromQueue
                0x00000000080503be                CheckTimers
                0x0000000008050785                MainPoll
                0x00000000080507c2                ExtractARQBandwidth
                0x00000000080507e6                UpdateBusyDetector
                0x0000000008050a12                compute_crc
 .text          0x0000000008050a6d        0x0 ardopSampleArrays.o
 .text          0x0000000008050a6d     0x417a ARQ.o
                0x0000000008050a6d                GenCRC8
                0x0000000008050b42                ComputeInterFrameInterval
                0x0000000008050b5f                SetARDOPProtocolState
                0x0000000008050cdc                GetNextARQFrame
                0x0000000008051080                GenerateSessionID
                0x00000000080510f3                CalculateOptimumLeader
                0x0000000008051113                IsCallToMe
                0x00000000080511b0                GetDataModes
                0x000000000805130f                GetShiftUpThresholds
                0x0000000008051362                Gearshift_8
                0x0000000008051712                ComputeQualityAvg
                0x00000000080517b6                GetNumCarriers
                0x0000000008051832                SendData
                0x0000000008051c66                GetNextFrameData
                0x0000000008051f29                InitializeConnection
                0x0000000008051fbd                ProcessUnconnectedConReqFrame
                0x00000000080520a7                ProcessRcvdARQFrame
                0x0000000008054020                IRSNegotiateBW
                0x000000000805422e                SendARQConnectRequest
                0x00000000080543af                Send10MinID
                0x0000000008054440                CheckForDisconnect
                0x0000000008054511                Break
                0x000000000805457e                Abort
                0x00000000080545b3                ClearTuningStats
                0x0000000008054719                ClearQualityStats
                0x00000000080547b4                LogStats
 .text          0x0000000008054be7      0x3a0 FFT.o
                0x0000000008054be7                ipow
                0x0000000008054c22                NumberOfBitsNeeded
                0x0000000008054c61                ReverseBits
                0x0000000008054ca8                FourierTransform
 .text          0x0000000008054f87      0x9e8 FEC.o
                0x0000000008054f87                StartFEC
                0x00000000080550f7                GetNextFECFrame
                0x00000000080556e7                ProcessRcvdFECDataFrame
 .text          0x000000000805596f     0x3898 HostInterface.o
                0x000000000805596f                strupr
                0x00000000080559b5                _memicmp
                0x0000000008055a39                AddDataToDataToSend
                0x0000000008055adc                ProcessCommandFromHost
 .text          0x0000000008059207     0x28fd Modulate.o
                0x0000000008059207                GetTwoToneLeaderWithSync
                0x000000000805929e                SendLeaderAndSYNC
                0x00000000080593d9                Mod4FSKDataAndPlay
                0x0000000008059a18                Mod8FSKDataAndPlay
                0x0000000008059c9c                Mod16FSKDataAndPlay
                0x0000000008059eb7                Mod4FSK600BdDataAndPlay
                0x000000000805a09f                GetSym8PSK
                0x000000000805a134                ModPSKDataAndPlay
                0x000000000805ac17                AddTrailer
                0x000000000805ac81                RemodulateLastFrame
                0x000000000805ae85                initFilter
                0x000000000805b0a6                SampleSink
                0x000000000805b5c8                Flush
                0x000000000805b5dd                sendCWID
 .text          0x000000000805bb04      0x412 rs.o
                0x000000000805bb04                initialize_ecc
                0x000000000805bb26                zero_fill_from
                0x000000000805bb4d                print_parity
                0x000000000805bbbd                print_syndrome
                0x000000000805bc2d                decode_data
                0x000000000805bca9                check_syndrome
                0x000000000805bce9                debug_check_syndrome
                0x000000000805bdff                encode_data
 .text          0x000000000805bf16      0xb6f berlekamp.o
                0x000000000805bf16                Modified_Berlekamp_Massey
                0x000000000805c1f2                mult_polys
                0x000000000805c47e                compute_next_omega
                0x000000000805c54a                add_polys
                0x000000000805c5a5                copy_poly
                0x000000000805c5e8                scale_poly
                0x000000000805c640                zero_poly
                0x000000000805c6c7                Find_Roots
                0x000000000805c7c2                correct_errors_erasures
 .text          0x000000000805ca85      0x1d9 galois.o
                0x000000000805ca85                init_galois_tables
                0x000000000805cbfb                gmult
                0x000000000805cc3f                ginv
 .text          0x000000000805cc5e     0xa44b SoundInput.o
                0x000000000805cc5e                IsValidFrameType
                0x000000000805cc7a                IsShortControlFrame
                0x000000000805ccd2                IsDataFrame
                0x000000000805cd40                ClearAllMixedSamples
                0x000000000805cd63                InitializeMixedSamples
                0x000000000805cdb6                DiscardOldSamples
                0x000000000805cdbb                FSMixFilter2000Hz
                0x000000000805d0b1                Filter150Hz
                0x000000000805d43e                Filter75Hz
                0x000000000805d6f2                MixNCOFilter
                0x000000000805d833                CorrectRawDataWithRS
                0x000000000805da65                ProcessNewSamples
                0x000000000805eb08                GoertzelRealImag
                0x000000000805ebfa                GoertzelRealImagHanning
                0x000000000805ed6c                GoertzelRealImagHamming
                0x000000000805eed8                QuinnSpectralPeakLocator
                0x000000000805ef7b                SpectralPeakLocator
                0x000000000805f051                SearchFor2ToneLeader3
                0x0000000008060353                Acquire2ToneLeaderSymbolFraming
                0x00000000080604a4                EnvelopeCorrelator
                0x00000000080606c8                AcquireFrameSyncRSB
                0x0000000008060965                DemodFrameType4FSK
                0x0000000008060c68                ComputeDecodeDistance
                0x0000000008060d7f                MinimalDistanceFrameType
                0x00000000080616c0                Acquire4FSKFrameType
                0x0000000008061837                Demod1Car4FSK
                0x0000000008061ad7                Demod1Car4FSKChar
                0x0000000008061ef3                Demod1Car4FSK600
                0x00000000080620a1                Demod1Car4FSK600Char
                0x000000000806227e                Demod1Car8FSK
                0x0000000008062435                Demod1Car8FSKChar
                0x0000000008062678                Demod1Car16FSK
                0x000000000806284a                Demod1Car16FSKChar
                0x0000000008062a58                Decode4FSKConReq
                0x0000000008062bf2                Decode4FSKConACK
                0x0000000008062cf7                Decode4FSKID
                0x0000000008062e92                DemodulateFrame
                0x0000000008062f81                DecodeACKNAK
                0x0000000008062f9c                DecodeFrame
                0x00000000080637e9                Update4FSKConstellation
                0x0000000008063c8c                Update16FSKConstellation
                0x0000000008063e7d                Update8FSKConstellation
                0x0000000008063e83                UpdatePhaseConstellation
                0x000000000806438b                Track1Car4FSK
                0x0000000008064584                Decode1CarPSK
                0x0000000008064970                Track1CarPSK
                0x0000000008064b95                ComputeAng1_Ang2
                0x0000000008064bcf                CorrectPhaseForTuningOffset
                0x0000000008065055                Decode1CarQAM
                0x0000000008065397                InitDemodPSK
                0x000000000806561c                DemodPSK
                0x0000000008066071                Demod1CarPSKChar
                0x0000000008066330                InitDemodQAM
                0x0000000008066561                WeightedAngleAvg
                0x0000000008066621                SaveQAMSamples
                0x00000000080667f1                SavePSKSamples
                0x0000000008066902                DemodQAM
                0x0000000008066d8f                Demod1CarQAMChar
                0x000000000806709f                Decode1Car4FSKFromTones
 .text          0x00000000080670a9     0x131c TCPHostInterface.o
                0x00000000080670a9                SendCommandToHost
                0x0000000008067170                SendCommandToHostQuiet
                0x0000000008067237                QueueCommandToHost
                0x000000000806724a                SendReplyToHost
                0x000000000806725d                AddTagToDataAndSendToHost
                0x000000000806739c                ARDOPProcessCommand
                0x00000000080673e2                ProcessReceivedControl
                0x0000000008067642                ProcessReceivedData
                0x0000000008067865                OpenSocket4
                0x00000000080679fe                HostInit
                0x0000000008067a4f                HostPoll
 *fill*         0x00000000080683c5        0xb 
 .text          0x00000000080683d0       0x72 /usr/lib/i386-linux-gnu/libc_nonshared.a(elf-init.oS)
                0x00000000080683d0                __libc_csu_init
                0x0000000008068440                __libc_csu_fini
 .text          0x0000000008068442        0x0 /usr/lib/gcc/i686-linux-gnu/4.8/crtend.o
 .text          0x0000000008068442        0x0 /usr/lib/gcc/i686-linux-gnu/4.8/../../../i386-linux-gnu/crtn.o
 *(.gnu.warning)

.fini           0x0000000008068444       0x14
 *(SORT(.fini))
 .fini          0x0000000008068444        0xf /usr/lib/gcc/i686-linux-gnu/4.8/../../../i386-linux-gnu/crti.o
                0x0000000008068444                _fini
 .fini          0x0000000008068453        0x5 /usr/lib/gcc/i686-linux-gnu/4.8/../../../i386-linux-gnu/crtn.o
                0x0000000008068458                PROVIDE (__etext, .)
                0x0000000008068458                PROVIDE (_etext, .)
                0x0000000008068458                PROVIDE (etext, .)

.rodata         0x0000000008068460     0xe862
 *(.rodata .rodata.* .gnu.linkonce.r.*)
 .rodata        0x0000000008068460        0x4 /usr/lib/gcc/i686-linux-gnu/4.8/../../../i386-linux-gnu/crt1.o
                0x0000000008068460                _fp_hw
 .rodata.cst4   0x0000000008068464        0x4 /usr/lib/gcc/i686-linux-gnu/4.8/../../../i386-linux-gnu/crt1.o
                0x0000000008068464                _IO_stdin_used
 .rodata        0x0000000008068468       0x58 BusyDetect.o
 .rodata        0x00000000080684c0       0x9b i2cDisplay.o
                0x0000000008068520                level
 *fill*         0x000000000806855b        0x1 
 .rodata        0x000000000806855c      0x7c8 ALSASound.o
                0x0000000008068c10                BoolString
 *fill*         0x0000000008068d24       0x1c 
 .rodata        0x0000000008068d40     0x1dec ARDOPC.o
                0x0000000008068d40                ARDOPStates
                0x0000000008068da0                bytValidFrameTypesALL
                0x0000000008068e40                bytValidFrameTypesISS
                0x0000000008068ea0                strAllDataModes
                0x0000000008069040                Rate
                0x0000000008069240                strFrameType
                0x000000000806a920                CRCTAB
 *fill*         0x000000000806ab2c       0x14 
 .rodata        0x000000000806ab40     0x8fc0 ardopSampleArrays.o
                0x000000000806ab40                int50BaudTwoToneLeaderTemplate
                0x000000000806ad20                intTwoToneLeaderTemplate
                0x000000000806ae20                intFSK50bdCarTemplate
                0x000000000806b5a0                intFSK25bdCarTemplate
                0x000000000806f1a0                intFSK100bdCarTemplate
                0x0000000008070460                intFSK600bdCarTemplate
                0x0000000008070500                intPSK100bdCarTemplate
                0x00000000080726c0                intPSK200bdCarTemplate
 .rodata        0x0000000008073b00     0x1898 ARQ.o
                0x0000000008073b00                ARQBandwidths
                0x0000000008073b60                ARQSubStates
 .rodata        0x0000000008075398       0x14 FFT.o
 .rodata        0x00000000080753ac      0x25f FEC.o
 *fill*         0x000000000807560b        0x1 
 .rodata        0x000000000807560c      0x473 HostInterface.o
 *fill*         0x0000000008075a7f        0x1 
 .rodata        0x0000000008075a80      0x130 Modulate.o
 .rodata        0x0000000008075bb0       0x47 rs.o
 *fill*         0x0000000008075bf7        0x1 
 .rodata        0x0000000008075bf8       0x9f berlekamp.o
 *fill*         0x0000000008075c97        0x1 
 .rodata        0x0000000008075c98      0xe88 SoundInput.o
 .rodata        0x0000000008076b20      0x1a2 TCPHostInterface.o

.rodata1
 *(.rodata1)

.eh_frame_hdr   0x0000000008076cc4      0x844
 *(.eh_frame_hdr)
 .eh_frame_hdr  0x0000000008076cc4      0x844 BusyDetect.o

.eh_frame       0x0000000008077508     0x2310
 *(.eh_frame)
 .eh_frame      0x0000000008077508       0x3c /usr/lib/gcc/i686-linux-gnu/4.8/../../../i386-linux-gnu/crt1.o
                                         0x40 (size before relaxing)
 .eh_frame      0x0000000008077544       0xac BusyDetect.o
                                         0xc4 (size before relaxing)
 .eh_frame      0x00000000080775f0      0x200 i2cDisplay.o
                                        0x218 (size before relaxing)
 .eh_frame      0x00000000080777f0      0x67c ALSASound.o
                                        0x694 (size before relaxing)
 .eh_frame      0x0000000008077e6c      0x5b0 ARDOPC.o
                                        0x5c8 (size before relaxing)
 .eh_frame      0x000000000807841c      0x35c ARQ.o
                                        0x374 (size before relaxing)
 .eh_frame      0x0000000008078778       0x80 FFT.o
                                         0x98 (size before relaxing)
 .eh_frame      0x00000000080787f8       0x74 FEC.o
                                         0x8c (size before relaxing)
 .eh_frame      0x000000000807886c       0x90 HostInterface.o
                                         0xa8 (size before relaxing)
 .eh_frame      0x00000000080788fc      0x200 Modulate.o
                                        0x218 (size before relaxing)
 .eh_frame      0x0000000008078afc      0x12c rs.o
                                        0x144 (size before relaxing)
 .eh_frame      0x0000000008078c28      0x1bc berlekamp.o
                                        0x1d4 (size before relaxing)
 .eh_frame      0x0000000008078de4       0x80 galois.o
                                         0x98 (size before relaxing)
 .eh_frame      0x0000000008078e64      0x7f0 SoundInput.o
                                        0x808 (size before relaxing)
 .eh_frame      0x0000000008079654      0x170 TCPHostInterface.o
                                        0x188 (size before relaxing)
 .eh_frame      0x00000000080797c4       0x50 /usr/lib/i386-linux-gnu/libc_nonshared.a(elf-init.oS)
                                         0x7c (size before relaxing)
 .eh_frame      0x0000000008079814        0x4 /usr/lib/gcc/i686-linux-gnu/4.8/crtend.o

.gcc_except_table
 *(.gcc_except_table .gcc_except_table.*)

.exception_ranges
 *(.exception_ranges .exception_ranges*)
                0x0000000008079818                . = (ALIGN (0x1000) - ((0x1000 - .) & 0xfff))
                0x000000000807aee8                . = DATA_SEGMENT_ALIGN (0x1000, 0x1000)

.eh_frame
 *(.eh_frame)

.gcc_except_table
 *(.gcc_except_table .gcc_except_table.*)

.exception_ranges
 *(.exception_ranges .exception_ranges*)

.tdata
 *(.tdata .tdata.* .gnu.linkonce.td.*)

.tbss
 *(.tbss .tbss.* .gnu.linkonce.tb.*)
 *(.tcommon)

.preinit_array  0x000000000807aee8        0x0
                0x000000000807aee8                PROVIDE (__preinit_array_start, .)
 *(.preinit_array)
                0x000000000807aee8                PROVIDE (__preinit_array_end, .)

.init_array     0x000000000807aee8        0x4
                0x000000000807aee8                PROVIDE (__init_array_start, .)
 *(SORT(.init_array.*) SORT(.ctors.*))
 *(.init_array EXCLUDE_FILE(*crtend?.o *crtend.o *crtbegin?.o *crtbegin.o) .ctors)
 .init_array    0x000000000807aee8        0x4 /usr/lib/gcc/i686-linux-gnu/4.8/crtbegin.o
                0x000000000807aeec                PROVIDE (__init_array_end, .)

.fini_array     0x000000000807aeec        0x4
                0x000000000807aeec                PROVIDE (__fini_array_start, .)
 *(SORT(.fini_array.*) SORT(.dtors.*))
 *(.fini_array EXCLUDE_FILE(*crtend?.o *crtend.o *crtbegin?.o *crtbegin.o) .dtors)
 .fini_array    0x000000000807aeec        0x4 /usr/lib/gcc/i686-linux-gnu/4.8/crtbegin.o
                0x000000000807aef0                PROVIDE (__fini_array_end, .)

.ctors
 *crtbegin.o(.ctors)
 *crtbegin?.o(.ctors)
 *(EXCLUDE_FILE(*crtend?.o *crtend.o) .ctors)
 *(SORT(.ctors.*))
 *(.ctors)

.dtors
 *crtbegin.o(.dtors)
 *crtbegin?.o(.dtors)
 *(EXCLUDE_FILE(*crtend?.o *crtend.o) .dtors)
 *(SORT(.dtors.*))
 *(.dtors)

.jcr            0x000000000807aef0        0x4
 *(.jcr)
 .jcr           0x000000000807aef0        0x0 /usr/lib/gcc/i686-linux-gnu/4.8/crtbegin.o
 .jcr           0x000000000807aef0        0x4 /usr/lib/gcc/i686-linux-gnu/4.8/crtend.o

.data.rel.ro
 *(.data.rel.ro.local* .gnu.linkonce.d.rel.ro.local.*)
 *(.data.rel.ro .data.rel.ro.* .gnu.linkonce.d.rel.ro.*)

.dynamic        0x000000000807aef4      0x108
 *(.dynamic)
 .dynamic       0x000000000807aef4      0x108 /usr/lib/gcc/i686-linux-gnu/4.8/../../../i386-linux-gnu/crt1.o
                0x000000000807aef4                _DYNAMIC

.got            0x000000000807affc        0x4
 *(.got)
 .got           0x000000000807affc        0x4 /usr/lib/gcc/i686-linux-gnu/4.8/../../../i386-linux-gnu/crt1.o
 *(.igot)
                0x000000000807bff4                . = DATA_SEGMENT_RELRO_END (., (SIZEOF (.got.plt) >= 0xc)?0xc:0x0)

.got.plt        0x000000000807b000      0x1cc
 *(.got.plt)
 .got.plt       0x000000000807b000      0x1cc /usr/lib/gcc/i686-linux-gnu/4.8/../../../i386-linux-gnu/crt1.o
                0x000000000807b000                _GLOBAL_OFFSET_TABLE_
 *(.igot.plt)
 .igot.plt      0x0000000000000000        0x0 /usr/lib/gcc/i686-linux-gnu/4.8/../../../i386-linux-gnu/crt1.o

.data           0x000000000807b1e0      0x430
 *(.data .data.* .gnu.linkonce.d.*)
 .data          0x000000000807b1e0        0x4 /usr/lib/gcc/i686-linux-gnu/4.8/../../../i386-linux-gnu/crt1.o
                0x000000000807b1e0                data_start
                0x000000000807b1e0                __data_start
 .data          0x000000000807b1e4        0x0 /usr/lib/gcc/i686-linux-gnu/4.8/../../../i386-linux-gnu/crti.o
 .data          0x000000000807b1e4        0x4 /usr/lib/gcc/i686-linux-gnu/4.8/crtbegin.o
                0x000000000807b1e4                __dso_handle
 .data          0x000000000807b1e8        0x4 BusyDetect.o
                0x000000000807b1e8                intHoldMs
 .data          0x000000000807b1ec       0x10 i2cDisplay.o
 *fill*         0x000000000807b1fc        0x4 
 .data          0x000000000807b200      0x178 ALSASound.o
                0x000000000807b200                CaptureDevice
                0x000000000807b260                PlaybackDevice
                0x000000000807b2b0                CaptureDevices
                0x000000000807b2b4                PlaybackDevices
                0x000000000807b2c0                LogName
                0x000000000807b2fc                m_playchannels
                0x000000000807b300                m_recchannels
 *fill*         0x000000000807b378        0x8 
 .data          0x000000000807b380      0x18c ARDOPC.o
                0x000000000807b380                LeaderLength
                0x000000000807b384                ARQTimeout
                0x000000000807b388                TuningRange
                0x000000000807b38c                TXLevel
                0x000000000807b390                autoRXLevel
                0x000000000807b394                ARQConReqRepeats
                0x000000000807b398                DebugLog
                0x000000000807b39c                CommandTrace
                0x000000000807b3a0                DriveLevel
                0x000000000807b3a4                strFECMode
                0x000000000807b3b4                Squelch
                0x000000000807b3b8                BusyDet
                0x000000000807b3bc                ARQBandwidth
                0x000000000807b3c0                port
                0x000000000807b3c4                AccumulateStats
                0x000000000807b3c8                fastStart
                0x000000000807b3cc                ConsoleLogLevel
                0x000000000807b3d0                pttGPIOPin
                0x000000000807b3d4                RIGBAUD
                0x000000000807b3d8                PTTMode
                0x000000000807b3dc                Capturing
                0x000000000807b3e0                ProtocolMode
                0x000000000807b3e4                bytValidFrameTypesLengthISS
                0x000000000807b3e8                bytValidFrameTypesLengthALL
                0x000000000807b400                isValidFrame
                0x000000000807b500                intAmp
                0x000000000807b504                strAllDataModesLen
                0x000000000807b508                NPAR
 .data          0x000000000807b50c        0x0 ardopSampleArrays.o
 .data          0x000000000807b50c       0x70 ARQ.o
                0x000000000807b50c                intLastARQDataFrameToHost
                0x000000000807b510                intARQDefaultDlyMs
                0x000000000807b514                intTrackingQuality
                0x000000000807b518                blnListen
                0x000000000807b51c                Monitor
                0x000000000807b520                AutoBreak
                0x000000000807b524                bytSessionID
 .data          0x000000000807b57c        0x0 FFT.o
 .data          0x000000000807b57c        0x0 FEC.o
 .data          0x000000000807b57c        0x0 HostInterface.o
 .data          0x000000000807b57c        0xc Modulate.o
                0x000000000807b584                Last120Put
 .data          0x000000000807b588        0x0 rs.o
 .data          0x000000000807b588        0x0 berlekamp.o
 .data          0x000000000807b588        0x0 galois.o
 *fill*         0x000000000807b588       0x18 
 .data          0x000000000807b5a0       0x70 SoundInput.o
                0x000000000807b5a0                intLeaderRcvdMs
                0x000000000807b5a4                intPriorMixedSamplesLength
                0x000000000807b5a8                intCenterFreq
                0x000000000807b5c0                bytFrameData
                0x000000000807b5e0                Decode600Buffer
                0x000000000807b5e4                dbl2Pi
                0x000000000807b5e8                dblNCOFreq
                0x000000000807b5ec                dblNCOPhaseInc
                0x000000000807b5f0                intMFSReadPtr
                0x000000000807b5f4                xdblR
                0x000000000807b5f8                xintN
                0x000000000807b5fc                dblPriorFineOffset
 .data          0x000000000807b610        0x0 TCPHostInterface.o
 .data          0x000000000807b610        0x0 /usr/lib/i386-linux-gnu/libc_nonshared.a(elf-init.oS)
 .data          0x000000000807b610        0x0 /usr/lib/gcc/i686-linux-gnu/4.8/crtend.o
 .data          0x000000000807b610        0x0 /usr/lib/gcc/i686-linux-gnu/4.8/../../../i386-linux-gnu/crtn.o

.tm_clone_table
                0x000000000807b610        0x0
 .tm_clone_table
                0x000000000807b610        0x0 /usr/lib/gcc/i686-linux-gnu/4.8/crtbegin.o
 .tm_clone_table
                0x000000000807b610        0x0 /usr/lib/gcc/i686-linux-gnu/4.8/crtend.o

.data1
 *(.data1)
                0x000000000807b610                _edata = .
                0x000000000807b610                PROVIDE (edata, .)
                0x000000000807b610                . = .
                0x000000000807b610                __bss_start = .

.bss            0x000000000807b620    0x45304
 *(.dynbss)
 .dynbss        0x000000000807b620        0x4 /usr/lib/gcc/i686-linux-gnu/4.8/../../../i386-linux-gnu/crt1.o
                0x000000000807b620                stderr@@GLIBC_2.0
 *(.bss .bss.* .gnu.linkonce.b.*)
 .bss           0x000000000807b624        0x0 /usr/lib/gcc/i686-linux-gnu/4.8/../../../i386-linux-gnu/crt1.o
 .bss           0x000000000807b624        0x0 /usr/lib/gcc/i686-linux-gnu/4.8/../../../i386-linux-gnu/crti.o
 .bss           0x000000000807b624        0x1 /usr/lib/gcc/i686-linux-gnu/4.8/crtbegin.o
 *fill*         0x000000000807b625        0x3 
 .bss           0x000000000807b628       0x20 BusyDetect.o
                0x000000000807b628                intLastStart
                0x000000000807b62c                intLastStop
                0x000000000807b630                blnLastBusy
                0x000000000807b634                intBusyOnCnt
                0x000000000807b638                intBusyOffCnt
                0x000000000807b63c                dttLastBusyTrip
                0x000000000807b640                dttPriorLastBusyTrip
                0x000000000807b644                dttLastBusyClear
 .bss           0x000000000807b648        0x4 i2cDisplay.o
                0x000000000807b648                i2cfile
 .bss           0x000000000807b64c       0x48 ALSASound.o
                0x000000000807b64c                Loopback
                0x000000000807b650                logfile
                0x000000000807b65c                statslogfile
                0x000000000807b660                playhandle
                0x000000000807b664                rechandle
                0x000000000807b668                WriteDevices
                0x000000000807b66c                WriteDeviceCount
                0x000000000807b670                ReadDevices
                0x000000000807b674                ReadDeviceCount
                0x000000000807b678                PriorSize
                0x000000000807b67c                Index
                0x000000000807b680                inIndex
                0x000000000807b684                DMARunning
                0x000000000807b688                min
                0x000000000807b68c                max
                0x000000000807b690                leveltimer
 *fill*         0x000000000807b694        0xc 
 .bss           0x000000000807b6a0      0x894 ARDOPC.o
                0x000000000807b6a0                GridSquare
                0x000000000807b6a9                Callsign
                0x000000000807b6b4                wantCWID
                0x000000000807b6b8                CWOnOff
                0x000000000807b6bc                NeedID
                0x000000000807b6c0                NeedConReq
                0x000000000807b6c4                NeedTwoToneTest
                0x000000000807b6c8                ConnectToCall
                0x000000000807b6d8                TrailerLength
                0x000000000807b6dc                RXLevel
                0x000000000807b6e0                FECRepeats
                0x000000000807b6e4                FECId
                0x000000000807b6e8                RadioControl
                0x000000000807b6ec                SlowCPU
                0x000000000807b6f0                Use600Modes
                0x000000000807b6f4                FSKOnly
                0x000000000807b6f8                skip167
                0x000000000807b6fc                gotGPIO
                0x000000000807b700                useGPIO
                0x000000000807b704                hRIGDevice
                0x000000000807b720                RIGPORT
                0x000000000807b770                hPTTDevice
                0x000000000807b780                PTTPORT
                0x000000000807b7d0                blnInitializing
                0x000000000807b7d4                blnLastPTT
                0x000000000807b7d8                PlayComplete
                0x000000000807b7dc                intRmtLeaderMeasure
                0x000000000807b7e0                Semaphore
                0x000000000807b7f0                SoundIsPlaying
                0x000000000807b7f4                blnAbort
                0x000000000807b7f8                blnARQDisconnect
                0x000000000807b7fc                blnFramePending
                0x000000000807b800                blnClosing
                0x000000000807b804                blnCodecStarted
                0x000000000807b808                dttNextPlay
                0x000000000807b80c                blnTimeoutTriggered
                0x000000000807b820                bytEncodedBytes
                0x000000000807bf28                MaxErrors
                0x000000000807bf2c                LastBusyCheck
 .bss           0x000000000807bf34        0x0 ardopSampleArrays.o
 *fill*         0x000000000807bf34        0xc 
 .bss           0x000000000807bf40      0x134 ARQ.o
                0x000000000807bf40                intLastFrameIDToHost
                0x000000000807bf44                intLastFailedFrameID
                0x000000000807bf48                intShiftUpDn
                0x000000000807bf4c                intFrameTypePtr
                0x000000000807bf50                intRmtLeaderMeas
                0x000000000807bf54                bytLastARQDataFrameSent
                0x000000000807bf55                bytLastARQDataFrameAcked
                0x000000000807bf58                bytQDataInProcessLen
                0x000000000807bf5c                blnLastFrameSentData
                0x000000000807bf60                AuxCalls
                0x000000000807bfc4                AuxCallsLength
                0x000000000807bfc8                blnBREAKCmd
                0x000000000807bfcc                BusyBlock
                0x000000000807bfd0                bytCurrentFrameType
                0x000000000807bfd4                bytFrameTypesForBWLength
                0x000000000807bfd8                tmrFinalID
                0x000000000807bfdc                tmrIRSPendingTimeout
                0x000000000807bfe0                intOBBytesToConfirm
                0x000000000807bfe4                intBytesConfirmed
                0x000000000807bfe8                intReportedLeaderLen
                0x000000000807bfec                blnLastPSNPassed
                0x000000000807bff0                blnInitiatedConnection
                0x000000000807bff4                dblAvgPECreepPerCarrier
                0x000000000807bff8                intTotalSymbols
                0x000000000807bffc                intNAKctr
                0x000000000807c000                intACKctr
 .bss           0x000000000807c074        0x0 FFT.o
 .bss           0x000000000807c074        0x0 FEC.o
 .bss           0x000000000807c074        0x4 HostInterface.o
                0x000000000807c074                blnHostRDY
 *fill*         0x000000000807c078        0x8 
 .bss           0x000000000807c080      0x228 Modulate.o
                0x000000000807c080                dblZin
                0x000000000807c084                dblZin_1
                0x000000000807c088                dblZin_2
                0x000000000807c08c                dblZComb
                0x000000000807c0a0                dblZout_0
                0x000000000807c120                dblZout_1
                0x000000000807c1a0                dblZout_2
                0x000000000807c208                outCount
                0x000000000807c20c                largest
                0x000000000807c210                smallest
                0x000000000807c214                Last120Get
                0x000000000807c218                Number
 .bss           0x000000000807c2a8        0x4 rs.o
                0x000000000807c2a8                DEBUG
 *fill*         0x000000000807c2ac       0x14 
 .bss           0x000000000807c2c0      0xc04 berlekamp.o
 .bss           0x000000000807cec4        0x0 galois.o
 *fill*         0x000000000807cec4       0x1c 
 .bss           0x000000000807cee0    0x154bc SoundInput.o
                0x000000000807cee0                blnLeaderFound
                0x000000000807cee4                rawSamplesLength
                0x000000000807cee8                intFilteredMixedSamplesLength
                0x000000000807ceec                DataRate
                0x000000000807cef0                strType
                0x000000000807cf02                strMod
                0x000000000807cf20                intToneMags
                0x000000000808cf20                goodCarriers
                0x000000000808cf40                intPhases
                0x000000000808f800                intMags
                0x00000000080920c0                charIndex
                0x00000000080920c4                DummyCarrier
                0x00000000080920c8                PSKInitDone
                0x00000000080920cc                dblOffsetLastGoodDecode
                0x00000000080920d0                dttLastGoodFrameTypeDecode
                0x00000000080920d4                dblOffsetHz
                0x00000000080920d8                dblNCOPhase
                0x00000000080920dc                RcvdSamplesLen
                0x00000000080920e0                xdblZin_1
                0x00000000080920e4                xdblZin_2
                0x00000000080920e8                xdblZComb
                0x0000000008092100                xdblZout_0
                0x0000000008092180                xdblZout_1
                0x0000000008092200                xdblZout_2
                0x0000000008092280                xdblCoef
                0x00000000080922ec                HanWinLen
                0x00000000080922f0                HamWinLen
                0x00000000080922f4                Corrections
                0x00000000080922f8                pskStart
                0x00000000080922fc                intCarMagThreshold
 .bss           0x000000000809239c       0x18 TCPHostInterface.o
                0x000000000809239c                CONNECTED
                0x00000000080923a0                DATACONNECTED
                0x00000000080923a4                InputLen
                0x00000000080923a8                DataInputLen
                0x00000000080923ac                bytDataToSendLength
                0x00000000080923b0                InReceiveProcess
 .bss           0x00000000080923b4        0x0 /usr/lib/i386-linux-gnu/libc_nonshared.a(elf-init.oS)
 .bss           0x00000000080923b4        0x0 /usr/lib/gcc/i686-linux-gnu/4.8/crtend.o
 .bss           0x00000000080923b4        0x0 /usr/lib/gcc/i686-linux-gnu/4.8/../../../i386-linux-gnu/crtn.o
 *(COMMON)
 COMMON         0x00000000080923b4       0x28 BusyDetect.o
                0x00000000080923b4                LastBusyOff
                0x00000000080923b8                dblAvgStoNSlowNarrow
                0x00000000080923bc                dblAvgStoNFastNarrow
                0x00000000080923c0                dblAvgBaselineFast
                0x00000000080923c4                dblAvgStoNFastWide
                0x00000000080923c8                dblAvgBaselineSlow
                0x00000000080923cc                dblAvgStoNSlowWide
                0x00000000080923d0                dblAvgPk2BaselineRatio
                0x00000000080923d4                dttLastTrip
                0x00000000080923d8                LastBusyOn
 *fill*         0x00000000080923dc        0x4 
 COMMON         0x00000000080923e0     0x3120 ALSASound.o
                0x00000000080923e0                loopbuff
                0x0000000008092d40                SavedPlaybackDevice
                0x0000000008092e40                MaxAvail
                0x0000000008092e44                Ticks
                0x0000000008092e48                LastNow
                0x0000000008092e60                buffer
                0x0000000008094120                SavedCaptureRate
                0x0000000008094124                time_start
                0x000000000809412c                SavedPlaybackRate
                0x0000000008094140                SavedCaptureDevice
                0x0000000008094240                inbuffer
 COMMON         0x0000000008095500      0x49c ARDOPC.o
                0x0000000008095500                blnBusyStatus
                0x0000000008095504                int8FSKQuality
                0x0000000008095508                intQAMQuality
                0x000000000809550c                dttLastClear
                0x0000000008095510                bytValidFrameTypesLength
                0x0000000008095514                intPSKQualityCnts
                0x000000000809551c                intFSKSymbolsDecoded
                0x0000000008095520                State
                0x0000000008095524                dttStartRTMeasure
                0x0000000008095528                intRepeatCount
                0x000000000809552c                int16FSKQuality
                0x0000000008095530                tmrSendTimeout
                0x0000000008095534                intPSKQuality
                0x000000000809553c                dttLastBusy
                0x0000000008095540                int16FSKQualityCnts
                0x0000000008095544                intQAMQualityCnts
                0x0000000008095548                intQAMSymbolsDecoded
                0x0000000008095560                Corrected
                0x0000000008095960                dttCodecStarted
                0x0000000008095964                intPSKSymbolsDecoded
                0x0000000008095968                bytValidFrameTypes
                0x000000000809596c                intRepeatCnt
                0x0000000008095970                DecodeCompleteTime
                0x0000000008095974                blnErrorsCorrected
                0x0000000008095978                ProtocolState
                0x000000000809597c                int8FSKQualityCnts
                0x0000000008095980                intCalcLeader
                0x0000000008095984                EncLen
                0x0000000008095988                newStatus
                0x000000000809598c                intLastRcvdFrameQuality
                0x0000000008095990                int4FSKQuality
                0x0000000008095994                int4FSKQualityCnts
                0x0000000008095998                intGoodQAMSummationDecodes
 COMMON         0x000000000809599c      0x100 ARQ.o
                0x000000000809599c                intGoodPSKFrameDataDecodes
                0x00000000080959a0                bytLastACKedDataFrameType
                0x00000000080959a1                strLocalCallsign
                0x00000000080959ac                intAccumFSKTracking
                0x00000000080959b0                intGoodFSKFrameDataDecodes
                0x00000000080959b4                intPSKSymbolCnt
                0x00000000080959b8                intAvgPSKQuality
                0x00000000080959bc                bytLastARQSessionID
                0x00000000080959c0                intAvgFSKQuality
                0x00000000080959c4                tmrPollOBQueue
                0x00000000080959c8                bytShiftUpThresholdsLength
                0x00000000080959cc                intFailedFSKFrameDataDecodes
                0x00000000080959d0                strFinalIDCallsign
                0x00000000080959dc                ARQState
                0x00000000080959e0                bytPendingSessionID
                0x00000000080959e4                intFailedQAMFrameDataDecodes
                0x00000000080959e8                intLeaderSyncs
                0x00000000080959ec                intGoodFSKSummationDecodes
                0x00000000080959f0                dblAvgPSKRefErr
                0x00000000080959f4                intReceivedLeaderLen
                0x00000000080959f8                blnARQConnected
                0x00000000080959fc                dblLeaderSNAvg
                0x0000000008095a00                intSessionBW
                0x0000000008095a04                bytShiftUpThresholds
                0x0000000008095a08                intAccumPSKTracking
                0x0000000008095a0c                intFailedPSKFrameDataDecodes
                0x0000000008095a10                intFailedFSKFrameTypes
                0x0000000008095a14                intLeaderDetects
                0x0000000008095a18                intFrameRepeatInterval
                0x0000000008095a1c                strRemoteCallsign
                0x0000000008095a28                intGoodQAMFrameDataDecodes
                0x0000000008095a2c                intFSKSymbolCnt
                0x0000000008095a30                intAvgQuality
                0x0000000008095a34                intEnvelopeCors
                0x0000000008095a38                intAccumQAMTracking
                0x0000000008095a3c                bytLastReceivedDataFrameType
                0x0000000008095a40                intFrameSyncs
                0x0000000008095a44                intAccumPSKLeaderTracking
                0x0000000008095a48                blnEnbARQRpt
                0x0000000008095a4c                intGoodPSKSummationDecodes
                0x0000000008095a50                dblAvgDecodeDistance
                0x0000000008095a54                bytFrameTypesForBW
                0x0000000008095a58                dblFSKTuningSNAvg
                0x0000000008095a5c                dttStartSession
                0x0000000008095a60                intQAMTrackAttempts
                0x0000000008095a64                blnPending
                0x0000000008095a68                intAccumLeaderTracking
                0x0000000008095a6c                intQAMSymbolCnt
                0x0000000008095a70                intDecodeDistanceCount
                0x0000000008095a74                intBW
                0x0000000008095a78                intGoodFSKFrameTypes
                0x0000000008095a7c                blnDISCRepeating
                0x0000000008095a80                dblAvgCorMaxToMaxProduct
                0x0000000008095a84                dttLastIDSent
                0x0000000008095a88                intLinkTurnovers
                0x0000000008095a8c                intShiftUPs
                0x0000000008095a90                dttTimeoutTrip
                0x0000000008095a94                intPSKTrackAttempts
                0x0000000008095a98                intShiftDNs
 *fill*         0x0000000008095a9c        0x4 
 COMMON         0x0000000008095aa0      0x671 FEC.o
                0x0000000008095aa0                bytFrameType
                0x0000000008095aa1                strCurrentFrameFilename
                0x0000000008095ab4                dttLastFECIDSent
                0x0000000008095ab8                FECRepeatsSent
                0x0000000008095ac0                bytFailedData
                0x0000000008096100                intFECFramesSent
                0x0000000008096104                crcLastFECDataPassedToHost
                0x0000000008096108                blnSendIDFrame
                0x000000000809610c                bytFailedDataLength
                0x0000000008096110                bytLastFECDataFrameSent
 *fill*         0x0000000008096111        0xf 
 COMMON         0x0000000008096120      0x120 Modulate.o
                0x0000000008096120                last
                0x0000000008096124                fp1
                0x0000000008096128                first
                0x000000000809612c                DMABuffer
                0x0000000008096130                SampleNo
                0x0000000008096134                fWidth
                0x0000000008096140                Last120
 COMMON         0x0000000008096240      0x800 rs.o
                0x0000000008096240                genPoly
                0x0000000008096640                synBytes
                0x0000000008096840                pBytes
 COMMON         0x0000000008096a40        0x4 berlekamp.o
                0x0000000008096a40                NErrors
 *fill*         0x0000000008096a44       0x1c 
 COMMON         0x0000000008096a60      0xc00 galois.o
                0x0000000008096a60                glog
                0x0000000008096e60                gexp
 COMMON         0x0000000008097660     0xcac0 SoundInput.o
                0x0000000008097660                intSampleLen
                0x0000000008097664                intBaud
                0x0000000008097668                dttStartRmtLeaderMeasure
                0x0000000008097680                bytData
                0x0000000008097b80                bytFrameData1
                0x0000000008097e80                strDecodeCapture
                0x0000000008098280                intFilteredMixedSamples
                0x000000000809a990                blnOdd
                0x000000000809a994                intCP
                0x000000000809a9a4                intNumCar
                0x000000000809a9c0                bytFrameData6
                0x000000000809aac0                intPSKPhase_1
                0x000000000809aad0                dblSNdBPwr
                0x000000000809aae0                intToneMagsAvg
                0x000000000809bfa0                intARQRTmeasuredMs
                0x000000000809bfa8                dblPhaseInc
                0x000000000809bfb0                dblHamAng
                0x000000000809bfb4                blnFrameSyncFound
                0x000000000809bfc0                dblHamWin
                0x000000000809d280                intSumCounts
                0x000000000809d2a0                bytFrameData2
                0x000000000809d3a0                intRSLen
                0x000000000809d3c0                intPriorMixedSamples
                0x000000000809d4b0                CarrierOk
                0x000000000809d4c0                intCarMagAvg
                0x000000000809fd80                LastDataFrameType
                0x000000000809fd84                intDataLen
                0x000000000809fd88                intNforGoertzel
                0x000000000809fd98                intToneMagsIndex
                0x000000000809fdc0                dblFreqBin
                0x000000000809fde0                blnSymbolSyncFound
                0x000000000809fe00                bytFrameData7
                0x000000000809ff00                intPSKPhase_0
                0x000000000809ff20                rawSamples
                0x00000000080a11e0                intCarPhaseAvg
                0x00000000080a3aa0                intCarFreq
                0x00000000080a3aa4                dttLastGoodFrameTypeDecod
                0x00000000080a3ac0                bytFrameData3
                0x00000000080a3bc0                strRcvFrameTag
                0x00000000080a3be0                totalRSErrors
                0x00000000080a3c00                dblHanWin
                0x00000000080a3de0                bytFrameData8
                0x00000000080a3ee0                dblHanAng
                0x00000000080a3ee4                SymbolsLeft
                0x00000000080a3ee8                intPhasesLen
                0x00000000080a3eec                intSampPerSym
                0x00000000080a3ef0                intPSKMode
                0x00000000080a3ef4                dttLastLeaderDetect
                0x00000000080a3ef8                intDataPtr
                0x00000000080a3f00                bytFrameData4
                0x00000000080a4000                intFrameType
                0x00000000080a4004                intToneMagsLength
                0x00000000080a4008                GotBitSyncTicks
                0x00000000080a400c                bytMinQualThresh
                0x00000000080a4010                frameLen
                0x00000000080a4014                intDataBytesPerCar
                0x00000000080a4020                bytFrameData5
 COMMON         0x00000000080a4120    0x1c804 TCPHostInterface.o
                0x00000000080a4120                ARDOPDataBuffer
                0x00000000080a6120                TCPDataSock
                0x00000000080a6140                ARDOPBuffer
                0x00000000080a8140                DataListenSock
                0x00000000080a8160                bytLastCMD_DataSent
                0x00000000080a8260                ListenSock
                0x00000000080a8280                bytDataToSend
                0x00000000080c0920                TCPControlSock
                0x00000000080c0924                . = ALIGN ((. != 0x0)?0x4:0x1)
                0x00000000080c0924                . = ALIGN (0x4)
                0x00000000080c0924                . = SEGMENT_START ("ldata-segment", .)
                0x00000000080c0924                . = ALIGN (0x4)
                0x00000000080c0924                _end = .
                0x00000000080c0924                PROVIDE (end, .)
                0x00000000080c0924                . = DATA_SEGMENT_END (.)

.stab
 *(.stab)

.stabstr
 *(.stabstr)

.stab.excl
 *(.stab.excl)

.stab.exclstr
 *(.stab.exclstr)

.stab.index
 *(.stab.index)

.stab.indexstr
 *(.stab.indexstr)

.comment        0x0000000000000000       0x4d
 *(.comment)
 .comment       0x0000000000000000       0x29 /usr/lib/gcc/i686-linux-gnu/4.8/crtbegin.o
                                         0x2a (size before relaxing)
 .comment       0x0000000000000000       0x2a BusyDetect.o
 .comment       0x0000000000000000       0x2a i2cDisplay.o
 .comment       0x0000000000000000       0x2a ALSASound.o
 .comment       0x0000000000000000       0x2a ARDOPC.o
 .comment       0x0000000000000000       0x2a ardopSampleArrays.o
 .comment       0x0000000000000000       0x2a ARQ.o
 .comment       0x0000000000000000       0x2a FFT.o
 .comment       0x0000000000000000       0x2a FEC.o
 .comment       0x0000000000000000       0x2a HostInterface.o
 .comment       0x0000000000000000       0x2a Modulate.o
 .comment       0x0000000000000000       0x2a rs.o
 .comment       0x0000000000000000       0x2a berlekamp.o
 .comment       0x0000000000000000       0x2a galois.o
 .comment       0x0000000000000000       0x2a SoundInput.o
 .comment       0x0000000000000000       0x2a TCPHostInterface.o
 .comment       0x0000000000000029       0x24 /usr/lib/i386-linux-gnu/libc_nonshared.a(elf-init.oS)
                                         0x25 (size before relaxing)
 .comment       0x0000000000000000       0x2a /usr/lib/gcc/i686-linux-gnu/4.8/crtend.o

.debug
 *(.debug)

.line
 *(.line)

.debug_srcinfo
 *(.debug_srcinfo)

.debug_sfnames
 *(.debug_sfnames)

.debug_aranges  0x0000000000000000      0x1d8
 *(.debug_aranges)
 .debug_aranges
                0x0000000000000000       0x20 BusyDetect.o
 .debug_aranges
                0x0000000000000020       0x20 i2cDisplay.o
 .debug_aranges
                0x0000000000000040       0x20 ALSASound.o
 .debug_aranges
                0x0000000000000060       0x20 ARDOPC.o
 .debug_aranges
                0x0000000000000080       0x18 ardopSampleArrays.o
 .debug_aranges
                0x0000000000000098       0x20 ARQ.o
 .debug_aranges
                0x00000000000000b8       0x20 FFT.o
 .debug_aranges
                0x00000000000000d8       0x20 FEC.o
 .debug_aranges
                0x00000000000000f8       0x20 HostInterface.o
 .debug_aranges
                0x0000000000000118       0x20 Modulate.o
 .debug_aranges
                0x0000000000000138       0x20 rs.o
 .debug_aranges
                0x0000000000000158       0x20 berlekamp.o
 .debug_aranges
                0x0000000000000178       0x20 galois.o
 .debug_aranges
                0x0000000000000198       0x20 SoundInput.o
 .debug_aranges
                0x00000000000001b8       0x20 TCPHostInterface.o

.debug_pubnames
 *(.debug_pubnames)

.debug_info     0x0000000000000000     0xc07c
 *(.debug_info .gnu.linkonce.wi.*)
 .debug_info    0x0000000000000000      0x53a BusyDetect.o
 .debug_info    0x000000000000053a      0x4cc i2cDisplay.o
 .debug_info    0x0000000000000a06     0x1c7f ALSASound.o
 .debug_info    0x0000000000002685     0x1bce ARDOPC.o
 .debug_info    0x0000000000004253      0x191 ardopSampleArrays.o
 .debug_info    0x00000000000043e4     0x1406 ARQ.o
 .debug_info    0x00000000000057ea      0x25f FFT.o
 .debug_info    0x0000000000005a49      0x4d4 FEC.o
 .debug_info    0x0000000000005f1d      0x880 HostInterface.o
 .debug_info    0x000000000000679d     0x1278 Modulate.o
 .debug_info    0x0000000000007a15      0x349 rs.o
 .debug_info    0x0000000000007d5e      0x7b4 berlekamp.o
 .debug_info    0x0000000000008512      0x1e4 galois.o
 .debug_info    0x00000000000086f6     0x304d SoundInput.o
 .debug_info    0x000000000000b743      0x939 TCPHostInterface.o

.debug_abbrev   0x0000000000000000     0x18c6
 *(.debug_abbrev)
 .debug_abbrev  0x0000000000000000      0x17e BusyDetect.o
 .debug_abbrev  0x000000000000017e      0x119 i2cDisplay.o
 .debug_abbrev  0x0000000000000297      0x37f ALSASound.o
 .debug_abbrev  0x0000000000000616      0x23a ARDOPC.o
 .debug_abbrev  0x0000000000000850       0x5f ardopSampleArrays.o
 .debug_abbrev  0x00000000000008af      0x26c ARQ.o
 .debug_abbrev  0x0000000000000b1b       0xc1 FFT.o
 .debug_abbrev  0x0000000000000bdc      0x195 FEC.o
 .debug_abbrev  0x0000000000000d71      0x191 HostInterface.o
 .debug_abbrev  0x0000000000000f02      0x1ca Modulate.o
 .debug_abbrev  0x00000000000010cc      0x128 rs.o
 .debug_abbrev  0x00000000000011f4      0x1c4 berlekamp.o
 .debug_abbrev  0x00000000000013b8       0xcf galois.o
 .debug_abbrev  0x0000000000001487      0x21a SoundInput.o
 .debug_abbrev  0x00000000000016a1      0x225 TCPHostInterface.o

.debug_line     0x0000000000000000     0x447f
 *(.debug_line .debug_line.* .debug_line_end)
 .debug_line    0x0000000000000000      0x193 BusyDetect.o
 .debug_line    0x0000000000000193       0xec i2cDisplay.o
 .debug_line    0x000000000000027f      0x695 ALSASound.o
 .debug_line    0x0000000000000914      0x6ac ARDOPC.o
 .debug_line    0x0000000000000fc0       0x34 ardopSampleArrays.o
 .debug_line    0x0000000000000ff4      0x863 ARQ.o
 .debug_line    0x0000000000001857      0x129 FFT.o
 .debug_line    0x0000000000001980      0x16f FEC.o
 .debug_line    0x0000000000001aef      0x5d2 HostInterface.o
 .debug_line    0x00000000000020c1      0x742 Modulate.o
 .debug_line    0x0000000000002803      0x148 rs.o
 .debug_line    0x000000000000294b      0x311 berlekamp.o
 .debug_line    0x0000000000002c5c       0xb9 galois.o
 .debug_line    0x0000000000002d15     0x146f SoundInput.o
 .debug_line    0x0000000000004184      0x2fb TCPHostInterface.o

.debug_frame
 *(.debug_frame)

.debug_str      0x0000000000000000     0x492a
 *(.debug_str)
 .debug_str     0x0000000000000000      0x3fc BusyDetect.o
                                        0x449 (size before relaxing)
 .debug_str     0x00000000000003fc      0x102 i2cDisplay.o
                                        0x216 (size before relaxing)
 .debug_str     0x00000000000004fe     0x110a ALSASound.o
                                       0x1309 (size before relaxing)
 .debug_str     0x0000000000001608      0xb2d ARDOPC.o
                                        0xef2 (size before relaxing)
 .debug_str     0x0000000000002135       0xd4 ardopSampleArrays.o
                                        0x12f (size before relaxing)
 .debug_str     0x0000000000002209      0xaad ARQ.o
                                       0x1133 (size before relaxing)
 .debug_str     0x0000000000002cb6       0xbb FFT.o
                                        0x151 (size before relaxing)
 .debug_str     0x0000000000002d71      0x128 FEC.o
                                        0x3ea (size before relaxing)
 .debug_str     0x0000000000002e99       0x98 HostInterface.o
                                        0x534 (size before relaxing)
 .debug_str     0x0000000000002f31      0x2e4 Modulate.o
                                        0x733 (size before relaxing)
 .debug_str     0x0000000000003215       0xb6 rs.o
                                        0x1b6 (size before relaxing)
 .debug_str     0x00000000000032cb      0x13e berlekamp.o
                                        0x3d7 (size before relaxing)
 .debug_str     0x0000000000003409       0x3c galois.o
                                        0x120 (size before relaxing)
 .debug_str     0x0000000000003445     0x11de SoundInput.o
                                       0x1c56 (size before relaxing)
 .debug_str     0x0000000000004623      0x307 TCPHostInterface.o
                                        0x4eb (size before relaxing)

.debug_loc
 *(.debug_loc)

.debug_macinfo
 *(.debug_macinfo)

.debug_weaknames
 *(.debug_weaknames)

.debug_funcnames
 *(.debug_funcnames)

.debug_typenames
 *(.debug_typenames)

.debug_varnames
 *(.debug_varnames)

.debug_pubtypes
 *(.debug_pubtypes)

.debug_ranges
 *(.debug_ranges)

.debug_macro
 *(.debug_macro)

.gnu.attributes
 *(.gnu.attributes)

/DISCARD/
 *(.note.GNU-stack)
 *(.gnu_debuglink)
 *(.gnu.lto_*)
OUTPUT(ardopc elf32-i386)
