 ARDOP_PTC

 Timestamp is 57d3d1b2 (Sat Sep 10 10:26:10 2016)

 Preferred load address is 00400000

 Start         Length     Name                   Class
 0001:00000000 00045f85H .textbss                DATA
 0002:00000000 0008fe9fH .text                   CODE
 0002:0008fea0 00001128H .text$x                 CODE
 0003:00000000 00000104H .CRT$XCA                DATA
 0003:00000104 00000104H .CRT$XCZ                DATA
 0003:00000208 00000104H .CRT$XIA                DATA
 0003:0000030c 00000118H .CRT$XIC                DATA
 0003:00000424 00000104H .CRT$XIY                DATA
 0003:00000528 00000104H .CRT$XIZ                DATA
 0003:0000062c 00000104H .CRT$XPA                DATA
 0003:00000730 00000109H .CRT$XPX                DATA
 0003:0000083c 00000104H .CRT$XPXA               DATA
 0003:00000940 00000104H .CRT$XPZ                DATA
 0003:00000a44 00000104H .CRT$XTA                DATA
 0003:00000b48 00000104H .CRT$XTZ                DATA
 0003:00000c50 000251e2H .rdata                  DATA
 0003:00025e34 00000166H .rdata$debug            DATA
 0003:00025f9c 00000504H .rdata$r                DATA
 0003:000264a0 00000104H .rtc$IAA                DATA
 0003:000265a4 0000013eH .rtc$IMZ                DATA
 0003:000266e4 00000104H .rtc$IZZ                DATA
 0003:000267e8 00000104H .rtc$TAA                DATA
 0003:000268ec 0000013eH .rtc$TMZ                DATA
 0003:00026a2c 00000104H .rtc$TZZ                DATA
 0003:00026b30 00001145H .xdata$x                DATA
 0003:00027c75 00000000H .edata                  DATA
 0004:00000000 00002352H .data                   DATA
 0004:00002360 000319c4H .bss                    DATA
 0005:00000000 00000028H .idata$2                DATA
 0005:00000028 00000014H .idata$3                DATA
 0005:0000003c 00000280H .idata$4                DATA
 0005:000002bc 00000280H .idata$5                DATA
 0005:0000053c 00000a3fH .idata$6                DATA
 0006:00000000 00000169H .rsrc$01                DATA
 0006:00000170 000001b6H .rsrc$02                DATA

  Address         Publics by Value              Rva+Base       Lib:Object

 0000:00000000       __except_list              00000000     <absolute>
 0000:00000000       ___safe_se_handler_table   00000000     <absolute>
 0000:00000000       ___safe_se_handler_count   00000000     <absolute>
 0000:00000000       ___ImageBase               00400000     <linker-defined>
 0001:00000000       __enc$textbss$begin        00401000     <linker-defined>
 0001:00045f85       __enc$textbss$end          00446f85     <linker-defined>
 0002:00003900       _strlop                    0044a900 f   ARDOPC.obj
 0002:00003980       _round                     0044a980 f   ARDOPC.obj
 0002:000039f0       _GetSemaphore              0044a9f0 f   ARDOPC.obj
 0002:00003a20       _FreeSemaphore             0044aa20 f   ARDOPC.obj
 0002:00003a50       _CheckValidCallsignSyntax  0044aa50 f   ARDOPC.obj
 0002:00003bb0       _CheckGSSyntax             0044abb0 f   ARDOPC.obj
 0002:00003d30       _GetNextFrame              0044ad30 f   ARDOPC.obj
 0002:00003de0       _testRS                    0044ade0 f   ARDOPC.obj
 0002:00003f90       _ardopmain                 0044af90 f   ARDOPC.obj
 0002:00004040       _SendCWID                  0044b040 f   ARDOPC.obj
 0002:00004070       _Name                      0044b070 f   ARDOPC.obj
 0002:000040e0       _FrameInfo                 0044b0e0 f   ARDOPC.obj
 0002:00005010       _RSEncode                  0044c010 f   ARDOPC.obj
 0002:00005160       _RSDecode                  0044c160 f   ARDOPC.obj
 0002:00005530       _EncodePSKData             0044c530 f   ARDOPC.obj
 0002:00005890       _EncodeFSKData             0044c890 f   ARDOPC.obj
 0002:00005df0       _EncodeARQConRequest       0044cdf0 f   ARDOPC.obj
 0002:00005fa0       _Encode4FSKIDFrame         0044cfa0 f   ARDOPC.obj
 0002:00006070       _Encode4FSKControl         0044d070 f   ARDOPC.obj
 0002:000060d0       _EncodeConACKwTiming       0044d0d0 f   ARDOPC.obj
 0002:000061a0       _EncodeDATAACK             0044d1a0 f   ARDOPC.obj
 0002:00006240       _EncodeDATANAK             0044d240 f   ARDOPC.obj
 0002:000062e0       _SendID                    0044d2e0 f   ARDOPC.obj
 0002:00006470       _ModTwoToneTest            0044d470 f   ARDOPC.obj
 0002:00006540       _Send5SecTwoTone           0044d540 f   ARDOPC.obj
 0002:00006570       _ASCIIto6Bit               0044d570 f   ARDOPC.obj
 0002:00006740       _Bit6ToASCII               0044d740 f   ARDOPC.obj
 0002:00006970       _CompressCallsign          0044d970 f   ARDOPC.obj
 0002:00006b00       _CompressGridSquare        0044db00 f   ARDOPC.obj
 0002:00006bf0       _DeCompressCallsign        0044dbf0 f   ARDOPC.obj
 0002:00006d90       _DeCompressGridSquare      0044dd90 f   ARDOPC.obj
 0002:00006e80       _ComputeTypeParity         0044de80 f   ARDOPC.obj
 0002:00006f30       _sendCWID                  0044df30 f   ARDOPC.obj
 0002:00006f60       _CWID                      0044df60 f   ARDOPC.obj
 0002:00007000       _FrameCode                 0044e000 f   ARDOPC.obj
 0002:00007090       _GenCRC16                  0044e090 f   ARDOPC.obj
 0002:000071d0       _checkcrc16                0044e1d0 f   ARDOPC.obj
 0002:00007350       _GenCRC16FrameType         0044e350 f   ARDOPC.obj
 0002:000073e0       _CheckCRC16FrameType       0044e3e0 f   ARDOPC.obj
 0002:00007480       _ClearDataToSend           0044e480 f   ARDOPC.obj
 0002:000074f0       _RemoveDataFromQueue       0044e4f0 f   ARDOPC.obj
 0002:00007660       _CheckTimers               0044e660 f   ARDOPC.obj
 0002:00007ae0       _MainPoll                  0044eae0 f   ARDOPC.obj
 0002:00007b60       _ExtractARQBandwidth       0044eb60 f   ARDOPC.obj
 0002:00007bc0       _BusyDetect                0044ebc0 f   ARDOPC.obj
 0002:00008170       _UpdateBusyDetector        0044f170 f   ARDOPC.obj
 0002:000084f0       _GenCRC8                   0044f4f0 f   ARQ.obj
 0002:00008650       _ComputeInterFrameInterval 0044f650 f   ARQ.obj
 0002:000086c0       _SetARDOPProtocolState     0044f6c0 f   ARQ.obj
 0002:00008830       _GetNextARQFrame           0044f830 f   ARQ.obj
 0002:00008c40       _GenerateSessionID         0044fc40 f   ARQ.obj
 0002:00008d20       _CalculateOptimumLeader    0044fd20 f   ARQ.obj
 0002:00008da0       _IsCallToMe                0044fda0 f   ARQ.obj
 0002:00008e90       _GetDataModes              0044fe90 f   ARQ.obj
 0002:00009040       _Gearshift_7               00450040 f   ARQ.obj
 0002:00009580       _Gearshift_5x              00450580 f   ARQ.obj
 0002:00009a00       _ComputeQualityAvg         00450a00 f   ARQ.obj
 0002:00009ae0       _SendData                  00450ae0 f   ARQ.obj
 0002:0000a190       _GetNextFrameData          00451190 f   ARQ.obj
 0002:0000a590       _InitializeConnection      00451590 f   ARQ.obj
 0002:0000a680       _ProcessUnconnectedConReqFrame 00451680 f   ARQ.obj
 0002:0000a7b0       _ProcessRcvdARQFrame       004517b0 f   ARQ.obj
 0002:0000c8f0       _IRSNegotiateBW            004538f0 f   ARQ.obj
 0002:0000cbf0       _SendARQConnectRequest     00453bf0 f   ARQ.obj
 0002:0000cda0       _Send10MinID               00453da0 f   ARQ.obj
 0002:0000ce70       _CheckForDisconnect        00453e70 f   ARQ.obj
 0002:0000cf90       _Break                     00453f90 f   ARQ.obj
 0002:0000d100       _ClearTuningStats          00454100 f   ARQ.obj
 0002:0000d2d0       _ClearQualityStats         004542d0 f   ARQ.obj
 0002:0000d3c0       _LogStats                  004543c0 f   ARQ.obj
 0002:0000d880       _Modified_Berlekamp_Massey 00454880 f   berlekamp.obj
 0002:0000dc80       _mult_polys                00454c80 f   berlekamp.obj
 0002:0000e000       _compute_next_omega        00455000 f   berlekamp.obj
 0002:0000e140       _add_polys                 00455140 f   berlekamp.obj
 0002:0000e1c0       _copy_poly                 004551c0 f   berlekamp.obj
 0002:0000e230       _scale_poly                00455230 f   berlekamp.obj
 0002:0000e2c0       _zero_poly                 004552c0 f   berlekamp.obj
 0002:0000e3b0       _Find_Roots                004553b0 f   berlekamp.obj
 0002:0000e500       _correct_errors_erasures   00455500 f   berlekamp.obj
 0002:0000e850       _WriteDebug                00455850 f   FEC.obj
 0002:0000e8a0       _StartFEC                  004558a0 f   FEC.obj
 0002:0000eb40       _GetNextFECFrame           00455b40 f   FEC.obj
 0002:0000f2b0       _ProcessRcvdFECDataFrame   004562b0 f   FEC.obj
 0002:0000f580       _ipow                      00456580 f   FFT.obj
 0002:0000f600       _NumberOfBitsNeeded        00456600 f   FFT.obj
 0002:0000f680       _ReverseBits               00456680 f   FFT.obj
 0002:0000f700       _FourierTransform          00456700 f   FFT.obj
 0002:0000fab0       _init_galois_tables        00456ab0 f   galois.obj
 0002:0000fcf0       _gmult                     00456cf0 f   galois.obj
 0002:0000fd70       _ginv                      00456d70 f   galois.obj
 0002:0000fdc0       _AddDataToDataToSend       00456dc0 f   HostInterface.obj
 0002:00010070       _ProcessCommandFromHost    00457070 f   HostInterface.obj
 0002:00011f60       _GetTwoToneLeaderWithSync  00458f60 f   Modulate.obj
 0002:00012060       _SendLeaderAndSYNC         00459060 f   Modulate.obj
 0002:00012210       _Mod4FSKDataAndPlay        00459210 f   Modulate.obj
 0002:00012c00       _Mod8FSKDataAndPlay        00459c00 f   Modulate.obj
 0002:00013080       _Mod16FSKDataAndPlay       0045a080 f   Modulate.obj
 0002:000134a0       _Mod4FSK600BdDataAndPlay   0045a4a0 f   Modulate.obj
 0002:00013870       _GetSym8PSK                0045a870 f   Modulate.obj
 0002:00013930       _ModPSKDataAndPlay         0045a930 f   Modulate.obj
 0002:00014970       _AddTrailer                0045b970 f   Modulate.obj
 0002:00014a30       _RemodulateLastFrame       0045ba30 f   Modulate.obj
 0002:00014d60       _initFilter                0045bd60 f   Modulate.obj
 0002:000150a0       _SampleSink                0045c0a0 f   Modulate.obj
 0002:000156e0       _Flush                     0045c6e0 f   Modulate.obj
 0002:00015820       _initialize_ecc            0045c820 f   rs.obj
 0002:00015880       _zero_fill_from            0045c880 f   rs.obj
 0002:000158e0       _print_parity              0045c8e0 f   rs.obj
 0002:00015990       _print_syndrome            0045c990 f   rs.obj
 0002:00015a40       _decode_data               0045ca40 f   rs.obj
 0002:00015b10       _check_syndrome            0045cb10 f   rs.obj
 0002:00015b90       _debug_check_syndrome      0045cb90 f   rs.obj
 0002:00015d90       _encode_data               0045cd90 f   rs.obj
 0002:00015f30       _QueueCommandToHost        0045cf30 f   SCSHostInterface.obj
 0002:000160b0       _SendCommandToHost         0045d0b0 f   SCSHostInterface.obj
 0002:00016140       _AddTagToDataAndSendToHost 0045d140 f   SCSHostInterface.obj
 0002:00016210       _CheckStatusChange         0045d210 f   SCSHostInterface.obj
 0002:00016360       _CheckForData              0045d360 f   SCSHostInterface.obj
 0002:00016560       _compute_crc               0045d560 f   SCSHostInterface.obj
 0002:00016600       _EmUnstuff                 0045d600 f   SCSHostInterface.obj
 0002:000166c0       _ProcessSCSHostFrame       0045d6c0 f   SCSHostInterface.obj
 0002:00016de0       _ProcessSCSTextCommand     0045dde0 f   SCSHostInterface.obj
 0002:00017400       _ProcessSCSPacket          0045e400 f   SCSHostInterface.obj
 0002:000178a0       _EmCRCStuffAndSend         0045e8a0 f   SCSHostInterface.obj
 0002:00017ac0       _IsValidFrameType          0045eac0 f   SoundInput.obj
 0002:00017b00       _IsShortControlFrame       0045eb00 f   SoundInput.obj
 0002:00017bb0       _IsDataFrame               0045ebb0 f   SoundInput.obj
 0002:00017c60       _ResetSNPwrs               0045ec60 f   SoundInput.obj
 0002:00017cb0       _ClearAllMixedSamples      0045ecb0 f   SoundInput.obj
 0002:00017d00       _InitializeMixedSamples    0045ed00 f   SoundInput.obj
 0002:00017db0       _DiscardOldSamples         0045edb0 f   SoundInput.obj
 0002:00017de0       _FSMixFilter2000Hz         0045ede0 f   SoundInput.obj
 0002:000181d0       _Filter150Hz               0045f1d0 f   SoundInput.obj
 0002:000186a0       _Filter75Hz                0045f6a0 f   SoundInput.obj
 0002:00018ad0       _MixNCOFilter              0045fad0 f   SoundInput.obj
 0002:00018cd0       _CorrectRawDataWithRS      0045fcd0 f   SoundInput.obj
 0002:00018f40       _ProcessNewSamples         0045ff40 f   SoundInput.obj
 0002:00019ac0       _GoertzelRealImag          00460ac0 f   SoundInput.obj
 0002:00019c60       _GoertzelRealImagHanning   00460c60 f   SoundInput.obj
 0002:00019ec0       _QuinnSpectralPeakLocator  00460ec0 f   SoundInput.obj
 0002:0001a000       _SearchFor2ToneLeader      00461000 f   SoundInput.obj
 0002:0001bb10       _Acquire2ToneLeaderSymbolFraming 00462b10 f   SoundInput.obj
 0002:0001bdc0       _EnvelopeCorrelator        00462dc0 f   SoundInput.obj
 0002:0001c080       _AcquireFrameSyncRSB       00463080 f   SoundInput.obj
 0002:0001c480       _DemodFrameType4FSK        00463480 f   SoundInput.obj
 0002:0001c8c0       _ComputeDecodeDistance     004638c0 f   SoundInput.obj
 0002:0001ca30       _MinimalDistanceFrameType  00463a30 f   SoundInput.obj
 0002:0001d6c0       _Acquire4FSKFrameType      004646c0 f   SoundInput.obj
 0002:0001d8b0       _Demod1Car4FSK             004648b0 f   SoundInput.obj
 0002:0001dba0       _Demod1Car4FSKChar         00464ba0 f   SoundInput.obj
 0002:0001e1f0       _Demod1Car4FSK600          004651f0 f   SoundInput.obj
 0002:0001e3f0       _Demod1Car4FSK600Char      004653f0 f   SoundInput.obj
 0002:0001e710       _Demod1Car8FSK             00465710 f   SoundInput.obj
 0002:0001e910       _Demod1Car8FSKChar         00465910 f   SoundInput.obj
 0002:0001ecc0       _Demod1Car16FSK            00465cc0 f   SoundInput.obj
 0002:0001eec0       _Demod1Car16FSKChar        00465ec0 f   SoundInput.obj
 0002:0001f1e0       _Decode4FSKConReq          004661e0 f   SoundInput.obj
 0002:0001f450       _Decode4FSKConACK          00466450 f   SoundInput.obj
 0002:0001f5a0       _Decode4FSKID              004665a0 f   SoundInput.obj
 0002:0001f760       _DemodulateFrame           00466760 f   SoundInput.obj
 0002:0001f980       _DecodeACKNAK              00466980 f   SoundInput.obj
 0002:0001f9d0       _DecodeFrame               004669d0 f   SoundInput.obj
 0002:00020480       _Update4FSKConstellation   00467480 f   SoundInput.obj
 0002:00020a70       _Update16FSKConstellation  00467a70 f   SoundInput.obj
 0002:00020d00       _Update8FSKConstellation   00467d00 f   SoundInput.obj
 0002:00020d30       _UpdatePhaseConstellation  00467d30 f   SoundInput.obj
 0002:000212e0       _Track1Car4FSK             004682e0 f   SoundInput.obj
 0002:00021660       _Decode1CarPSKChar         00468660 f   SoundInput.obj
 0002:00021c10       _Track1CarPSK              00468c10 f   SoundInput.obj
 0002:00021e90       _ComputeAng1_Ang2          00468e90 f   SoundInput.obj
 0002:00021f10       _CorrectPhaseForTuningOffset 00468f10 f   SoundInput.obj
 0002:00022480       _Decode1CarQAMChar         00469480 f   SoundInput.obj
 0002:00022890       _InitDemodPSK              00469890 f   SoundInput.obj
 0002:00022be0       _DemodPSK                  00469be0 f   SoundInput.obj
 0002:00023260       _Demod1CarPSKChar          0046a260 f   SoundInput.obj
 0002:00023740       _InitDemodQAM              0046a740 f   SoundInput.obj
 0002:00023a80       _DemodQAM                  0046aa80 f   SoundInput.obj
 0002:00023d80       _Demod1CarQAMChar          0046ad80 f   SoundInput.obj
 0002:000241b0       _Decode1Car4FSKFromTones   0046b1b0 f   SoundInput.obj
 0002:000241f0       _main                      0046b1f0 f   Waveout.obj
 0002:00024420       _getTicks                  0046b420 f   Waveout.obj
 0002:00024480       _printtick                 0046b480 f   Waveout.obj
 0002:00024510       _txSleep                   0046b510 f   Waveout.obj
 0002:00024570       _SendtoCard                0046b570 f   Waveout.obj
 0002:000246e0       _GetSoundDevices           0046b6e0 f   Waveout.obj
 0002:00024990       _InitSound                 0046b990 f   Waveout.obj
 0002:00024c10       _PollReceivedSamples       0046bc10 f   Waveout.obj
 0002:00024e60       _StopCapture               0046be60 f   Waveout.obj
 0002:00024ea0       _StartCapture              0046bea0 f   Waveout.obj
 0002:00024f10       _CloseSound                0046bf10 f   Waveout.obj
 0002:00024f90       _WriteLog                  0046bf90 f   Waveout.obj
 0002:00025200       _Debugprintf               0046c200 f   Waveout.obj
 0002:00025310       _Statsprintf               0046c310 f   Waveout.obj
 0002:00025420       _WriteSamples              0046c420 f   Waveout.obj
 0002:00025480       _SoundInit                 0046c480 f   Waveout.obj
 0002:000254d0       _SoundFlush                0046c4d0 f   Waveout.obj
 0002:00025630       _StartCodec                0046c630 f   Waveout.obj
 0002:00025690       _StopCodec                 0046c690 f   Waveout.obj
 0002:000256e0       _RadioPTT                  0046c6e0 f   Waveout.obj
 0002:00025710       _KeyPTT                    0046c710 f   Waveout.obj
 0002:000257f0       _PlatformSleep             0046c7f0 f   Waveout.obj
 0002:00025850       _displayState              0046c850 f   Waveout.obj
 0002:00025880       _displayCall               0046c880 f   Waveout.obj
 0002:000258b0       _BPQOpenSerialPort         0046c8b0 f   WinSerial.obj
 0002:00025a30       _SerialSendData            0046ca30 f   WinSerial.obj
 0002:00025bf0       _BPQSerialGetData          0046cbf0 f   WinSerial.obj
 0002:00025e30       _PutString                 0046ce30 f   WinSerial.obj
 0002:00025e90       _PutChar                   0046ce90 f   WinSerial.obj
 0002:00025ef0       _HostInit                  0046cef0 f   WinSerial.obj
 0002:00026000       _HostPoll                  0046d000 f   WinSerial.obj
 0002:000260f2       _QueryPerformanceCounter@4 0046d0f2 f   kernel32:KERNEL32.dll
 0002:000260f8       _QueryPerformanceFrequency@4 0046d0f8 f   kernel32:KERNEL32.dll
 0002:000260fe       _Sleep@4                   0046d0fe f   kernel32:KERNEL32.dll
 0002:00026104       _GetFileType@4             0046d104 f   kernel32:KERNEL32.dll
 0002:0002610a       _GetLastError@0            0046d10a f   kernel32:KERNEL32.dll
 0002:00026110       _CreateFileA@28            0046d110 f   kernel32:KERNEL32.dll
 0002:00026116       _WriteFile@20              0046d116 f   kernel32:KERNEL32.dll
 0002:0002611c       _ReadFile@20               0046d11c f   kernel32:KERNEL32.dll
 0002:00026122       _CloseHandle@4             0046d122 f   kernel32:KERNEL32.dll
 0002:00026128       _PeekNamedPipe@24          0046d128 f   kernel32:KERNEL32.dll
 0002:0002612e       _timeGetTime@0             0046d12e f   winmm:WINMM.dll
 0002:00026134       _timeBeginPeriod@4         0046d134 f   winmm:WINMM.dll
 0002:0002613a       _timeGetDevCaps@8          0046d13a f   winmm:WINMM.dll
 0002:00026140       _waveOutUnprepareHeader@12 0046d140 f   winmm:WINMM.dll
 0002:00026146       _waveOutWrite@12           0046d146 f   winmm:WINMM.dll
 0002:0002614c       _waveOutPrepareHeader@12   0046d14c f   winmm:WINMM.dll
 0002:00026152       _waveOutClose@4            0046d152 f   winmm:WINMM.dll
 0002:00026158       _waveOutGetDevCapsA@12     0046d158 f   winmm:WINMM.dll
 0002:0002615e       _waveOutOpen@24            0046d15e f   winmm:WINMM.dll
 0002:00026164       _waveOutGetNumDevs@0       0046d164 f   winmm:WINMM.dll
 0002:0002616a       _waveInClose@4             0046d16a f   winmm:WINMM.dll
 0002:00026170       _waveInGetDevCapsA@12      0046d170 f   winmm:WINMM.dll
 0002:00026176       _waveInOpen@24             0046d176 f   winmm:WINMM.dll
 0002:0002617c       _waveInGetNumDevs@0        0046d17c f   winmm:WINMM.dll
 0002:00026182       _waveInStart@4             0046d182 f   winmm:WINMM.dll
 0002:00026188       _waveInAddBuffer@12        0046d188 f   winmm:WINMM.dll
 0002:0002618e       _waveInPrepareHeader@12    0046d18e f   winmm:WINMM.dll
 0002:00026194       _waveInUnprepareHeader@12  0046d194 f   winmm:WINMM.dll
 0002:000261b0       _strchr                    0046d1b0 f   LIBCMTD:strchr.obj
 0002:000261b6       ___from_strstr_to_strchr   0046d1b6     LIBCMTD:strchr.obj
 0002:000262b0       __RTC_CheckEsp             0046d2b0 f   LIBCMTD:stack.obj
 0002:000262e0       @_RTC_CheckStackVars@8     0046d2e0 f   LIBCMTD:stack.obj
 0002:00026360       @_RTC_AllocaHelper@12      0046d360 f   LIBCMTD:stack.obj
 0002:000263a0       @_RTC_CheckStackVars2@12   0046d3a0 f   LIBCMTD:stack.obj
 0002:000264b0       __RTC_InitBase             0046d4b0 f   LIBCMTD:init.obj
 0002:000264f0       __RTC_Shutdown             0046d4f0 f   LIBCMTD:init.obj
 0002:00026510       _floor                     0046d510 f   LIBCMTD:floor_pentium4.obj
 0002:00026550       __floor_pentium4           0046d550 f   LIBCMTD:floor_pentium4.obj
 0002:00026680       __fpmath                   0046d680 f   LIBCMTD:fpinit.obj
 0002:000266b0       __fpclear                  0046d6b0 f   LIBCMTD:fpinit.obj
 0002:000266c0       __cfltcvt_init             0046d6c0 f   LIBCMTD:fpinit.obj
 0002:00026750       ___setfflag                0046d750 f   LIBCMTD:fpinit.obj
 0002:00026780       __isalpha_l                0046d780 f i LIBCMTD:_ctype.obj
 0002:00026830       ??0_LocaleUpdate@@QAE@PAUlocaleinfo_struct@@@Z 0046d830 f i LIBCMTD:_ctype.obj
 0002:00026940       ??1_LocaleUpdate@@QAE@XZ   0046d940 f i LIBCMTD:_ctype.obj
 0002:00026980       ?GetLocaleT@_LocaleUpdate@@QAEPAUlocaleinfo_struct@@XZ 0046d980 f i LIBCMTD:_ctype.obj
 0002:000269a0       _isalpha                   0046d9a0 f i LIBCMTD:_ctype.obj
 0002:000269e0       __isupper_l                0046d9e0 f i LIBCMTD:_ctype.obj
 0002:00026a80       _isupper                   0046da80 f i LIBCMTD:_ctype.obj
 0002:00026ac0       __islower_l                0046dac0 f i LIBCMTD:_ctype.obj
 0002:00026b60       _islower                   0046db60 f i LIBCMTD:_ctype.obj
 0002:00026ba0       __isdigit_l                0046dba0 f i LIBCMTD:_ctype.obj
 0002:00026c40       _isdigit                   0046dc40 f i LIBCMTD:_ctype.obj
 0002:00026c80       __isxdigit_l               0046dc80 f i LIBCMTD:_ctype.obj
 0002:00026d30       _isxdigit                  0046dd30 f i LIBCMTD:_ctype.obj
 0002:00026d70       __isspace_l                0046dd70 f i LIBCMTD:_ctype.obj
 0002:00026e10       _isspace                   0046de10 f i LIBCMTD:_ctype.obj
 0002:00026e50       __ispunct_l                0046de50 f i LIBCMTD:_ctype.obj
 0002:00026ef0       _ispunct                   0046def0 f i LIBCMTD:_ctype.obj
 0002:00026f30       __isalnum_l                0046df30 f i LIBCMTD:_ctype.obj
 0002:00026fe0       _isalnum                   0046dfe0 f i LIBCMTD:_ctype.obj
 0002:00027020       __isprint_l                0046e020 f i LIBCMTD:_ctype.obj
 0002:000270d0       _isprint                   0046e0d0 f i LIBCMTD:_ctype.obj
 0002:00027110       __isgraph_l                0046e110 f i LIBCMTD:_ctype.obj
 0002:000271c0       _isgraph                   0046e1c0 f i LIBCMTD:_ctype.obj
 0002:00027200       __iscntrl_l                0046e200 f i LIBCMTD:_ctype.obj
 0002:000272a0       _iscntrl                   0046e2a0 f i LIBCMTD:_ctype.obj
 0002:000272e0       ___isascii                 0046e2e0 f i LIBCMTD:_ctype.obj
 0002:00027300       ___toascii                 0046e300 f i LIBCMTD:_ctype.obj
 0002:00027310       __iscsymf_l                0046e310 f i LIBCMTD:_ctype.obj
 0002:00027360       ___iscsymf                 0046e360 f i LIBCMTD:_ctype.obj
 0002:000273a0       __iscsym_l                 0046e3a0 f i LIBCMTD:_ctype.obj
 0002:000273f0       ___iscsym                  0046e3f0 f i LIBCMTD:_ctype.obj
 0002:00027440       _atol                      0046e440 f   LIBCMTD:atox.obj
 0002:00027460       __atol_l                   0046e460 f   LIBCMTD:atox.obj
 0002:00027480       _atoi                      0046e480 f   LIBCMTD:atox.obj
 0002:000274a0       __atoi_l                   0046e4a0 f   LIBCMTD:atox.obj
 0002:000274c0       __atoi64                   0046e4c0 f   LIBCMTD:atox.obj
 0002:000274e0       __atoi64_l                 0046e4e0 f   LIBCMTD:atox.obj
 0002:00027500       _strlen                    0046e500 f   LIBCMTD:strlen.obj
 0002:000275b0       _srand                     0046e5b0 f   LIBCMTD:rand.obj
 0002:000275d0       _rand                      0046e5d0 f   LIBCMTD:rand.obj
 0002:00027620       @__security_check_cookie@4 0046e620 f   LIBCMTD:secchk.obj
 0002:00027640       _strcpy                    0046e640 f   LIBCMTD:strcat.obj
 0002:00027650       _strcat                    0046e650 f   LIBCMTD:strcat.obj
 0002:00027780       _memcpy                    0046e780 f   LIBCMTD:memcpy.obj
 0002:00027bc0       _memset                    0046ebc0 f   LIBCMTD:memset.obj
 0002:00027c60       _strcmp                    0046ec60 f   LIBCMTD:strcmp.obj
 0002:00027d10       _sprintf                   0046ed10 f   LIBCMTD:sprintf.obj
 0002:00027ef0       __sprintf_l                0046eef0 f   LIBCMTD:sprintf.obj
 0002:00027f20       _sprintf_s                 0046ef20 f   LIBCMTD:sprintf.obj
 0002:00027f60       __sprintf_s_l              0046ef60 f   LIBCMTD:sprintf.obj
 0002:00027fa0       __snprintf_s               0046efa0 f   LIBCMTD:sprintf.obj
 0002:00027fe0       __snprintf_s_l             0046efe0 f   LIBCMTD:sprintf.obj
 0002:00028020       __sprintf_p                0046f020 f   LIBCMTD:sprintf.obj
 0002:00028060       __sprintf_p_l              0046f060 f   LIBCMTD:sprintf.obj
 0002:000280a0       __scprintf                 0046f0a0 f   LIBCMTD:sprintf.obj
 0002:000280d0       __scprintf_p               0046f0d0 f   LIBCMTD:sprintf.obj
 0002:00028100       __scprintf_l               0046f100 f   LIBCMTD:sprintf.obj
 0002:00028130       __scprintf_p_l             0046f130 f   LIBCMTD:sprintf.obj
 0002:00028160       __alloca_probe             0046f160     LIBCMTD:chkstk.obj
 0002:00028160       __chkstk                   0046f160 f   LIBCMTD:chkstk.obj
 0002:000281a0       __aullshr                  0046f1a0 f   LIBCMTD:ullshr.obj
 0002:000281d0       __allmul                   0046f1d0 f   LIBCMTD:llmul.obj
 0002:00028220       __allshl                   0046f220 f   LIBCMTD:llshl.obj
 0002:00028250       _memmove                   0046f250 f   LIBCMTD:memmove.obj
 0002:00028690       _pow                       0046f690 f   LIBCMTD:pow.obj
 0002:000286d0       __CIpow                    0046f6d0 f   LIBCMTD:pow.obj
 0002:0002870b       __CIpow_default            0046f70b f   LIBCMTD:pow.obj
 0002:00028724       __pow_default              0046f724     LIBCMTD:pow.obj
 0002:000289c0       _DebuggerKnownHandle       0046f9c0 f   LIBCMTD:error.obj
 0002:00028a90       ?_RTC_Failure@@YAXPAXH@Z   0046fa90 f   LIBCMTD:error.obj
 0002:00028e90       ?_RTC_StackFailure@@YAXPAXPBD@Z 0046fe90 f   LIBCMTD:error.obj
 0002:00029000       ?_RTC_AllocaFailure@@YAXPAXPAU_RTC_ALLOCA_NODE@@H@Z 00470000 f   LIBCMTD:error.obj
 0002:00029210       __RTC_UninitUse            00470210 f   LIBCMTD:error.obj
 0002:00029360       __ftol2_sse                00470360 f   LIBCMTD:ftol2.obj
 0002:00029369       __ftol2_pentium4           00470369 f   LIBCMTD:ftol2.obj
 0002:0002937c       __ftol2_sse_excpt          0047037c f   LIBCMTD:ftol2.obj
 0002:00029396       __ftol2                    00470396 f   LIBCMTD:ftol2.obj
 0002:00029440       _strstr                    00470440 f   LIBCMTD:strstr.obj
 0002:000294f0       _fprintf                   004704f0 f   LIBCMTD:fprintf.obj
 0002:00029890       __fprintf_l                00470890 f   LIBCMTD:fprintf.obj
 0002:000298c0       __fprintf_s_l              004708c0 f   LIBCMTD:fprintf.obj
 0002:000298f0       _fprintf_s                 004708f0 f   LIBCMTD:fprintf.obj
 0002:00029920       __fprintf_p_l              00470920 f   LIBCMTD:fprintf.obj
 0002:00029950       __fprintf_p                00470950 f   LIBCMTD:fprintf.obj
 0002:00029980       ___iob_func                00470980 f   LIBCMTD:_file.obj
 0002:00029990       ___initstdio               00470990 f   LIBCMTD:_file.obj
 0002:00029b30       ___endstdio                00470b30 f   LIBCMTD:_file.obj
 0002:00029b70       __lock_file                00470b70 f   LIBCMTD:_file.obj
 0002:00029be0       __lock_file2               00470be0 f   LIBCMTD:_file.obj
 0002:00029c30       __unlock_file              00470c30 f   LIBCMTD:_file.obj
 0002:00029ca0       __unlock_file2             00470ca0 f   LIBCMTD:_file.obj
 0002:00029cf0       _sin                       00470cf0 f   LIBCMTD:sin.obj
 0002:00029d30       __CIsin                    00470d30 f   LIBCMTD:sin.obj
 0002:00029d6b       __CIsin_default            00470d6b f   LIBCMTD:sin.obj
 0002:00029d7f       __sin_default              00470d7f     LIBCMTD:sin.obj
 0002:00029e70       _strtok_s                  00470e70 f   LIBCMTD:strtok_s.obj
 0002:0002a190       __strupr_l                 00471190 f   LIBCMTD:strupr.obj
 0002:0002a1b0       __strupr                   004711b0 f   LIBCMTD:strupr.obj
 0002:0002a2c0       __strupr_s_l               004712c0 f   LIBCMTD:strupr.obj
 0002:0002a840       __MarkAllocaS              00471840 f i LIBCMTD:strupr.obj
 0002:0002a870       __freea                    00471870 f i LIBCMTD:strupr.obj
 0002:0002a8c0       __strupr_s                 004718c0 f   LIBCMTD:strupr.obj
 0002:0002a8e0       _cos                       004718e0 f   LIBCMTD:cos.obj
 0002:0002a920       __CIcos                    00471920 f   LIBCMTD:cos.obj
 0002:0002a95b       __CIcos_default            0047195b f   LIBCMTD:cos.obj
 0002:0002a96f       __cos_default              0047196f     LIBCMTD:cos.obj
 0002:0002aa60       _memcmp                    00471a60 f   LIBCMTD:memcmp.obj
 0002:0002b760       __memicmp_l                00472760 f   LIBCMTD:memicmp.obj
 0002:0002b9e0       __memicmp                  004729e0 f   LIBCMTD:memicmp.obj
 0002:0002bb70       _ceil                      00472b70 f   LIBCMTD:ceil_pentium4.obj
 0002:0002bbb0       __ceil_pentium4            00472bb0 f   LIBCMTD:ceil_pentium4.obj
 0002:0002bce0       _fabs                      00472ce0 f   LIBCMTD:fabs.obj
 0002:0002be20       _log10                     00472e20 f   LIBCMTD:log10.obj
 0002:0002be60       __CIlog10                  00472e60 f   LIBCMTD:log10.obj
 0002:0002be9b       __CIlog10_default          00472e9b f   LIBCMTD:log10.obj
 0002:0002beaf       __log10_default            00472eaf     LIBCMTD:log10.obj
 0002:0002bfd0       __CIsqrt                   00472fd0 f   LIBCMTD:sqrt.obj
 0002:0002bfe4       _sqrt                      00472fe4     LIBCMTD:sqrt.obj
 0002:0002c0c0       _atan2                     004730c0 f   LIBCMTD:87ctriga.obj
 0002:0002c0ca       __CIatan2                  004730ca f   LIBCMTD:87ctriga.obj
 0002:0002c0e0       __alldiv                   004730e0 f   LIBCMTD:lldiv.obj
 0002:0002c1c0       _malloc                    004731c0 f   LIBCMTD:dbgheap.obj
 0002:0002c1f0       __malloc_dbg               004731f0 f   LIBCMTD:dbgheap.obj
 0002:0002c230       __nh_malloc                00473230 f   LIBCMTD:dbgheap.obj
 0002:0002c260       __nh_malloc_dbg            00473260 f   LIBCMTD:dbgheap.obj
 0002:0002c2e0       __heap_alloc               004732e0 f   LIBCMTD:dbgheap.obj
 0002:0002c300       __heap_alloc_dbg           00473300 f   LIBCMTD:dbgheap.obj
 0002:0002c780       _calloc                    00473780 f   LIBCMTD:dbgheap.obj
 0002:0002c7b0       __calloc_dbg               004737b0 f   LIBCMTD:dbgheap.obj
 0002:0002c8a0       _realloc                   004738a0 f   LIBCMTD:dbgheap.obj
 0002:0002c8d0       __recalloc                 004738d0 f   LIBCMTD:dbgheap.obj
 0002:0002c910       __realloc_dbg              00473910 f   LIBCMTD:dbgheap.obj
 0002:0002d0d0       __recalloc_dbg             004740d0 f   LIBCMTD:dbgheap.obj
 0002:0002d210       __expand                   00474210 f   LIBCMTD:dbgheap.obj
 0002:0002d240       __expand_dbg               00474240 f   LIBCMTD:dbgheap.obj
 0002:0002d390       _free                      00474390 f   LIBCMTD:dbgheap.obj
 0002:0002d3b0       __free_nolock              004743b0 f   LIBCMTD:dbgheap.obj
 0002:0002d3d0       __free_dbg                 004743d0 f   LIBCMTD:dbgheap.obj
 0002:0002d470       __free_dbg_nolock          00474470 f   LIBCMTD:dbgheap.obj
 0002:0002da80       __msize                    00474a80 f   LIBCMTD:dbgheap.obj
 0002:0002daa0       __msize_dbg                00474aa0 f   LIBCMTD:dbgheap.obj
 0002:0002dd00       __CrtSetBreakAlloc         00474d00 f   LIBCMTD:dbgheap.obj
 0002:0002dd30       __CrtSetDbgBlockType       00474d30 f   LIBCMTD:dbgheap.obj
 0002:0002de50       __CrtSetAllocHook          00474e50 f   LIBCMTD:dbgheap.obj
 0002:0002de80       __CrtGetAllocHook          00474e80 f   LIBCMTD:dbgheap.obj
 0002:0002def0       __CrtCheckMemory           00474ef0 f   LIBCMTD:dbgheap.obj
 0002:0002e460       __CrtSetDbgFlag            00475460 f   LIBCMTD:dbgheap.obj
 0002:0002e600       __CrtDoForAllClientObjects 00475600 f   LIBCMTD:dbgheap.obj
 0002:0002e760       __CrtIsValidPointer        00475760 f   LIBCMTD:dbgheap.obj
 0002:0002e780       __CrtIsValidHeapPointer    00475780 f   LIBCMTD:dbgheap.obj
 0002:0002e8a0       __invoke_watson_if_error   004758a0 f i LIBCMTD:dbgheap.obj
 0002:0002e8e0       __CrtIsMemoryBlock         004758e0 f   LIBCMTD:dbgheap.obj
 0002:0002eab0       __CrtReportBlockType       00475ab0 f   LIBCMTD:dbgheap.obj
 0002:0002eaf0       __CrtSetDumpClient         00475af0 f   LIBCMTD:dbgheap.obj
 0002:0002eb20       __CrtGetDumpClient         00475b20 f   LIBCMTD:dbgheap.obj
 0002:0002eb30       __CrtMemCheckpoint         00475b30 f   LIBCMTD:dbgheap.obj
 0002:0002edd0       __CrtMemDifference         00475dd0 f   LIBCMTD:dbgheap.obj
 0002:0002f070       __CrtMemDumpAllObjectsSince 00476070 f   LIBCMTD:dbgheap.obj
 0002:0002f6a0       __invoke_watson_if_oneof   004766a0 f i LIBCMTD:dbgheap.obj
 0002:0002f6f0       __CrtDumpMemoryLeaks       004766f0 f   LIBCMTD:dbgheap.obj
 0002:0002f770       __CrtMemDumpStatistics     00476770 f   LIBCMTD:dbgheap.obj
 0002:0002f8c0       __aligned_malloc           004768c0 f   LIBCMTD:dbgheap.obj
 0002:0002f8f0       __aligned_malloc_dbg       004768f0 f   LIBCMTD:dbgheap.obj
 0002:0002f920       __aligned_realloc          00476920 f   LIBCMTD:dbgheap.obj
 0002:0002f950       __aligned_recalloc         00476950 f   LIBCMTD:dbgheap.obj
 0002:0002f980       __aligned_realloc_dbg      00476980 f   LIBCMTD:dbgheap.obj
 0002:0002f9b0       __aligned_recalloc_dbg     004769b0 f   LIBCMTD:dbgheap.obj
 0002:0002f9e0       __aligned_offset_malloc    004769e0 f   LIBCMTD:dbgheap.obj
 0002:0002fa10       __aligned_offset_malloc_dbg 00476a10 f   LIBCMTD:dbgheap.obj
 0002:0002fc10       __aligned_offset_realloc   00476c10 f   LIBCMTD:dbgheap.obj
 0002:0002fc40       __aligned_offset_recalloc  00476c40 f   LIBCMTD:dbgheap.obj
 0002:0002fc70       __aligned_offset_realloc_dbg 00476c70 f   LIBCMTD:dbgheap.obj
 0002:0002fff0       __aligned_offset_recalloc_dbg 00476ff0 f   LIBCMTD:dbgheap.obj
 0002:00030140       __aligned_free             00477140 f   LIBCMTD:dbgheap.obj
 0002:00030160       __aligned_free_dbg         00477160 f   LIBCMTD:dbgheap.obj
 0002:00030230       __CrtSetDebugFillThreshold 00477230 f   LIBCMTD:dbgheap.obj
 0002:00030260       __CrtSetCheckCount         00477260 f   LIBCMTD:dbgheap.obj
 0002:00030280       __CrtGetCheckCount         00477280 f   LIBCMTD:dbgheap.obj
 0002:00030290       __aligned_msize            00477290 f   LIBCMTD:dbgheap.obj
 0002:000302b0       __aligned_msize_dbg        004772b0 f   LIBCMTD:dbgheap.obj
 0002:00030400       _fclose                    00477400 f   LIBCMTD:fclose.obj
 0002:00030550       __fclose_nolock            00477550 f   LIBCMTD:fclose.obj
 0002:00030690       _fputs                     00477690 f   LIBCMTD:fputs.obj
 0002:00030a30       __Getdays_l                00477a30 f   LIBCMTD:strftime.obj
 0002:00030c60       __Getdays                  00477c60 f   LIBCMTD:strftime.obj
 0002:00030c80       __Getmonths_l              00477c80 f   LIBCMTD:strftime.obj
 0002:00030eb0       __Getmonths                00477eb0 f   LIBCMTD:strftime.obj
 0002:00030ed0       __Gettnames_l              00477ed0 f   LIBCMTD:strftime.obj
 0002:00031590       __Gettnames                00478590 f   LIBCMTD:strftime.obj
 0002:000315b0       __strftime_l               004785b0 f   LIBCMTD:strftime.obj
 0002:000315e0       _strftime                  004785e0 f   LIBCMTD:strftime.obj
 0002:00031610       __Strftime                 00478610 f   LIBCMTD:strftime.obj
 0002:00031640       __Strftime_l               00478640 f   LIBCMTD:strftime.obj
 0002:00033b80       __fsopen                   0047ab80 f   LIBCMTD:fopen.obj
 0002:00033e10       _fopen                     0047ae10 f   LIBCMTD:fopen.obj
 0002:00033e30       _fopen_s                   0047ae30 f   LIBCMTD:fopen.obj
 0002:00033f00       __gmtime32_s               0047af00 f   LIBCMTD:gmtime.obj
 0002:00034260       ___getgmtimebuf            0047b260 f   LIBCMTD:gmtime.obj
 0002:000342f0       __gmtime32                 0047b2f0 f   LIBCMTD:gmtime.obj
 0002:00034340       __time32                   0047b340 f   LIBCMTD:time.obj
 0002:000343a0       _printf                    0047b3a0 f   LIBCMTD:printf.obj
 0002:00034520       __printf_l                 0047b520 f   LIBCMTD:printf.obj
 0002:00034550       __printf_s_l               0047b550 f   LIBCMTD:printf.obj
 0002:00034580       _printf_s                  0047b580 f   LIBCMTD:printf.obj
 0002:000345b0       __printf_p_l               0047b5b0 f   LIBCMTD:printf.obj
 0002:000345e0       __printf_p                 0047b5e0 f   LIBCMTD:printf.obj
 0002:00034610       __set_printf_count_output  0047b610 f   LIBCMTD:printf.obj
 0002:00034670       __get_printf_count_output  0047b670 f   LIBCMTD:printf.obj
 0002:00034690       __vsprintf_l               0047b690 f   LIBCMTD:vsprintf.obj
 0002:00034860       _vsprintf                  0047b860 f   LIBCMTD:vsprintf.obj
 0002:00034890       __vscprintf_helper         0047b890 f   LIBCMTD:vsprintf.obj
 0002:00034980       __vscprintf                0047b980 f   LIBCMTD:vsprintf.obj
 0002:000349b0       __vscprintf_l              0047b9b0 f   LIBCMTD:vsprintf.obj
 0002:000349e0       __vscprintf_p              0047b9e0 f   LIBCMTD:vsprintf.obj
 0002:00034a10       __vscprintf_p_l            0047ba10 f   LIBCMTD:vsprintf.obj
 0002:00034a40       _fwrite                    0047ba40 f   LIBCMTD:fwrite.obj
 0002:00034b90       __fwrite_nolock            0047bb90 f   LIBCMTD:fwrite.obj
 0002:00035050       _mainCRTStartup            0047c050 f   LIBCMTD:crt0.obj
 0002:000353d0       __set_osplatform           0047c3d0 f i LIBCMTD:crt0.obj
 0002:000353e0       __set_osver                0047c3e0 f i LIBCMTD:crt0.obj
 0002:000353f0       __set_winver               0047c3f0 f i LIBCMTD:crt0.obj
 0002:00035400       __set_winmajor             0047c400 f i LIBCMTD:crt0.obj
 0002:00035410       __set_winminor             0047c410 f i LIBCMTD:crt0.obj
 0002:000354f0       __RTC_NumErrors            0047c4f0 f   LIBCMTD:userapi.obj
 0002:00035500       __RTC_GetErrDesc           0047c500 f   LIBCMTD:userapi.obj
 0002:00035520       __RTC_SetErrorType         0047c520 f   LIBCMTD:userapi.obj
 0002:00035550       __RTC_SetErrorFunc         0047c550 f   LIBCMTD:userapi.obj
 0002:00035580       __RTC_SetErrorFuncW        0047c580 f   LIBCMTD:userapi.obj
 0002:000355b0       ?_RTC_GetErrorFunc@@YAP6AHHPBDH00ZZPBX@Z 0047c5b0 f   LIBCMTD:userapi.obj
 0002:000355c0       ?_RTC_GetErrorFuncW@@YAP6AHHPB_WH00ZZPBX@Z 0047c5c0 f   LIBCMTD:userapi.obj
 0002:000355d0       __chkesp                   0047c5d0 f   LIBCMTD:chkesp.obj
 0002:00035620       __CRT_RTC_INIT             0047c620 f   LIBCMTD:chkesp.obj
 0002:00035630       __CRT_RTC_INITW            0047c630 f   LIBCMTD:chkesp.obj
 0002:00035640       ___libm_setusermatherr     0047c640 f   LIBCMTD:libm_error.obj
 0002:00035680       ___libm_error_support      0047c680 f   LIBCMTD:libm_error.obj
 0002:00036480       __sse2_mathfcns_init       0047d480 f   LIBCMTD:mathfcns.obj
 0002:000364b0       __set_SSE2_enable          0047d4b0 f   LIBCMTD:mathfcns.obj
 0002:000364e0       __floor_default            0047d4e0 f   LIBCMTD:floor.obj
 0002:00036670       __setdefaultprecision      0047d670 f   LIBCMTD:fp8.obj
 0002:000366c0       __ms_p5_test_fdiv          0047d6c0 f   LIBCMTD:testfdiv.obj
 0002:00036720       __ms_p5_mp_test_fdiv       0047d720 f   LIBCMTD:testfdiv.obj
 0002:00036780       __forcdecpt                0047d780 f   LIBCMTD:cvt.obj
 0002:000367a0       __forcdecpt_l              0047d7a0 f   LIBCMTD:cvt.obj
 0002:00036890       __cropzeros                0047d890 f   LIBCMTD:cvt.obj
 0002:000368b0       __cropzeros_l              0047d8b0 f   LIBCMTD:cvt.obj
 0002:00036a00       __positive                 0047da00 f   LIBCMTD:cvt.obj
 0002:00036a40       __fassign_l                0047da40 f   LIBCMTD:cvt.obj
 0002:00036ab0       __fassign                  0047dab0 f   LIBCMTD:cvt.obj
 0002:00036ae0       __cftoe_l                  0047dae0 f   LIBCMTD:cvt.obj
 0002:00037180       __cftoe                    0047e180 f   LIBCMTD:cvt.obj
 0002:000371b0       __cftoa_l                  0047e1b0 f   LIBCMTD:cvt.obj
 0002:00037b80       ?strrchr@@YAPADPADH@Z      0047eb80 f i LIBCMTD:cvt.obj
 0002:00037ba0       __cftoa                    0047eba0 f   LIBCMTD:cvt.obj
 0002:00037bd0       __cftof_l                  0047ebd0 f   LIBCMTD:cvt.obj
 0002:000380d0       __cftof                    0047f0d0 f   LIBCMTD:cvt.obj
 0002:00038100       __cftog_l                  0047f100 f   LIBCMTD:cvt.obj
 0002:000383b0       __cftog                    0047f3b0 f   LIBCMTD:cvt.obj
 0002:000383e0       __cfltcvt_l                0047f3e0 f   LIBCMTD:cvt.obj
 0002:000384d0       __cfltcvt                  0047f4d0 f   LIBCMTD:cvt.obj
 0002:00038540       __initp_misc_cfltcvt_tab   0047f540 f   LIBCMTD:cmiscdat.obj
 0002:00038590       __chvalidator              0047f590 f   LIBCMTD:isctype.obj
 0002:000385f0       __chvalidator_l            0047f5f0 f   LIBCMTD:isctype.obj
 0002:000386d0       __isctype_l                0047f6d0 f   LIBCMTD:isctype.obj
 0002:00038830       __isctype                  0047f830 f   LIBCMTD:isctype.obj
 0002:00038880       ___updatetmbcinfo          0047f880 f   LIBCMTD:mbctype.obj
 0002:000389d0       __setmbcp                  0047f9d0 f   LIBCMTD:mbctype.obj
 0002:00038e60       __setmbcp_nolock           0047fe60 f   LIBCMTD:mbctype.obj
 0002:00039840       __getmbcp                  00480840 f   LIBCMTD:mbctype.obj
 0002:000398d0       ___initmbctable            004808d0 f   LIBCMTD:mbctype.obj
 0002:00039900       ____setlc_active_func      00480900 f   LIBCMTD:setlocal.obj
 0002:00039910       ____unguarded_readlc_active_add_func 00480910 f   LIBCMTD:setlocal.obj
 0002:00039920       ___freetlocinfo            00480920 f   LIBCMTD:setlocal.obj
 0002:00039cc0       ___addlocaleref            00480cc0 f   LIBCMTD:setlocal.obj
 0002:00039e30       ___removelocaleref         00480e30 f   LIBCMTD:setlocal.obj
 0002:00039fb0       ___updatetlocinfo          00480fb0 f   LIBCMTD:setlocal.obj
 0002:0003a150       __configthreadlocale       00481150 f   LIBCMTD:setlocal.obj
 0002:0003a2a0       __locterm                  004812a0 f   LIBCMTD:setlocal.obj
 0002:0003a360       __free_locale              00481360 f   LIBCMTD:setlocal.obj
 0002:0003a4c0       ___free_locale             004814c0 f   LIBCMTD:setlocal.obj
 0002:0003a4e0       __create_locale            004814e0 f   LIBCMTD:setlocal.obj
 0002:0003a780       ___create_locale           00481780 f   LIBCMTD:setlocal.obj
 0002:0003a7a0       __get_current_locale       004817a0 f   LIBCMTD:setlocal.obj
 0002:0003a8d0       ___get_current_locale      004818d0 f   LIBCMTD:setlocal.obj
 0002:0003a8e0       _setlocale                 004818e0 f   LIBCMTD:setlocal.obj
 0002:0003bb90       __expandlocale             00482b90 f   LIBCMTD:setlocal.obj
 0002:0003bee0       ___init_dummy              00482ee0 f   LIBCMTD:setlocal.obj
 0002:0003bef0       __strcats                  00482ef0 f   LIBCMTD:setlocal.obj
 0002:0003bf80       ___lc_strtolc              00482f80 f   LIBCMTD:setlocal.obj
 0002:0003c200       ___lc_lctostr              00483200 f   LIBCMTD:setlocal.obj
 0002:0003c2c0       __encode_pointer           004832c0 f   LIBCMTD:tidtable.obj
 0002:0003c450       __encoded_null             00483450 f   LIBCMTD:tidtable.obj
 0002:0003c470       __decode_pointer           00483470 f   LIBCMTD:tidtable.obj
 0002:0003c530       ___crtTlsAlloc@4           00483530 f   LIBCMTD:tidtable.obj
 0002:0003c540       ___fls_getvalue@4          00483540 f   LIBCMTD:tidtable.obj
 0002:0003c560       ___get_flsindex            00483560 f   LIBCMTD:tidtable.obj
 0002:0003c570       ___set_flsgetvalue         00483570 f   LIBCMTD:tidtable.obj
 0002:0003c5d0       ___fls_setvalue@8          004835d0 f   LIBCMTD:tidtable.obj
 0002:0003c600       __mtinit                   00483600 f   LIBCMTD:tidtable.obj
 0002:0003c890       __mtterm                   00483890 f   LIBCMTD:tidtable.obj
 0002:0003c900       __initptd                  00483900 f   LIBCMTD:tidtable.obj
 0002:0003ca80       __getptd_noexit            00483a80 f   LIBCMTD:tidtable.obj
 0002:0003cb60       __getptd                   00483b60 f   LIBCMTD:tidtable.obj
 0002:0003cb90       __freefls@4                00483b90 f   LIBCMTD:tidtable.obj
 0002:0003cdf0       __freeptd                  00483df0 f   LIBCMTD:tidtable.obj
 0002:0003ce90       ___threadid                00483e90 f   LIBCMTD:tidtable.obj
 0002:0003cea0       ___threadhandle            00483ea0 f   LIBCMTD:tidtable.obj
 0002:0003ceb0       _strtol                    00483eb0 f   LIBCMTD:strtol.obj
 0002:0003d520       __strtol_l                 00484520 f   LIBCMTD:strtol.obj
 0002:0003d550       _strtoul                   00484550 f   LIBCMTD:strtol.obj
 0002:0003d5b0       __strtoul_l                004845b0 f   LIBCMTD:strtol.obj
 0002:0003d5e0       __strtoi64                 004845e0 f   LIBCMTD:strtoq.obj
 0002:0003dca0       __strtoi64_l               00484ca0 f   LIBCMTD:strtoq.obj
 0002:0003dcd0       __strtoui64                00484cd0 f   LIBCMTD:strtoq.obj
 0002:0003dd30       __strtoui64_l              00484d30 f   LIBCMTD:strtoq.obj
 0002:0003dd60       ___report_gsfailure        00484d60 f   LIBCMTD:gs_report.obj
 0002:0003deb0       __VEC_memcpy               00484eb0 f   LIBCMTD:p4_memcpy.obj
 0002:0003e080       __VEC_memzero              00485080 f   LIBCMTD:p4_memset.obj
 0002:0003e1b0       __flsbuf                   004851b0 f   LIBCMTD:_flsbuf.obj
 0002:0003e520       __output_l                 00485520 f   LIBCMTD:output.obj
 0002:0003feb0       _get_int_arg               00486eb0 f i LIBCMTD:output.obj
 0002:0003fed0       _get_int64_arg             00486ed0 f i LIBCMTD:output.obj
 0002:0003ff00       _get_short_arg             00486f00 f i LIBCMTD:output.obj
 0002:0003ff30       __initp_misc_invarg        00486f30 f   LIBCMTD:invarg.obj
 0002:0003ff40       __invalid_parameter        00486f40 f   LIBCMTD:invarg.obj
 0002:0003ffc0       __invoke_watson            00486fc0 f   LIBCMTD:invarg.obj
 0002:00040140       __set_invalid_parameter_handler 00487140 f   LIBCMTD:invarg.obj
 0002:00040190       __get_invalid_parameter_handler 00487190 f   LIBCMTD:invarg.obj
 0002:000401d0       ?_invalid_parameter@@YAXPBG00II@Z 004871d0 f   LIBCMTD:invarg.obj
 0002:00040200       ?_invoke_watson@@YAXPBG00II@Z 00487200 f   LIBCMTD:invarg.obj
 0002:00040230       __dosmaperr                00487230 f   LIBCMTD:dosmap.obj
 0002:00040260       __get_errno_from_oserr     00487260 f   LIBCMTD:dosmap.obj
 0002:000402f0       __set_errno                004872f0 f   LIBCMTD:dosmap.obj
 0002:00040330       __get_errno                00487330 f   LIBCMTD:dosmap.obj
 0002:000403d0       __set_doserrno             004873d0 f   LIBCMTD:dosmap.obj
 0002:00040410       __get_doserrno             00487410 f   LIBCMTD:dosmap.obj
 0002:000404b0       __errno                    004874b0 f   LIBCMTD:dosmap.obj
 0002:000404e0       ___doserrno                004874e0 f   LIBCMTD:dosmap.obj
 0002:00040510       __CrtSetReportHookW2       00487510 f   LIBCMTD:dbgrptw.obj
 0002:00040900       __CrtDbgReportW            00487900 f   LIBCMTD:dbgrptw.obj
 0002:00040950       __CrtDbgReportWV           00487950 f i LIBCMTD:dbgrptw.obj
 0002:00040d60       ___crtMessageWindowW       00487d60 f   LIBCMTD:dbgrptw.obj
 0002:00041260       ?_CrtDbgReportW@@YAHHPBGH00ZZ 00488260 f   LIBCMTD:dbgrptw.obj
 0002:000412b0       __vsnprintf_helper         004882b0 f   LIBCMTD:vsnprnc.obj
 0002:000414f0       __vsnprintf_c              004884f0 f   LIBCMTD:vsnprnc.obj
 0002:00041550       __vsnprintf_c_l            00488550 f   LIBCMTD:vsnprnc.obj
 0002:000415b0       __vsprintf_s_l             004885b0 f   LIBCMTD:vsnprnc.obj
 0002:000418b0       _vsprintf_s                004888b0 f   LIBCMTD:vsnprnc.obj
 0002:000418e0       __vsnprintf_s_l            004888e0 f   LIBCMTD:vsnprnc.obj
 0002:00041d60       __vsnprintf_s              00488d60 f   LIBCMTD:vsnprnc.obj
 0002:00041d90       __vsprintf_p               00488d90 f   LIBCMTD:vsnprnc.obj
 0002:00041df0       __vsprintf_p_l             00488df0 f   LIBCMTD:vsnprnc.obj
 0002:00041e50       __CIpow_pentium4           00488e50 f   LIBCMTD:pow_pentium4.obj
 0002:00041e69       __pow_pentium4             00488e69     LIBCMTD:pow_pentium4.obj
 0002:00042ca1       __fFEXP                    00489ca1     LIBCMTD:87tran.obj
 0002:00042d08       __rtinfpopse               00489d08     LIBCMTD:87tran.obj
 0002:00042d0a       __rtinfnpopse              00489d0a     LIBCMTD:87tran.obj
 0002:00042d1a       __fFLN                     00489d1a     LIBCMTD:87tran.obj
 0002:00042dcf       __rtinfpop                 00489dcf     LIBCMTD:87tran.obj
 0002:00042dd1       __rtinfnpop                00489dd1     LIBCMTD:87tran.obj
 0002:00042dee       __ffexpm1                  00489dee     LIBCMTD:87tran.obj
 0002:00042f20       __trandisp1                00489f20 f   LIBCMTD:87disp.obj
 0002:00042f87       __trandisp2                00489f87 f   LIBCMTD:87disp.obj
 0002:00043013       __rttospopde               0048a013     LIBCMTD:87disp.obj
 0002:00043018       __rttospop                 0048a018     LIBCMTD:87disp.obj
 0002:0004301a       __rtnospop                 0048a01a     LIBCMTD:87disp.obj
 0002:0004301c       __rttosnpop                0048a01c     LIBCMTD:87disp.obj
 0002:0004301d       __rtnospopde               0048a01d     LIBCMTD:87disp.obj
 0002:00043024       __rtzeropop                0048a024     LIBCMTD:87disp.obj
 0002:00043026       __rtzeronpop               0048a026     LIBCMTD:87disp.obj
 0002:0004302b       __rtonepop                 0048a02b     LIBCMTD:87disp.obj
 0002:0004302d       __rtonenpop                0048a02d     LIBCMTD:87disp.obj
 0002:00043032       __tosnan1                  0048a032     LIBCMTD:87disp.obj
 0002:0004305d       __nosnan2                  0048a05d     LIBCMTD:87disp.obj
 0002:0004305f       __tosnan2                  0048a05f     LIBCMTD:87disp.obj
 0002:00043087       __nan2                     0048a087     LIBCMTD:87disp.obj
 0002:000430c6       __rtindfpop                0048a0c6     LIBCMTD:87disp.obj
 0002:000430c8       __rtindfnpop               0048a0c8     LIBCMTD:87disp.obj
 0002:000430d9       __rttosnpopde              0048a0d9     LIBCMTD:87disp.obj
 0002:000430e3       __rtchsifneg               0048a0e3     LIBCMTD:87disp.obj
 0002:00043160       __startTwoArgErrorHandling 0048a160 f   LIBCMTD:genexcep.obj
 0002:00043177       __startOneArgErrorHandling 0048a177 f   LIBCMTD:genexcep.obj
 0002:000431d0       __twoToTOS                 0048a1d0 f   LIBCMTD:common.obj
 0002:000431e5       __load_CW                  0048a1e5 f   LIBCMTD:common.obj
 0002:000431fc       __convertTOStoQNaN         0048a1fc f   LIBCMTD:common.obj
 0002:00043215       __fload_withFB             0048a215 f   LIBCMTD:common.obj
 0002:00043258       __checkTOS_withFB          0048a258 f   LIBCMTD:common.obj
 0002:0004326e       __fast_exit                0048a26e f   LIBCMTD:common.obj
 0002:0004327b       __math_exit                0048a27b f   LIBCMTD:common.obj
 0002:000432a5       __check_overflow_exit      0048a2a5 f   LIBCMTD:common.obj
 0002:000432b9       __check_range_exit         0048a2b9 f   LIBCMTD:common.obj
 0002:000433c0       __powhlp                   0048a3c0 f   LIBCMTD:powhlp.obj
 0002:000435d0       __d_inttype                0048a5d0 f   LIBCMTD:powhlp.obj
 0002:00043680       __except_handler4          0048a680 f   LIBCMTD:chandler4.obj
 0002:00043920       ?_RTC_GetSrcLine@@YAHPAEPA_WKPAH1K@Z 0048a920 f   LIBCMTD:pdblkup.obj
 0002:00043ed0       __stbuf                    0048aed0 f   LIBCMTD:_sftbuf.obj
 0002:00044080       __ftbuf                    0048b080 f   LIBCMTD:_sftbuf.obj
 0002:00044130       __ioinit                   0048b130 f   LIBCMTD:ioinit.obj
 0002:000446f0       __ioterm                   0048b6f0 f   LIBCMTD:ioinit.obj
 0002:000447c0       __fileno                   0048b7c0 f   LIBCMTD:fileno.obj
 0002:00044850       _vfprintf_helper           0048b850 f   LIBCMTD:vfprintf.obj
 0002:00044bf0       __vfprintf_l               0048bbf0 f   LIBCMTD:vfprintf.obj
 0002:00044c20       __vfprintf_s_l             0048bc20 f   LIBCMTD:vfprintf.obj
 0002:00044c50       __vfprintf_p_l             0048bc50 f   LIBCMTD:vfprintf.obj
 0002:00044c80       _vfprintf                  0048bc80 f   LIBCMTD:vfprintf.obj
 0002:00044cb0       _vfprintf_s                0048bcb0 f   LIBCMTD:vfprintf.obj
 0002:00044ce0       __vfprintf_p               0048bce0 f   LIBCMTD:vfprintf.obj
 0002:00044d10       __fcloseall                0048bd10 f   LIBCMTD:closeall.obj
 0002:00044e80       __cinit                    0048be80 f   LIBCMTD:crt0dat.obj
 0002:00044f50       _exit                      0048bf50 f   LIBCMTD:crt0dat.obj
 0002:00044f70       __exit                     0048bf70 f   LIBCMTD:crt0dat.obj
 0002:00044f90       __cexit                    0048bf90 f   LIBCMTD:crt0dat.obj
 0002:00044fb0       __c_exit                   0048bfb0 f   LIBCMTD:crt0dat.obj
 0002:00044fd0       __amsg_exit                0048bfd0 f   LIBCMTD:crt0dat.obj
 0002:00045020       ___freeCrtMemory           0048c020 f   LIBCMTD:crt0dat.obj
 0002:00045380       ___crtCorExitProcess       0048c380 f   LIBCMTD:crt0dat.obj
 0002:000453d0       ___crtExitProcess          0048c3d0 f   LIBCMTD:crt0dat.obj
 0002:00045400       __lockexit                 0048c400 f   LIBCMTD:crt0dat.obj
 0002:00045420       __unlockexit               0048c420 f   LIBCMTD:crt0dat.obj
 0002:00045440       __init_pointers            0048c440 f   LIBCMTD:crt0dat.obj
 0002:00045520       __initterm_e               0048c520 f   LIBCMTD:crt0dat.obj
 0002:00045570       __get_osplatform           0048c570 f   LIBCMTD:crt0dat.obj
 0002:000456a0       __get_osver                0048c6a0 f   LIBCMTD:crt0dat.obj
 0002:000457d0       __get_winver               0048c7d0 f   LIBCMTD:crt0dat.obj
 0002:00045900       __get_winmajor             0048c900 f   LIBCMTD:crt0dat.obj
 0002:00045a30       __get_winminor             0048ca30 f   LIBCMTD:crt0dat.obj
 0002:00045b60       __get_wpgmptr              0048cb60 f   LIBCMTD:crt0dat.obj
 0002:00045c90       __get_pgmptr               0048cc90 f   LIBCMTD:crt0dat.obj
 0002:00045dc0       _fflush                    0048cdc0 f   LIBCMTD:fflush.obj
 0002:00045e80       __fflush_nolock            0048ce80 f   LIBCMTD:fflush.obj
 0002:00045ef0       __flush                    0048cef0 f   LIBCMTD:fflush.obj
 0002:00045fe0       __flushall                 0048cfe0 f   LIBCMTD:fflush.obj
 0002:00046210       __mtinitlocks              0048d210 f   LIBCMTD:mlock.obj
 0002:000462c0       __mtdeletelocks            0048d2c0 f   LIBCMTD:mlock.obj
 0002:000463b0       __mtinitlocknum            0048d3b0 f   LIBCMTD:mlock.obj
 0002:00046550       __lock                     0048d550 f   LIBCMTD:mlock.obj
 0002:000465a0       __unlock                   0048d5a0 f   LIBCMTD:mlock.obj
 0002:000465c0       __lockerr_exit             0048d5c0 f   LIBCMTD:mlock.obj
 0002:000465f0       __CIsin_pentium4           0048d5f0 f   LIBCMTD:sin_pentium4.obj
 0002:00046608       __sin_pentium4             0048d608     LIBCMTD:sin_pentium4.obj
 0002:00046830       _strcpy_s                  0048d830 f   LIBCMTD:strcpy_s.obj
 0002:00046bc0       ___crtLCMapStringA         0048dbc0 f   LIBCMTD:a_map.obj
 0002:000472d0       _strnlen                   0048e2d0 f   LIBCMTD:strlen_s.obj
 0002:00047320       __CIcos_pentium4           0048e320 f   LIBCMTD:cos_pentium4.obj
 0002:00047338       __cos_pentium4             0048e338     LIBCMTD:cos_pentium4.obj
 0002:00047540       __tolower                  0048e540 f   LIBCMTD:tolower.obj
 0002:00047550       __tolower_l                0048e550 f   LIBCMTD:tolower.obj
 0002:000477a0       _tolower                   0048e7a0 f   LIBCMTD:tolower.obj
 0002:00047800       ___ascii_memicmp           0048e800 f   LIBCMTD:_memicmp.obj
 0002:00047870       __ceil_default             0048e870 f   LIBCMTD:ceil.obj
 0002:00047a00       __handle_qnan1             0048ea00 f   LIBCMTD:fpexcept.obj
 0002:00047a80       __handle_qnan2             0048ea80 f   LIBCMTD:fpexcept.obj
 0002:00047b10       __except1                  0048eb10 f   LIBCMTD:fpexcept.obj
 0002:00047c50       __except2                  0048ec50 f   LIBCMTD:fpexcept.obj
 0002:00047da0       __raise_exc_ex             0048eda0 f   LIBCMTD:fpexcept.obj
 0002:00048420       __raise_exc                0048f420 f   LIBCMTD:fpexcept.obj
 0002:00048450       __raise_excf               0048f450 f   LIBCMTD:fpexcept.obj
 0002:00048480       __handle_exc               0048f480 f   LIBCMTD:fpexcept.obj
 0002:00048840       __umatherr                 0048f840 f   LIBCMTD:fpexcept.obj
 0002:00048910       __set_errno_from_matherr   0048f910 f   LIBCMTD:fpexcept.obj
 0002:000489b0       __errcode                  0048f9b0 f   LIBCMTD:fpexcept.obj
 0002:00048a30       __set_exp                  0048fa30 f   LIBCMTD:util.obj
 0002:00048a80       __get_exp                  0048fa80 f   LIBCMTD:util.obj
 0002:00048ac0       __add_exp                  0048fac0 f   LIBCMTD:util.obj
 0002:00048b00       __set_bexp                 0048fb00 f   LIBCMTD:util.obj
 0002:00048b40       __sptype                   0048fb40 f   LIBCMTD:util.obj
 0002:00048bd0       __decomp                   0048fbd0 f   LIBCMTD:util.obj
 0002:00048d40       __statfp                   0048fd40 f   LIBCMTD:fpctrl.obj
 0002:00048d60       __clrfp                    0048fd60 f   LIBCMTD:fpctrl.obj
 0002:00048d80       __ctrlfp                   0048fd80 f   LIBCMTD:fpctrl.obj
 0002:00048dc0       __set_statfp               0048fdc0 f   LIBCMTD:fpctrl.obj
 0002:00048e40       ___get_fpsr_sse2           0048fe40 f   LIBCMTD:fpctrl.obj
 0002:00048e70       ___set_fpsr_sse2           0048fe70 f   LIBCMTD:fpctrl.obj
 0002:00048f80       ___fclrf_sse2              0048ff80 f   LIBCMTD:fpctrl.obj
 0002:00048fb0       ___statfp_sse2             0048ffb0 f   LIBCMTD:fpctrl.obj
 0002:00048ff0       ___clrfp_sse2              0048fff0 f   LIBCMTD:fpctrl.obj
 0002:00049030       ___ctrlfp_sse2             00490030 f   LIBCMTD:fpctrl.obj
 0002:000490a0       ___set_statfp_sse2         004900a0 f   LIBCMTD:fpctrl.obj
 0002:000490e0       __CIlog10_pentium4         004900e0 f   LIBCMTD:log10_pentium4.obj
 0002:000490f8       __log10_pentium4           004900f8     LIBCMTD:log10_pentium4.obj
 0002:0004943c       __fFATN2                   0049043c     LIBCMTD:87triga.obj
 0002:0004948c       __rtpiby2                  0049048c     LIBCMTD:87triga.obj
 0002:00049500       __cintrindisp2             00490500 f   LIBCMTD:87cdisp.obj
 0002:0004953e       __cintrindisp1             0049053e f   LIBCMTD:87cdisp.obj
 0002:0004957b       __ctrandisp2               0049057b f   LIBCMTD:87cdisp.obj
 0002:00049711       __ctrandisp1               00490711 f   LIBCMTD:87cdisp.obj
 0002:00049744       __fload                    00490744 f   LIBCMTD:87cdisp.obj
 0002:00049820       __initp_heap_handler       00490820 f   LIBCMTD:handler.obj
 0002:00049830       ?_set_new_handler@@YAP6AHI@ZP6AHI@Z@Z 00490830 f   LIBCMTD:handler.obj
 0002:00049890       ?_set_new_handler@@YAP6AHI@ZH@Z 00490890 f   LIBCMTD:handler.obj
 0002:000498d0       ?_query_new_handler@@YAP6AHI@ZXZ 004908d0 f   LIBCMTD:handler.obj
 0002:000498f0       __callnewh                 004908f0 f   LIBCMTD:handler.obj
 0002:00049940       _V6_HeapAlloc              00490940 f   LIBCMTD:malloc.obj
 0002:00049a00       __malloc_base              00490a00 f   LIBCMTD:malloc.obj
 0002:00049ab0       __heap_alloc_base          00490ab0 f i LIBCMTD:malloc.obj
 0002:00049b90       __CrtSetReportHook2        00490b90 f   LIBCMTD:dbgrpt.obj
 0002:00049f80       __CrtDbgReport             00490f80 f   LIBCMTD:dbgrpt.obj
 0002:00049fd0       __CrtDbgReportV            00490fd0 f i LIBCMTD:dbgrpt.obj
 0002:0004a000       ___crtMessageWindowA       00491000 f   LIBCMTD:dbgrpt.obj
 0002:0004a500       __CrtDefaultAllocHook      00491500 f   LIBCMTD:dbghook.obj
 0002:0004a510       __crt_debugger_hook        00491510 f   LIBCMTD:dbghook.obj
 0002:0004a530       __expand_base              00491530 f   LIBCMTD:expand.obj
 0002:0004a770       __realloc_base             00491770 f   LIBCMTD:realloc.obj
 0002:0004abf0       __recalloc_base            00491bf0 f   LIBCMTD:realloc.obj
 0002:0004ad20       __free_base                00491d20 f   LIBCMTD:free.obj
 0002:0004ae90       __heapchk                  00491e90 f   LIBCMTD:heapchk.obj
 0002:0004af90       __heapset                  00491f90 f   LIBCMTD:heapchk.obj
 0002:0004afa0       ___heap_select             00491fa0 f   LIBCMTD:heapinit.obj
 0002:0004b050       __heap_init                00492050 f   LIBCMTD:heapinit.obj
 0002:0004b0e0       __heap_term                004920e0 f   LIBCMTD:heapinit.obj
 0002:0004b1a0       __get_heap_handle          004921a0 f   LIBCMTD:heapinit.obj
 0002:0004b1f0       __get_sbh_threshold        004921f0 f   LIBCMTD:sbheap.obj
 0002:0004b250       __set_sbh_threshold        00492250 f   LIBCMTD:sbheap.obj
 0002:0004b440       __set_amblksiz             00492440 f   LIBCMTD:sbheap.obj
 0002:0004b580       __get_amblksiz             00492580 f   LIBCMTD:sbheap.obj
 0002:0004b6b0       ___sbh_heap_init           004926b0 f   LIBCMTD:sbheap.obj
 0002:0004b730       ___sbh_find_block          00492730 f   LIBCMTD:sbheap.obj
 0002:0004b7a0       ___sbh_verify_block        004927a0 f   LIBCMTD:sbheap.obj
 0002:0004b810       ___sbh_free_block          00492810 f   LIBCMTD:sbheap.obj
 0002:0004bf40       ___sbh_alloc_block         00492f40 f   LIBCMTD:sbheap.obj
 0002:0004c5a0       ___sbh_alloc_new_region    004935a0 f   LIBCMTD:sbheap.obj
 0002:0004c6f0       ___sbh_alloc_new_group     004936f0 f   LIBCMTD:sbheap.obj
 0002:0004c960       ___sbh_resize_block        00493960 f   LIBCMTD:sbheap.obj
 0002:0004d0a0       ___sbh_heapmin             004940a0 f   LIBCMTD:sbheap.obj
 0002:0004d220       ___sbh_heap_check          00494220 f   LIBCMTD:sbheap.obj
 0002:0004d840       __close                    00494840 f   LIBCMTD:close.obj
 0002:0004dad0       __close_nolock             00494ad0 f   LIBCMTD:close.obj
 0002:0004dbd0       __freebuf                  00494bd0 f   LIBCMTD:_freebuf.obj
 0002:0004dc80       __isleadbyte_l             00494c80 f i LIBCMTD:_wctype.obj
 0002:0004dce0       _isleadbyte                00494ce0 f i LIBCMTD:_wctype.obj
 0002:0004dd00       __iswalpha_l               00494d00 f i LIBCMTD:_wctype.obj
 0002:0004dd30       _iswalpha                  00494d30 f i LIBCMTD:_wctype.obj
 0002:0004dd50       __iswupper_l               00494d50 f i LIBCMTD:_wctype.obj
 0002:0004dd70       _iswupper                  00494d70 f i LIBCMTD:_wctype.obj
 0002:0004dd90       __iswlower_l               00494d90 f i LIBCMTD:_wctype.obj
 0002:0004ddb0       _iswlower                  00494db0 f i LIBCMTD:_wctype.obj
 0002:0004ddd0       __iswdigit_l               00494dd0 f i LIBCMTD:_wctype.obj
 0002:0004ddf0       _iswdigit                  00494df0 f i LIBCMTD:_wctype.obj
 0002:0004de10       __iswxdigit_l              00494e10 f i LIBCMTD:_wctype.obj
 0002:0004de40       _iswxdigit                 00494e40 f i LIBCMTD:_wctype.obj
 0002:0004de60       __iswspace_l               00494e60 f i LIBCMTD:_wctype.obj
 0002:0004de80       _iswspace                  00494e80 f i LIBCMTD:_wctype.obj
 0002:0004dea0       __iswpunct_l               00494ea0 f i LIBCMTD:_wctype.obj
 0002:0004dec0       _iswpunct                  00494ec0 f i LIBCMTD:_wctype.obj
 0002:0004dee0       __iswalnum_l               00494ee0 f i LIBCMTD:_wctype.obj
 0002:0004df10       _iswalnum                  00494f10 f i LIBCMTD:_wctype.obj
 0002:0004df30       __iswprint_l               00494f30 f i LIBCMTD:_wctype.obj
 0002:0004df60       _iswprint                  00494f60 f i LIBCMTD:_wctype.obj
 0002:0004df80       __iswgraph_l               00494f80 f i LIBCMTD:_wctype.obj
 0002:0004dfb0       _iswgraph                  00494fb0 f i LIBCMTD:_wctype.obj
 0002:0004dfd0       __iswcntrl_l               00494fd0 f i LIBCMTD:_wctype.obj
 0002:0004dff0       _iswcntrl                  00494ff0 f i LIBCMTD:_wctype.obj
 0002:0004e010       _iswascii                  00495010 f i LIBCMTD:_wctype.obj
 0002:0004e030       __iswcsym_l                00495030 f i LIBCMTD:_wctype.obj
 0002:0004e080       ___iswcsym                 00495080 f i LIBCMTD:_wctype.obj
 0002:0004e0d0       __iswcsymf_l               004950d0 f i LIBCMTD:_wctype.obj
 0002:0004e120       ___iswcsymf                00495120 f i LIBCMTD:_wctype.obj
 0002:0004e170       __get_daylight             00495170 f   LIBCMTD:timeset.obj
 0002:0004e210       __get_dstbias              00495210 f   LIBCMTD:timeset.obj
 0002:0004e2b0       __get_timezone             004952b0 f   LIBCMTD:timeset.obj
 0002:0004e350       __get_tzname               00495350 f   LIBCMTD:timeset.obj
 0002:0004e5a0       ___daylight                004955a0 f   LIBCMTD:timeset.obj
 0002:0004e5b0       ___dstbias                 004955b0 f   LIBCMTD:timeset.obj
 0002:0004e5c0       ___timezone                004955c0 f   LIBCMTD:timeset.obj
 0002:0004e5d0       ___tzname                  004955d0 f   LIBCMTD:timeset.obj
 0002:0004e5e0       ___tzset                   004955e0 f   LIBCMTD:tzset.obj
 0002:0004e6a0       __tzset                    004956a0 f   LIBCMTD:tzset.obj
 0002:0004edb0       __set_daylight             00495db0 f i LIBCMTD:tzset.obj
 0002:0004edd0       __set_dstbias              00495dd0 f i LIBCMTD:tzset.obj
 0002:0004edf0       __set_timezone             00495df0 f i LIBCMTD:tzset.obj
 0002:0004ee10       __isindst                  00495e10 f   LIBCMTD:tzset.obj
 0002:0004f660       __stricmp_l                00496660 f   LIBCMTD:stricmp.obj
 0002:0004f870       ___ascii_stricmp           00496870 f   LIBCMTD:stricmp.obj
 0002:0004f900       __stricmp                  00496900 f   LIBCMTD:stricmp.obj
 0002:0004fa50       __openfile                 00496a50 f   LIBCMTD:_open.obj
 0002:00050310       __getstream                00497310 f   LIBCMTD:stream.obj
 0002:00050604       __local_unwind4            00497604 f   LIBCMTD:exsup4.obj
 0002:000506da       __seh_longjmp_unwind4@4    004976da f   LIBCMTD:exsup4.obj
 0002:000506f6       @_EH4_CallFilterFunc@8     004976f6 f   LIBCMTD:exsup4.obj
 0002:0005070d       @_EH4_TransferToHandler@8  0049770d f   LIBCMTD:exsup4.obj
 0002:00050726       @_EH4_GlobalUnwind@4       00497726 f   LIBCMTD:exsup4.obj
 0002:00050740       @_EH4_LocalUnwind@16       00497740 f   LIBCMTD:exsup4.obj
 0002:000507b0       __aulldiv                  004977b0 f   LIBCMTD:ulldiv.obj
 0002:00050840       _vprintf_helper            00497840 f   LIBCMTD:vprintf.obj
 0002:000509a0       __vprintf_l                004979a0 f   LIBCMTD:vprintf.obj
 0002:000509d0       __vprintf_s_l              004979d0 f   LIBCMTD:vprintf.obj
 0002:00050a00       __vprintf_p_l              00497a00 f   LIBCMTD:vprintf.obj
 0002:00050a30       _vprintf                   00497a30 f   LIBCMTD:vprintf.obj
 0002:00050a60       _vprintf_s                 00497a60 f   LIBCMTD:vprintf.obj
 0002:00050a90       __vprintf_p                00497a90 f   LIBCMTD:vprintf.obj
 0002:00050ac0       __validate_param_reuseA    00497ac0 f   LIBCMTD:outputp.obj
 0002:00050dd0       __output_p_l               00497dd0 f   LIBCMTD:outputp.obj
 0002:000558d0       _get_crtdouble_arg         0049c8d0 f i LIBCMTD:outputp.obj
 0002:00055900       __write                    0049c900 f   LIBCMTD:write.obj
 0002:00055bb0       __write_nolock             0049cbb0 f   LIBCMTD:write.obj
 0002:000569b0       ?__CxxUnhandledExceptionFilter@@YGJPAU_EXCEPTION_POINTERS@@@Z 0049d9b0 f   LIBCMTD:unhandld.obj
 0002:00056a30       ___CxxSetUnhandledExceptionFilter 0049da30 f   LIBCMTD:unhandld.obj
 0002:00056a50       ___security_init_cookie    0049da50 f   LIBCMTD:gs_support.obj
 0002:00056b60       __initp_misc_winxfltr      0049db60 f   LIBCMTD:winxfltr.obj
 0002:00056b70       ___CppXcptFilter           0049db70 f   LIBCMTD:winxfltr.obj
 0002:00056ba0       __XcptFilter               0049dba0 f   LIBCMTD:winxfltr.obj
 0002:00056e50       __setenvp                  0049de50 f   LIBCMTD:stdenvp.obj
 0002:00057050       __setargv                  0049e050 f   LIBCMTD:stdargv.obj
 0002:000571b0       __set_pgmptr               0049e1b0 f i LIBCMTD:stdargv.obj
 0002:00057600       ___crtGetEnvironmentStringsA 0049e600 f   LIBCMTD:a_env.obj
 0002:000578a0       __RTC_Initialize           0049e8a0 f   LIBCMTD:initsect.obj
 0002:000578d0       __RTC_Terminate            0049e8d0 f   LIBCMTD:initsect.obj
 0002:00057900       __FF_MSGBANNER             0049e900 f   LIBCMTD:crt0msg.obj
 0002:00057960       __NMSG_WRITE               0049e960 f   LIBCMTD:crt0msg.obj
 0002:00057ca0       __GET_RTERRMSG             0049eca0 f   LIBCMTD:crt0msg.obj
 0002:00057cf0       __matherr                  0049ecf0 f   LIBCMTD:matherr.obj
 0002:00057d00       __get_sse2_info            0049ed00 f   LIBCMTD:cpu_disp.obj
 0002:00057e70       ___sse2_available_init     0049ee70 f   LIBCMTD:cpu_disp.obj
 0002:00057e90       __frnd                     0049ee90 f   LIBCMTD:frnd.obj
 0002:00057eb0       __controlfp_s              0049eeb0 f   LIBCMTD:contrlfp.obj
 0002:00057fd0       __atodbl_l                 0049efd0 f   LIBCMTD:atodbl.obj
 0002:00058110       __atodbl                   0049f110 f   LIBCMTD:atodbl.obj
 0002:00058130       __atoldbl_l                0049f130 f   LIBCMTD:atodbl.obj
 0002:00058270       __atoldbl                  0049f270 f   LIBCMTD:atodbl.obj
 0002:00058290       __atoflt_l                 0049f290 f   LIBCMTD:atodbl.obj
 0002:000583d0       __atoflt                   0049f3d0 f   LIBCMTD:atodbl.obj
 0002:000583f0       __fptostr                  0049f3f0 f   LIBCMTD:_fptostr.obj
 0002:00058740       __fltout2                  0049f740 f   LIBCMTD:cfout.obj
 0002:00058820       ___dtold                   0049f820 f   LIBCMTD:cfout.obj
 0002:000589d0       __set_output_format        0049f9d0 f   LIBCMTD:outputformat.obj
 0002:00058a70       __get_output_format        0049fa70 f   LIBCMTD:outputformat.obj
 0002:00058a80       __allrem                   0049fa80 f   LIBCMTD:llrem.obj
 0002:00058b60       _strrchr                   0049fb60 f   LIBCMTD:strrchr.obj
 0002:00058ba0       __fptrap                   0049fba0 f   LIBCMTD:crt0fp.obj
 0002:00058bc0       ___crtGetStringTypeA       0049fbc0 f   LIBCMTD:a_str.obj
 0002:00058ef0       ?_JumpToContinuation@@YGXPAXPAUEHRegistrationNode@@@Z 0049fef0 f   LIBCMTD:trnsctrl.obj
 0002:00058f30       ?_CallMemberFunction0@@YGXPAX0@Z 0049ff30 f   LIBCMTD:trnsctrl.obj
 0002:00058f40       ?_CallMemberFunction1@@YGXPAX00@Z 0049ff40 f   LIBCMTD:trnsctrl.obj
 0002:00058f50       ?_CallMemberFunction2@@YGXPAX00H@Z 0049ff50 f   LIBCMTD:trnsctrl.obj
 0002:00058f60       ?_UnwindNestedFrames@@YGXPAUEHRegistrationNode@@PAUEHExceptionRecord@@@Z 0049ff60 f   LIBCMTD:trnsctrl.obj
 0002:00058fd0       ___CxxFrameHandler         0049ffd0 f   LIBCMTD:trnsctrl.obj
 0002:00059020       ___CxxFrameHandler3        004a0020 f   LIBCMTD:trnsctrl.obj
 0002:00059070       ___CxxFrameHandler2        004a0070 f   LIBCMTD:trnsctrl.obj
 0002:000590c0       ___CxxLongjmpUnwind@4      004a00c0 f   LIBCMTD:trnsctrl.obj
 0002:000590f0       ?_CallCatchBlock2@@YAPAXPAUEHRegistrationNode@@PBU_s_FuncInfo@@PAXHK@Z 004a00f0 f   LIBCMTD:trnsctrl.obj
 0002:000591e0       ?_CallSETranslator@@YAHPAUEHExceptionRecord@@PAUEHRegistrationNode@@PAX2PBU_s_FuncInfo@@H1@Z 004a01e0 f   LIBCMTD:trnsctrl.obj
 0002:000593f0       ?_GetRangeOfTrysToCheck@@YAPBU_s_TryBlockMapEntry@@PBU_s_FuncInfo@@HHPAI1@Z 004a03f0 f   LIBCMTD:trnsctrl.obj
 0002:000594a0       __CreateFrameInfo          004a04a0 f   LIBCMTD:trnsctrl.obj
 0002:000594e0       __IsExceptionObjectToBeDestroyed 004a04e0 f   LIBCMTD:trnsctrl.obj
 0002:00059520       __FindAndUnlinkFrame       004a0520 f   LIBCMTD:trnsctrl.obj
 0002:00059590       ___pwctype_func            004a0590 f   LIBCMTD:ctype.obj
 0002:000595a0       ___pctype_func             004a05a0 f   LIBCMTD:ctype.obj
 0002:00059600       ___init_time               004a0600 f   LIBCMTD:inittime.obj
 0002:00059ee0       ___free_lc_time            004a0ee0 f   LIBCMTD:inittime.obj
 0002:0005a2b0       ___init_numeric            004a12b0 f   LIBCMTD:initnum.obj
 0002:0005a6e0       ___free_lconv_num          004a16e0 f   LIBCMTD:initnum.obj
 0002:0005a770       ___init_monetary           004a1770 f   LIBCMTD:initmon.obj
 0002:0005adb0       ___free_lconv_mon          004a1db0 f   LIBCMTD:initmon.obj
 0002:0005aee0       ___init_ctype              004a1ee0 f   LIBCMTD:initctyp.obj
 0002:0005b5f0       ____mb_cur_max_func        004a25f0 f   LIBCMTD:initctyp.obj
 0002:0005b650       ____mb_cur_max_l_func      004a2650 f   LIBCMTD:initctyp.obj
 0002:0005b690       ____lc_codepage_func       004a2690 f   LIBCMTD:initctyp.obj
 0002:0005b6f0       ____lc_collate_cp_func     004a26f0 f   LIBCMTD:initctyp.obj
 0002:0005b750       ____lc_handle_func         004a2750 f   LIBCMTD:initctyp.obj
 0002:0005b7b0       ___init_collate            004a27b0 f   LIBCMTD:initcoll.obj
 0002:0005b7c0       _localeconv                004a27c0 f   LIBCMTD:lconv.obj
 0002:0005b820       _strncpy_s                 004a2820 f   LIBCMTD:strncpy_s.obj
 0002:0005bd10       _strcspn                   004a2d10 f   LIBCMTD:strcspn.obj
 0002:0005bd70       _strncmp                   004a2d70 f   LIBCMTD:strncmp.obj
 0002:0005bf40       _strpbrk                   004a2f40 f   LIBCMTD:strpbrk.obj
 0002:0005bf90       _strcat_s                  004a2f90 f   LIBCMTD:strcat_s.obj
 0002:0005c460       ___get_qualified_locale    004a3460 f   LIBCMTD:getqloc.obj
 0002:0005d650       __aullrem                  004a4650 f   LIBCMTD:ullrem.obj
 0002:0005d6f0       __lseeki64                 004a46f0 f   LIBCMTD:lseeki64.obj
 0002:0005d9d0       __lseeki64_nolock          004a49d0 f   LIBCMTD:lseeki64.obj
 0002:0005daf0       __getbuf                   004a4af0 f   LIBCMTD:_getbuf.obj
 0002:0005dbe0       __isatty                   004a4be0 f   LIBCMTD:isatty.obj
 0002:0005dd00       __wctomb_s_l               004a4d00 f   LIBCMTD:wctomb.obj
 0002:0005e0c0       _wctomb_s                  004a50c0 f   LIBCMTD:wctomb.obj
 0002:0005e0f0       __wctomb_l                 004a50f0 f   LIBCMTD:wctomb.obj
 0002:0005e190       _wctomb                    004a5190 f   LIBCMTD:wctomb.obj
 0002:0005e1f0       __CrtDbgBreak              004a51f0 f   LIBCMTD:dbgrptt.obj
 0002:0005e200       __CrtSetReportMode         004a5200 f   LIBCMTD:dbgrptt.obj
 0002:0005e390       __CrtSetReportFile         004a5390 f   LIBCMTD:dbgrptt.obj
 0002:0005e4c0       __CrtSetReportHook         004a54c0 f   LIBCMTD:dbgrptt.obj
 0002:0005e4f0       __CrtGetReportHook         004a54f0 f   LIBCMTD:dbgrptt.obj
 0002:0005e500       __VCrtDbgReportA           004a5500 f   LIBCMTD:dbgrptt.obj
 0002:0005ef30       __VCrtDbgReportW           004a5f30 f   LIBCMTD:dbgrptt.obj
 0002:0005fab0       __wcstombs_l_helper        004a6ab0 f   LIBCMTD:wcstombs.obj
 0002:00060150       __wcstombs_l               004a7150 f   LIBCMTD:wcstombs.obj
 0002:00060180       _wcstombs                  004a7180 f   LIBCMTD:wcstombs.obj
 0002:000601b0       __wcstombs_s_l             004a71b0 f   LIBCMTD:wcstombs.obj
 0002:00060510       _wcstombs_s                004a7510 f   LIBCMTD:wcstombs.obj
 0002:00060540       __initp_misc_winsig        004a7540 f   LIBCMTD:winsig.obj
 0002:00060570       _signal                    004a7570 f   LIBCMTD:winsig.obj
 0002:00060b40       _raise                     004a7b40 f   LIBCMTD:winsig.obj
 0002:00060f80       ___get_sigabrt             004a7f80 f   LIBCMTD:winsig.obj
 0002:00060fa0       ___fpecode                 004a7fa0 f   LIBCMTD:winsig.obj
 0002:00060fb0       ___pxcptinfoptrs           004a7fb0 f   LIBCMTD:winsig.obj
 0002:00060fc0       ___crtMessageBoxW          004a7fc0 f   LIBCMTD:crtmboxw.obj
 0002:00061300       __swprintf                 004a8300 f   LIBCMTD:swprintf.obj
 0002:00061550       ___swprintf_l              004a8550 f   LIBCMTD:swprintf.obj
 0002:00061580       _swprintf_s                004a8580 f   LIBCMTD:swprintf.obj
 0002:000615c0       __snwprintf_s              004a85c0 f   LIBCMTD:swprintf.obj
 0002:00061600       __swprintf_p               004a8600 f   LIBCMTD:swprintf.obj
 0002:00061640       __swprintf_s_l             004a8640 f   LIBCMTD:swprintf.obj
 0002:00061680       __snwprintf_s_l            004a8680 f   LIBCMTD:swprintf.obj
 0002:000616c0       __swprintf_p_l             004a86c0 f   LIBCMTD:swprintf.obj
 0002:00061700       __scwprintf                004a8700 f   LIBCMTD:swprintf.obj
 0002:00061730       __scwprintf_p              004a8730 f   LIBCMTD:swprintf.obj
 0002:00061760       __scwprintf_l              004a8760 f   LIBCMTD:swprintf.obj
 0002:00061790       __scwprintf_p_l            004a8790 f   LIBCMTD:swprintf.obj
 0002:000617c0       _wcsncpy_s                 004a87c0 f   LIBCMTD:wcsncpy_s.obj
 0002:00061cc0       _wcslen                    004a8cc0 f   LIBCMTD:wcslen.obj
[...]
 0004:00030980       _Last120                   00530980     <common>
 0004:00030a80       _first                     00530a80     <common>
 0004:00030aa0       _gexp                      00530aa0     <common>
 0004:00031520       _glog                      00531520     <common>
 0004:00031920       _bytFailedData             00531920     <common>
 0004:000320b0       _strCurrentFrameFilename   005320b0     <common>
 0004:000320c0       _bytFailedDataLength       005320c0     <common>
 0004:000320c4       _crcLastFECDataPassedToHost 005320c4     <common>
 0004:000320c8       _bytFrameType              005320c8     <common>
 0004:000320cc       _dttLastFECIDSent          005320cc     <common>
 0004:000320d0       _blnSendIDFrame            005320d0     <common>
 0004:000320d4       _bytLastFECDataFrameSent   005320d4     <common>
 0004:000320d8       _intFECFramesSent          005320d8     <common>
 0004:000320dc       _FECRepeatsSent            005320dc     <common>
 0004:000320e0       _NErrors                   005320e0     <common>
 0004:000320ec       _bytLastACKedDataFrameType 005320ec     <common>
 0004:00032128       _intQAMSymbolCnt           00532128     <common>
 0004:00032130       _strRemoteCallsign         00532130     <common>
 0004:0003213c       _intShiftDNs               0053213c     <common>
 0004:00032140       _strLocalCallsign          00532140     <common>
 0004:0003214c       _intReceivedLeaderLen      0053214c     <common>
 0004:00032150       _intAvgFSKQuality          00532150     <common>
 0004:00032154       _intShiftUPs               00532154     <common>
 0004:00032158       _intSessionBW              00532158     <common>
 0004:0003215c       _intGoodFSKFrameTypes      0053215c     <common>
 0004:00032160       _intFailedFSKFrameDataDecodes 00532160     <common>
 0004:00032164       _intAccumQAMTracking       00532164     <common>
 0004:00032168       _intAvgPSKQuality          00532168     <common>
 0004:0003216c       _intLeaderDetects          0053216c     <common>
 0004:00032170       _blnDISCRepeating          00532170     <common>
 0004:00032174       _intFrameRepeatInterval    00532174     <common>
 0004:00032178       _intAccumFSKTracking       00532178     <common>
 0004:0003217c       _dblLeaderSNAvg            0053217c     <common>
 0004:00032180       _dttStartSession           00532180     <common>
 0004:00032184       _intBW                     00532184     <common>
 0004:00032188       _dblAvgPSKRefErr           00532188     <common>
 0004:00032190       _strFinalIDCallsign        00532190     <common>
 0004:0003219c       _intAccumPSKLeaderTracking 0053219c     <common>
 0004:000321a0       _intPSKSymbolCnt           005321a0     <common>
 0004:000321a4       _intQAMTrackAttempts       005321a4     <common>
 0004:000321a8       _intAccumLeaderTracking    005321a8     <common>
 0004:000321ac       _bytLastReceivedDataFrameType 005321ac     <common>
 0004:000321b0       _dttLastIDSent             005321b0     <common>
 0004:000321b4       _intLinkTurnovers          005321b4     <common>
 0004:000321b8       _blnEnbARQRpt              005321b8     <common>
 0004:000321bc       _intFailedFSKFrameTypes    005321bc     <common>
 0004:000321c0       _bytFrameTypesForBW        005321c0     <common>
 0004:000321c4       _intAccumPSKTracking       005321c4     <common>
 0004:000321c8       _intGoodFSKFrameDataDecodes 005321c8     <common>
 0004:000321cc       _dblAvgDecodeDistance      005321cc     <common>
 0004:000321d0       _ARQState                  005321d0     <common>
 0004:000321d4       _intEnvelopeCors           005321d4     <common>
 0004:000321d8       _intFrameSyncs             005321d8     <common>
 0004:000321dc       _intGoodPSKSummationDecodes 005321dc     <common>
 0004:000321e0       _intDecodeDistanceCount    005321e0     <common>
 0004:000321e4       _blnARQConnected           005321e4     <common>
 0004:000321e8       _intGoodPSKFrameDataDecodes 005321e8     <common>
 0004:000321ec       _intLeaderSyncs            005321ec     <common>
 0004:000321f0       _tmrPollOBQueue            005321f0     <common>
 0004:000321f4       _intPSKTrackAttempts       005321f4     <common>
 0004:000321f8       _bytPendingSessionID       005321f8     <common>
 0004:000321fc       _intDataToSend             005321fc     <common>
 0004:00032200       _dttTimeoutTrip            00532200     <common>
 0004:00032204       _intGoodQAMSummationDecodes 00532204     <common>
 0004:00032208       _blnPending                00532208     <common>
 0004:0003220c       _bytLastARQSessionID       0053220c     <common>
 0004:00032210       _intFSKSymbolCnt           00532210     <common>
 0004:00032214       _intAvgQuality             00532214     <common>
 0004:00032218       _intNAKctr                 00532218     <common>
 0004:0003221c       _intFailedPSKFrameDataDecodes 0053221c     <common>
 0004:00032220       _intFailedQAMFrameDataDecodes 00532220     <common>
 0004:00032224       _intGoodFSKSummationDecodes 00532224     <common>
 0004:00032228       _dblFSKTuningSNAvg         00532228     <common>
 0004:0003222c       _intGoodQAMFrameDataDecodes 0053222c     <common>
 0004:00032230       _dblAvgCorMaxToMaxProduct  00532230     <common>
 0004:00032234       _dblAvgBaselineSlow        00532234     <common>
 0004:00032328       _EncLen                    00532328     <common>
 0004:0003232c       _int8FSKQualityCnts        0053232c     <common>
 0004:00032330       _dttStartRTMeasure         00532330     <common>
 0004:00032334       _intQAMQuality             00532334     <common>
 0004:00032338       _int4FSKQualityCnts        00532338     <common>
 0004:0003233c       _intRepeatCnt              0053233c     <common>
 0004:00032340       _State                     00532340     <common>
 0004:00032360       _Corrected                 00532360     <common>
 0004:00032760       _intPSKQualityCnts         00532760     <common>
 0004:00032768       _intLastStop               00532768     <common>
 0004:0003276c       _int8FSKQuality            0053276c     <common>
 0004:00032770       _dttLastClear              00532770     <common>
 0004:00032774       _intPSKSymbolsDecoded      00532774     <common>
 0004:00032778       _dttLastBusy               00532778     <common>
 0004:0003277c       _int16FSKQualityCnts       0053277c     <common>
 0004:00032780       _blnErrorsCorrected        00532780     <common>
 0004:00032784       _intFSKSymbolsDecoded      00532784     <common>
 0004:00032788       _int16FSKQuality           00532788     <common>
 0004:0003278c       _intRepeatCount            0053278c     <common>
 0004:00032790       _intLastStart              00532790     <common>
 0004:00032794       _tmrSendTimeout            00532794     <common>
 0004:00032798       _intQAMSymbolsDecoded      00532798     <common>
 0004:0003279c       _intQAMQualityCnts         0053279c     <common>
 0004:000327a0       _dttCodecStarted           005327a0     <common>
 0004:000327a4       _ProtocolState             005327a4     <common>
 0004:000327a8       _int4FSKQuality            005327a8     <common>
 0004:000327ac       _dblAvgBaselineFast        005327ac     <common>
 0004:000327b0       _intLastRcvdFrameQuality   005327b0     <common>
 0004:000327b4       _newStatus                 005327b4     <common>
 0004:000327b8       _intPSKQuality             005327b8     <common>
 0004:000327c0       _dblAvgPk2BaselineRatio    005327c0     <common>
 0004:000327c4       _intCalcLeader             005327c4     <common>
 0004:000327c8       _blnBusyStatus             005327c8     <common>
 0004:000327cc       __pfnReportHook            005327cc     <common>
 0004:000327dc       __pReportHookListW         005327dc     <common>
 0004:000327e0       __pReportHookList          005327e0     <common>
 0004:000327e4       ___sbh_initialized         005327e4     <common>
 0004:000327f8       ___sbh_cntHeaderList       005327f8     <common>
 0004:000327fc       ___sbh_pHeaderList         005327fc     <common>
 0004:00032800       ___sbh_threshold           00532800     <common>
 0004:00032804       ___sbh_pHeaderScan         00532804     <common>
 0004:00032808       ___sbh_sizeHeaderList      00532808     <common>
 0004:0003280c       ___sbh_indGroupDefer       0053280c     <common>
 0004:00032810       ___active_heap             00532810     <common>
 0004:0003281c       __debugger_hook_dummy      0053281c     <common>
 0004:00032828       ___env_initialized         00532828     <common>
 0004:00032838       ___onexitend               00532838     <common>
 0004:0003283c       ___onexitbegin             0053283c     <common>
 0004:00032840       ___mbctype_initialized     00532840     <common>
 0004:00032844       ___dyn_tls_init_callback   00532844     <common>
 0004:00032848       __nhandle                  00532848     <common>
 0004:000328a0       ___pioinfo                 005328a0     <common>
 0004:000329a0       ___setlc_active            005329a0     <common>
 0004:000329b0       ___unguarded_readlc_active 005329b0     <common>
 0004:000329b4       ___use_sse2_mathfcns       005329b4     <common>
 0004:000329c4       ___sse2_available          005329c4     <common>
 0004:000329c8       __pmatherr                 005329c8     <common>
 0004:000329d4       __acmdln                   005329d4     <common>
 0004:000329e0       ___piob                    005329e0     <common>
 0004:00032d20       __bufin                    00532d20     <common>
 0004:00033d20       __nstream                  00533d20     <common>
 0005:00000000       __IMPORT_DESCRIPTOR_KERNEL32 00534000     kernel32:KERNEL32.dll
 0005:00000014       __IMPORT_DESCRIPTOR_WINMM  00534014     winmm:WINMM.dll
 0005:00000028       __NULL_IMPORT_DESCRIPTOR   00534028     kernel32:KERNEL32.dll
 0005:000002bc       __imp__QueryPerformanceCounter@4 005342bc     kernel32:KERNEL32.dll
 0005:000002c0       __imp__QueryPerformanceFrequency@4 005342c0     kernel32:KERNEL32.dll
 0005:000002c4       __imp__Sleep@4             005342c4     kernel32:KERNEL32.dll
 0005:000002c8       __imp__GetFileType@4       005342c8     kernel32:KERNEL32.dll
 0005:000002cc       __imp__GetLastError@0      005342cc     kernel32:KERNEL32.dll
 0005:000002d0       __imp__CreateFileA@28      005342d0     kernel32:KERNEL32.dll
 0005:000002d4       __imp__WriteFile@20        005342d4     kernel32:KERNEL32.dll
 0005:000002d8       __imp__ReadFile@20         005342d8     kernel32:KERNEL32.dll
 0005:000002dc       __imp__CloseHandle@4       005342dc     kernel32:KERNEL32.dll
 0005:000002e0       __imp__PeekNamedPipe@24    005342e0     kernel32:KERNEL32.dll
 0005:000002e4       __imp__CompareStringW@24   005342e4     kernel32:KERNEL32.dll
 0005:000002e8       __imp__CompareStringA@24   005342e8     kernel32:KERNEL32.dll
 0005:000002ec       __imp__SetEndOfFile@4      005342ec     kernel32:KERNEL32.dll
 0005:000002f0       __imp__GetLocaleInfoW@16   005342f0     kernel32:KERNEL32.dll
 0005:000002f4       __imp__GetConsoleOutputCP@0 005342f4     kernel32:KERNEL32.dll
 0005:000002f8       __imp__WriteConsoleA@20    005342f8     kernel32:KERNEL32.dll
 0005:000002fc       __imp__SetStdHandle@8      005342fc     kernel32:KERNEL32.dll
 0005:00000300       __imp__FlushFileBuffers@4  00534300     kernel32:KERNEL32.dll
 0005:00000304       __imp__InterlockedExchange@8 00534304     kernel32:KERNEL32.dll
 0005:00000308       __imp__InitializeCriticalSection@4 00534308     kernel32:KERNEL32.dll
 0005:0000030c       __imp__LoadLibraryW@4      0053430c     kernel32:KERNEL32.dll
 0005:00000310       __imp__SetConsoleCtrlHandler@8 00534310     kernel32:KERNEL32.dll
 0005:00000314       __imp__OutputDebugStringW@4 00534314     kernel32:KERNEL32.dll
 0005:00000318       __imp__WriteConsoleW@20    00534318     kernel32:KERNEL32.dll
 0005:0000031c       __imp__OutputDebugStringA@4 0053431c     kernel32:KERNEL32.dll
 0005:00000320       __imp__SetFilePointer@16   00534320     kernel32:KERNEL32.dll
 0005:00000324       __imp__GetUserDefaultLCID@0 00534324     kernel32:KERNEL32.dll
 0005:00000328       __imp__EnumSystemLocalesA@8 00534328     kernel32:KERNEL32.dll
 0005:0000032c       __imp__IsValidLocale@8     0053432c     kernel32:KERNEL32.dll
 0005:00000330       __imp__RaiseException@16   00534330     kernel32:KERNEL32.dll
 0005:00000334       __imp__DebugBreak@0        00534334     kernel32:KERNEL32.dll
 0005:00000338       __imp__WideCharToMultiByte@32 00534338     kernel32:KERNEL32.dll
 0005:0000033c       __imp__IsDebuggerPresent@0 0053433c     kernel32:KERNEL32.dll
 0005:00000340       __imp__MultiByteToWideChar@24 00534340     kernel32:KERNEL32.dll
 0005:00000344       __imp__lstrlenA@4          00534344     kernel32:KERNEL32.dll
 0005:00000348       __imp__GetProcAddress@8    00534348     kernel32:KERNEL32.dll
 0005:0000034c       __imp__LoadLibraryA@4      0053434c     kernel32:KERNEL32.dll
 0005:00000350       __imp__EnterCriticalSection@4 00534350     kernel32:KERNEL32.dll
 0005:00000354       __imp__LeaveCriticalSection@4 00534354     kernel32:KERNEL32.dll
 0005:00000358       __imp__HeapValidate@12     00534358     kernel32:KERNEL32.dll
 0005:0000035c       __imp__IsBadReadPtr@8      0053435c     kernel32:KERNEL32.dll
 0005:00000360       __imp__GetTimeFormatA@24   00534360     kernel32:KERNEL32.dll
 0005:00000364       __imp__GetDateFormatA@24   00534364     kernel32:KERNEL32.dll
 0005:00000368       __imp__GetSystemTimeAsFileTime@4 00534368     kernel32:KERNEL32.dll
 0005:0000036c       __imp__GetCommandLineA@0   0053436c     kernel32:KERNEL32.dll
 0005:00000370       __imp__HeapFree@12         00534370     kernel32:KERNEL32.dll
 0005:00000374       __imp__GetVersionExA@4     00534374     kernel32:KERNEL32.dll
 0005:00000378       __imp__HeapAlloc@12        00534378     kernel32:KERNEL32.dll
 0005:0000037c       __imp__GetProcessHeap@0    0053437c     kernel32:KERNEL32.dll
 0005:00000380       __imp__GetModuleHandleA@4  00534380     kernel32:KERNEL32.dll
 0005:00000384       __imp__InterlockedIncrement@4 00534384     kernel32:KERNEL32.dll
 0005:00000388       __imp__InterlockedDecrement@4 00534388     kernel32:KERNEL32.dll
 0005:0000038c       __imp__GetACP@0            0053438c     kernel32:KERNEL32.dll
 0005:00000390       __imp__GetOEMCP@0          00534390     kernel32:KERNEL32.dll
 0005:00000394       __imp__GetCPInfo@8         00534394     kernel32:KERNEL32.dll
 0005:00000398       __imp__IsValidCodePage@4   00534398     kernel32:KERNEL32.dll
 0005:0000039c       __imp__TlsGetValue@4       0053439c     kernel32:KERNEL32.dll
 0005:000003a0       __imp__TlsAlloc@0          005343a0     kernel32:KERNEL32.dll
 0005:000003a4       __imp__TlsSetValue@8       005343a4     kernel32:KERNEL32.dll
 0005:000003a8       __imp__GetCurrentThreadId@0 005343a8     kernel32:KERNEL32.dll
 0005:000003ac       __imp__TlsFree@4           005343ac     kernel32:KERNEL32.dll
 0005:000003b0       __imp__SetLastError@4      005343b0     kernel32:KERNEL32.dll
 0005:000003b4       __imp__GetCurrentThread@0  005343b4     kernel32:KERNEL32.dll
 0005:000003b8       __imp__TerminateProcess@8  005343b8     kernel32:KERNEL32.dll
 0005:000003bc       __imp__GetCurrentProcess@0 005343bc     kernel32:KERNEL32.dll
 0005:000003c0       __imp__UnhandledExceptionFilter@4 005343c0     kernel32:KERNEL32.dll
 0005:000003c4       __imp__SetUnhandledExceptionFilter@4 005343c4     kernel32:KERNEL32.dll
 0005:000003c8       __imp__GetModuleFileNameW@12 005343c8     kernel32:KERNEL32.dll
 0005:000003cc       __imp__VirtualQuery@12     005343cc     kernel32:KERNEL32.dll
 0005:000003d0       __imp__FreeLibrary@4       005343d0     kernel32:KERNEL32.dll
 0005:000003d4       __imp__SetHandleCount@4    005343d4     kernel32:KERNEL32.dll
 0005:000003d8       __imp__GetStdHandle@4      005343d8     kernel32:KERNEL32.dll
 0005:000003dc       __imp__GetStartupInfoA@4   005343dc     kernel32:KERNEL32.dll
 0005:000003e0       __imp__DeleteCriticalSection@4 005343e0     kernel32:KERNEL32.dll
 0005:000003e4       __imp__ExitProcess@4       005343e4     kernel32:KERNEL32.dll
 0005:000003e8       __imp__FatalAppExitA@8     005343e8     kernel32:KERNEL32.dll
 0005:000003ec       __imp__LCMapStringA@24     005343ec     kernel32:KERNEL32.dll
 0005:000003f0       __imp__LCMapStringW@24     005343f0     kernel32:KERNEL32.dll
 0005:000003f4       __imp__GetModuleFileNameA@12 005343f4     kernel32:KERNEL32.dll
 0005:000003f8       __imp__HeapReAlloc@16      005343f8     kernel32:KERNEL32.dll
 0005:000003fc       __imp__HeapDestroy@4       005343fc     kernel32:KERNEL32.dll
 0005:00000400       __imp__HeapCreate@12       00534400     kernel32:KERNEL32.dll
 0005:00000404       __imp__VirtualFree@12      00534404     kernel32:KERNEL32.dll
 0005:00000408       __imp__VirtualAlloc@16     00534408     kernel32:KERNEL32.dll
 0005:0000040c       __imp__GetTimeZoneInformation@4 0053440c     kernel32:KERNEL32.dll
 0005:00000410       __imp__RtlUnwind@16        00534410     kernel32:KERNEL32.dll
 0005:00000414       __imp__GetConsoleCP@0      00534414     kernel32:KERNEL32.dll
 0005:00000418       __imp__GetConsoleMode@8    00534418     kernel32:KERNEL32.dll
 0005:0000041c       __imp__GetTickCount@0      0053441c     kernel32:KERNEL32.dll
 0005:00000420       __imp__GetCurrentProcessId@0 00534420     kernel32:KERNEL32.dll
 0005:00000424       __imp__FreeEnvironmentStringsA@4 00534424     kernel32:KERNEL32.dll
 0005:00000428       __imp__GetEnvironmentStrings@0 00534428     kernel32:KERNEL32.dll
 0005:0000042c       __imp__FreeEnvironmentStringsW@4 0053442c     kernel32:KERNEL32.dll
 0005:00000430       __imp__GetEnvironmentStringsW@0 00534430     kernel32:KERNEL32.dll
 0005:00000434       __imp__GetStringTypeA@20   00534434     kernel32:KERNEL32.dll
 0005:00000438       __imp__GetStringTypeW@16   00534438     kernel32:KERNEL32.dll
 0005:0000043c       __imp__GetLocaleInfoA@16   0053443c     kernel32:KERNEL32.dll
 0005:00000440       __imp__SetEnvironmentVariableA@8 00534440     kernel32:KERNEL32.dll
 0005:00000444       \177KERNEL32_NULL_THUNK_DATA 00534444     kernel32:KERNEL32.dll
 0005:000004bc       __imp__waveInUnprepareHeader@12 005344bc     winmm:WINMM.dll
 0005:000004c0       __imp__waveInPrepareHeader@12 005344c0     winmm:WINMM.dll
 0005:000004c4       __imp__waveInAddBuffer@12  005344c4     winmm:WINMM.dll
 0005:000004c8       __imp__waveInStart@4       005344c8     winmm:WINMM.dll
 0005:000004cc       __imp__waveInGetNumDevs@0  005344cc     winmm:WINMM.dll
 0005:000004d0       __imp__waveInOpen@24       005344d0     winmm:WINMM.dll
 0005:000004d4       __imp__waveInGetDevCapsA@12 005344d4     winmm:WINMM.dll
 0005:000004d8       __imp__waveInClose@4       005344d8     winmm:WINMM.dll
 0005:000004dc       __imp__waveOutGetNumDevs@0 005344dc     winmm:WINMM.dll
 0005:000004e0       __imp__waveOutOpen@24      005344e0     winmm:WINMM.dll
 0005:000004e4       __imp__waveOutGetDevCapsA@12 005344e4     winmm:WINMM.dll
 0005:000004e8       __imp__waveOutClose@4      005344e8     winmm:WINMM.dll
 0005:000004ec       __imp__waveOutPrepareHeader@12 005344ec     winmm:WINMM.dll
 0005:000004f0       __imp__waveOutWrite@12     005344f0     winmm:WINMM.dll
 0005:000004f4       __imp__waveOutUnprepareHeader@12 005344f4     winmm:WINMM.dll
 0005:000004f8       __imp__timeGetDevCaps@8    005344f8     winmm:WINMM.dll
 0005:000004fc       __imp__timeBeginPeriod@4   005344fc     winmm:WINMM.dll
 0005:00000500       __imp__timeGetTime@0       00534500     winmm:WINMM.dll
 0005:00000504       \177WINMM_NULL_THUNK_DATA  00534504     winmm:WINMM.dll

 entry point at        0002:00000ef6

